Component: ARM Compiler 5.06 update 6 (build 750) Tool: armlink [4d35ed]

==============================================================================

Section Cross References

    startup_stm32f103xe.o(RESET) refers to startup_stm32f103xe.o(STACK) for __initial_sp
    startup_stm32f103xe.o(RESET) refers to startup_stm32f103xe.o(.text) for Reset_Handler
    startup_stm32f103xe.o(RESET) refers to stm32f1xx_it.o(i.NMI_Handler) for NMI_Handler
    startup_stm32f103xe.o(RESET) refers to stm32f1xx_it.o(i.HardFault_Handler) for HardFault_Handler
    startup_stm32f103xe.o(RESET) refers to stm32f1xx_it.o(i.MemManage_Handler) for MemManage_Handler
    startup_stm32f103xe.o(RESET) refers to stm32f1xx_it.o(i.BusFault_Handler) for BusFault_Handler
    startup_stm32f103xe.o(RESET) refers to stm32f1xx_it.o(i.UsageFault_Handler) for UsageFault_Handler
    startup_stm32f103xe.o(RESET) refers to stm32f1xx_it.o(i.SVC_Handler) for SVC_Handler
    startup_stm32f103xe.o(RESET) refers to stm32f1xx_it.o(i.DebugMon_Handler) for DebugMon_Handler
    startup_stm32f103xe.o(RESET) refers to stm32f1xx_it.o(i.PendSV_Handler) for PendSV_Handler
    startup_stm32f103xe.o(RESET) refers to stm32f1xx_it.o(i.SysTick_Handler) for SysTick_Handler
    startup_stm32f103xe.o(RESET) refers to stm32f1xx_it.o(i.DMA1_Channel1_IRQHandler) for DMA1_Channel1_IRQHandler
    startup_stm32f103xe.o(RESET) refers to stm32f1xx_it.o(i.USB_LP_CAN1_RX0_IRQHandler) for USB_LP_CAN1_RX0_IRQHandler
    startup_stm32f103xe.o(.text) refers to system_stm32f1xx.o(i.SystemInit) for SystemInit
    startup_stm32f103xe.o(.text) refers to entry.o(.ARM.Collect$$$$00000000) for __main
    main.o(i.MX_ADC1_Init) refers to stm32f1xx_hal_adc.o(i.HAL_ADC_Init) for HAL_ADC_Init
    main.o(i.MX_ADC1_Init) refers to stm32f1xx_hal_adc.o(i.HAL_ADC_ConfigChannel) for HAL_ADC_ConfigChannel
    main.o(i.MX_ADC1_Init) refers to main.o(.bss) for .bss
    main.o(i.MX_GPIO_Init) refers to stm32f1xx_hal_gpio.o(i.HAL_GPIO_Init) for HAL_GPIO_Init
    main.o(i.MX_TIM1_Init) refers to memseta.o(.text) for __aeabi_memclr4
    main.o(i.MX_TIM1_Init) refers to stm32f1xx_hal_tim.o(i.HAL_TIM_PWM_Init) for HAL_TIM_PWM_Init
    main.o(i.MX_TIM1_Init) refers to stm32f1xx_hal_tim_ex.o(i.HAL_TIMEx_MasterConfigSynchronization) for HAL_TIMEx_MasterConfigSynchronization
    main.o(i.MX_TIM1_Init) refers to stm32f1xx_hal_tim.o(i.HAL_TIM_PWM_ConfigChannel) for HAL_TIM_PWM_ConfigChannel
    main.o(i.MX_TIM1_Init) refers to stm32f1xx_hal_tim_ex.o(i.HAL_TIMEx_ConfigBreakDeadTime) for HAL_TIMEx_ConfigBreakDeadTime
    main.o(i.MX_TIM1_Init) refers to stm32f1xx_hal_msp.o(i.HAL_TIM_MspPostInit) for HAL_TIM_MspPostInit
    main.o(i.MX_TIM1_Init) refers to main.o(.bss) for .bss
    main.o(i.MX_TIM3_Init) refers to stm32f1xx_hal_tim.o(i.HAL_TIM_Base_Init) for HAL_TIM_Base_Init
    main.o(i.MX_TIM3_Init) refers to stm32f1xx_hal_tim.o(i.HAL_TIM_ConfigClockSource) for HAL_TIM_ConfigClockSource
    main.o(i.MX_TIM3_Init) refers to stm32f1xx_hal_tim_ex.o(i.HAL_TIMEx_MasterConfigSynchronization) for HAL_TIMEx_MasterConfigSynchronization
    main.o(i.MX_TIM3_Init) refers to main.o(.bss) for .bss
    main.o(i.SystemClock_Config) refers to memseta.o(.text) for __aeabi_memclr4
    main.o(i.SystemClock_Config) refers to stm32f1xx_hal_rcc.o(i.HAL_RCC_OscConfig) for HAL_RCC_OscConfig
    main.o(i.SystemClock_Config) refers to stm32f1xx_hal_rcc.o(i.HAL_RCC_ClockConfig) for HAL_RCC_ClockConfig
    main.o(i.SystemClock_Config) refers to stm32f1xx_hal_rcc_ex.o(i.HAL_RCCEx_PeriphCLKConfig) for HAL_RCCEx_PeriphCLKConfig
    main.o(i.main) refers to stm32f1xx_hal.o(i.HAL_Init) for HAL_Init
    main.o(i.main) refers to main.o(i.SystemClock_Config) for SystemClock_Config
    main.o(i.main) refers to main.o(i.MX_GPIO_Init) for MX_GPIO_Init
    main.o(i.main) refers to stm32f1xx_hal_cortex.o(i.HAL_NVIC_SetPriority) for HAL_NVIC_SetPriority
    main.o(i.main) refers to stm32f1xx_hal_cortex.o(i.HAL_NVIC_EnableIRQ) for HAL_NVIC_EnableIRQ
    main.o(i.main) refers to main.o(i.MX_ADC1_Init) for MX_ADC1_Init
    main.o(i.main) refers to main.o(i.MX_TIM3_Init) for MX_TIM3_Init
    main.o(i.main) refers to usb_device.o(i.MX_USB_DEVICE_Init) for MX_USB_DEVICE_Init
    main.o(i.main) refers to main.o(i.MX_TIM1_Init) for MX_TIM1_Init
    main.o(i.main) refers to stm32f1xx_hal_adc.o(i.HAL_ADC_Start_DMA) for HAL_ADC_Start_DMA
    main.o(i.main) refers to stm32f1xx_hal_tim.o(i.HAL_TIM_Base_Start) for HAL_TIM_Base_Start
    main.o(i.main) refers to stm32f1xx_hal_tim.o(i.HAL_TIM_PWM_Start) for HAL_TIM_PWM_Start
    main.o(i.main) refers to dfltui.o(.text) for __aeabi_ui2d
    main.o(i.main) refers to dmul.o(.text) for __aeabi_dmul
    main.o(i.main) refers to dscalb.o(.text) for __ARM_scalbn
    main.o(i.main) refers to printfa.o(i.__0sprintf) for __2sprintf
    main.o(i.main) refers to usbd_cdc_if.o(i.CDC_Transmit_FS) for CDC_Transmit_FS
    main.o(i.main) refers to stm32f1xx_hal.o(i.HAL_Delay) for HAL_Delay
[...]
    i.HAL_DMA_IRQHandler                     0x08000fc0   Section        0  stm32f1xx_hal_dma.o(i.HAL_DMA_IRQHandler)
    i.HAL_DMA_Init                           0x08001208   Section        0  stm32f1xx_hal_dma.o(i.HAL_DMA_Init)
    i.HAL_DMA_Start_IT                       0x080013b8   Section        0  stm32f1xx_hal_dma.o(i.HAL_DMA_Start_IT)
    i.HAL_Delay                              0x08001484   Section        0  stm32f1xx_hal.o(i.HAL_Delay)
    i.HAL_GPIO_Init                          0x080014a8   Section        0  stm32f1xx_hal_gpio.o(i.HAL_GPIO_Init)
    i.HAL_GetTick                            0x080017f4   Section        0  stm32f1xx_hal.o(i.HAL_GetTick)
    i.HAL_IncTick                            0x08001800   Section        0  stm32f1xx_hal.o(i.HAL_IncTick)
    i.HAL_Init                               0x08001810   Section        0  stm32f1xx_hal.o(i.HAL_Init)
    i.HAL_InitTick                           0x08001834   Section        0  stm32f1xx_hal.o(i.HAL_InitTick)
    i.HAL_MspInit                            0x08001874   Section        0  stm32f1xx_hal_msp.o(i.HAL_MspInit)
    i.HAL_NVIC_EnableIRQ                     0x080018b0   Section        0  stm32f1xx_hal_cortex.o(i.HAL_NVIC_EnableIRQ)
    i.HAL_NVIC_SetPriority                   0x08001914   Section        0  stm32f1xx_hal_cortex.o(i.HAL_NVIC_SetPriority)
    i.HAL_NVIC_SetPriorityGrouping           0x080019b4   Section        0  stm32f1xx_hal_cortex.o(i.HAL_NVIC_SetPriorityGrouping)
    i.HAL_PCDEx_PMAConfig                    0x08001a34   Section        0  stm32f1xx_hal_pcd_ex.o(i.HAL_PCDEx_PMAConfig)
    i.HAL_PCDEx_SetConnectionState           0x08001a70   Section        0  usbd_conf.o(i.HAL_PCDEx_SetConnectionState)
    i.HAL_PCD_DataInStageCallback            0x08001a72   Section        0  usbd_conf.o(i.HAL_PCD_DataInStageCallback)
    i.HAL_PCD_DataOutStageCallback           0x08001a84   Section        0  usbd_conf.o(i.HAL_PCD_DataOutStageCallback)
    i.HAL_PCD_EP_Close                       0x08001a98   Section        0  stm32f1xx_hal_pcd.o(i.HAL_PCD_EP_Close)
    i.HAL_PCD_EP_ClrStall                    0x08001ae4   Section        0  stm32f1xx_hal_pcd.o(i.HAL_PCD_EP_ClrStall)
    i.HAL_PCD_EP_DB_Receive                  0x08001b40   Section        0  stm32f1xx_hal_pcd.o(i.HAL_PCD_EP_DB_Receive)
    HAL_PCD_EP_DB_Receive                    0x08001b41   Thumb Code   230  stm32f1xx_hal_pcd.o(i.HAL_PCD_EP_DB_Receive)
    i.HAL_PCD_EP_DB_Transmit                 0x08001c26   Section        0  stm32f1xx_hal_pcd.o(i.HAL_PCD_EP_DB_Transmit)
    HAL_PCD_EP_DB_Transmit                   0x08001c27   Thumb Code   544  stm32f1xx_hal_pcd.o(i.HAL_PCD_EP_DB_Transmit)
    i.HAL_PCD_EP_GetRxCount                  0x08001e46   Section        0  stm32f1xx_hal_pcd.o(i.HAL_PCD_EP_GetRxCount)
    i.HAL_PCD_EP_Open                        0x08001e58   Section        0  stm32f1xx_hal_pcd.o(i.HAL_PCD_EP_Open)
    i.HAL_PCD_EP_Receive                     0x08001eb8   Section        0  stm32f1xx_hal_pcd.o(i.HAL_PCD_EP_Receive)
    i.HAL_PCD_EP_SetStall                    0x08001eea   Section        0  stm32f1xx_hal_pcd.o(i.HAL_PCD_EP_SetStall)
    i.HAL_PCD_EP_Transmit                    0x08001f5c   Section        0  stm32f1xx_hal_pcd.o(i.HAL_PCD_EP_Transmit)
    i.HAL_PCD_IRQHandler                     0x08001f90   Section        0  stm32f1xx_hal_pcd.o(i.HAL_PCD_IRQHandler)
    i.HAL_PCD_Init                           0x080020e4   Section        0  stm32f1xx_hal_pcd.o(i.HAL_PCD_Init)
    i.HAL_PCD_MspInit                        0x0800220c   Section        0  usbd_conf.o(i.HAL_PCD_MspInit)
    i.HAL_PCD_ResetCallback                  0x08002248   Section        0  usbd_conf.o(i.HAL_PCD_ResetCallback)
    i.HAL_PCD_ResumeCallback                 0x0800226e   Section        0  usbd_conf.o(i.HAL_PCD_ResumeCallback)
    i.HAL_PCD_SOFCallback                    0x08002276   Section        0  usbd_conf.o(i.HAL_PCD_SOFCallback)
    i.HAL_PCD_SetAddress                     0x0800227e   Section        0  stm32f1xx_hal_pcd.o(i.HAL_PCD_SetAddress)
    i.HAL_PCD_SetupStageCallback             0x080022a6   Section        0  usbd_conf.o(i.HAL_PCD_SetupStageCallback)
    i.HAL_PCD_Start                          0x080022b4   Section        0  stm32f1xx_hal_pcd.o(i.HAL_PCD_Start)
    i.HAL_PCD_SuspendCallback                0x080022e8   Section        0  usbd_conf.o(i.HAL_PCD_SuspendCallback)
    i.HAL_RCCEx_PeriphCLKConfig              0x0800230c   Section        0  stm32f1xx_hal_rcc_ex.o(i.HAL_RCCEx_PeriphCLKConfig)
    i.HAL_RCC_ClockConfig                    0x080024a8   Section        0  stm32f1xx_hal_rcc.o(i.HAL_RCC_ClockConfig)
    i.HAL_RCC_GetSysClockFreq                0x080026d4   Section        0  stm32f1xx_hal_rcc.o(i.HAL_RCC_GetSysClockFreq)
    i.HAL_RCC_OscConfig                      0x08002740   Section        0  stm32f1xx_hal_rcc.o(i.HAL_RCC_OscConfig)
    i.HAL_SYSTICK_Config                     0x08002bce   Section        0  stm32f1xx_hal_cortex.o(i.HAL_SYSTICK_Config)
    i.HAL_TIMEx_ConfigBreakDeadTime          0x08002bf8   Section        0  stm32f1xx_hal_tim_ex.o(i.HAL_TIMEx_ConfigBreakDeadTime)
    i.HAL_TIMEx_MasterConfigSynchronization  0x08002d40   Section        0  stm32f1xx_hal_tim_ex.o(i.HAL_TIMEx_MasterConfigSynchronization)
    i.HAL_TIM_Base_Init                      0x08002e7c   Section        0  stm32f1xx_hal_tim.o(i.HAL_TIM_Base_Init)
    i.HAL_TIM_Base_MspInit                   0x08002fb0   Section        0  stm32f1xx_hal_msp.o(i.HAL_TIM_Base_MspInit)
    i.HAL_TIM_Base_Start                     0x08002fd8   Section        0  stm32f1xx_hal_tim.o(i.HAL_TIM_Base_Start)
    i.HAL_TIM_ConfigClockSource              0x080030b8   Section        0  stm32f1xx_hal_tim.o(i.HAL_TIM_ConfigClockSource)
    i.HAL_TIM_MspPostInit                    0x08003448   Section        0  stm32f1xx_hal_msp.o(i.HAL_TIM_MspPostInit)
    i.HAL_TIM_PWM_ConfigChannel              0x08003494   Section        0  stm32f1xx_hal_tim.o(i.HAL_TIM_PWM_ConfigChannel)
    i.HAL_TIM_PWM_Init                       0x080036a8   Section        0  stm32f1xx_hal_tim.o(i.HAL_TIM_PWM_Init)
    i.HAL_TIM_PWM_MspInit                    0x080037dc   Section        0  stm32f1xx_hal_msp.o(i.HAL_TIM_PWM_MspInit)
    i.HAL_TIM_PWM_Start                      0x08003804   Section        0  stm32f1xx_hal_tim.o(i.HAL_TIM_PWM_Start)
    i.HardFault_Handler                      0x08003970   Section        0  stm32f1xx_it.o(i.HardFault_Handler)
    i.IntToUnicode                           0x08003974   Section        0  usbd_desc.o(i.IntToUnicode)
    IntToUnicode                             0x08003975   Thumb Code    56  usbd_desc.o(i.IntToUnicode)
    i.MX_ADC1_Init                           0x080039ac   Section        0  main.o(i.MX_ADC1_Init)
    MX_ADC1_Init                             0x080039ad   Thumb Code    54  main.o(i.MX_ADC1_Init)
    i.MX_GPIO_Init                           0x080039ec   Section        0  main.o(i.MX_GPIO_Init)
    MX_GPIO_Init                             0x080039ed   Thumb Code   140  main.o(i.MX_GPIO_Init)
    i.MX_TIM1_Init                           0x08003a8c   Section        0  main.o(i.MX_TIM1_Init)
    MX_TIM1_Init                             0x08003a8d   Thumb Code   134  main.o(i.MX_TIM1_Init)
    i.MX_TIM3_Init                           0x08003b1c   Section        0  main.o(i.MX_TIM3_Init)
    MX_TIM3_Init                             0x08003b1d   Thumb Code    76  main.o(i.MX_TIM3_Init)
    i.MX_USB_DEVICE_Init                     0x08003b70   Section        0  usb_device.o(i.MX_USB_DEVICE_Init)
    i.MemManage_Handler                      0x08003bc4   Section        0  stm32f1xx_it.o(i.MemManage_Handler)
    i.NMI_Handler                            0x08003bc6   Section        0  stm32f1xx_it.o(i.NMI_Handler)
    i.PCD_EP_ISR_Handler                     0x08003bc8   Section        0  stm32f1xx_hal_pcd.o(i.PCD_EP_ISR_Handler)
    PCD_EP_ISR_Handler                       0x08003bc9   Thumb Code   764  stm32f1xx_hal_pcd.o(i.PCD_EP_ISR_Handler)
    i.PendSV_Handler                         0x08003ec4   Section        0  stm32f1xx_it.o(i.PendSV_Handler)
    i.SVC_Handler                            0x08003ec6   Section        0  stm32f1xx_it.o(i.SVC_Handler)
    i.SysTick_Handler                        0x08003ec8   Section        0  stm32f1xx_it.o(i.SysTick_Handler)
    i.SystemClock_Config                     0x08003ecc   Section        0  main.o(i.SystemClock_Config)
    i.SystemInit                             0x08003f32   Section        0  system_stm32f1xx.o(i.SystemInit)
    i.TIM_Base_SetConfig                     0x08003f34   Section        0  stm32f1xx_hal_tim.o(i.TIM_Base_SetConfig)
    i.TIM_CCxChannelCmd                      0x08003fc0   Section        0  stm32f1xx_hal_tim.o(i.TIM_CCxChannelCmd)
    i.TIM_ETR_SetConfig                      0x08004078   Section        0  stm32f1xx_hal_tim.o(i.TIM_ETR_SetConfig)
    i.TIM_ITRx_SetConfig                     0x0800408c   Section        0  stm32f1xx_hal_tim.o(i.TIM_ITRx_SetConfig)
    TIM_ITRx_SetConfig                       0x0800408d   Thumb Code    16  stm32f1xx_hal_tim.o(i.TIM_ITRx_SetConfig)
    i.TIM_OC1_SetConfig                      0x0800409c   Section        0  stm32f1xx_hal_tim.o(i.TIM_OC1_SetConfig)
    TIM_OC1_SetConfig                        0x0800409d   Thumb Code   162  stm32f1xx_hal_tim.o(i.TIM_OC1_SetConfig)
    i.TIM_OC2_SetConfig                      0x08004180   Section        0  stm32f1xx_hal_tim.o(i.TIM_OC2_SetConfig)
    i.TIM_OC3_SetConfig                      0x0800426c   Section        0  stm32f1xx_hal_tim.o(i.TIM_OC3_SetConfig)
    TIM_OC3_SetConfig                        0x0800426d   Thumb Code   170  stm32f1xx_hal_tim.o(i.TIM_OC3_SetConfig)
    i.TIM_OC4_SetConfig                      0x08004358   Section        0  stm32f1xx_hal_tim.o(i.TIM_OC4_SetConfig)
    TIM_OC4_SetConfig                        0x08004359   Thumb Code   100  stm32f1xx_hal_tim.o(i.TIM_OC4_SetConfig)
    i.TIM_TI1_ConfigInputStage               0x080043fc   Section        0  stm32f1xx_hal_tim.o(i.TIM_TI1_ConfigInputStage)
    TIM_TI1_ConfigInputStage                 0x080043fd   Thumb Code    34  stm32f1xx_hal_tim.o(i.TIM_TI1_ConfigInputStage)
    i.TIM_TI2_ConfigInputStage               0x0800441e   Section        0  stm32f1xx_hal_tim.o(i.TIM_TI2_ConfigInputStage)
    TIM_TI2_ConfigInputStage                 0x0800441f   Thumb Code    36  stm32f1xx_hal_tim.o(i.TIM_TI2_ConfigInputStage)
    i.USBD_CDC_DataIn                        0x08004442   Section        0  usbd_cdc.o(i.USBD_CDC_DataIn)
    USBD_CDC_DataIn                          0x08004443   Thumb Code    70  usbd_cdc.o(i.USBD_CDC_DataIn)
    i.USBD_CDC_DataOut                       0x08004488   Section        0  usbd_cdc.o(i.USBD_CDC_DataOut)
    USBD_CDC_DataOut                         0x08004489   Thumb Code    46  usbd_cdc.o(i.USBD_CDC_DataOut)
    i.USBD_CDC_DeInit                        0x080044b6   Section        0  usbd_cdc.o(i.USBD_CDC_DeInit)
    USBD_CDC_DeInit                          0x080044b7   Thumb Code    68  usbd_cdc.o(i.USBD_CDC_DeInit)
    i.USBD_CDC_EP0_RxReady                   0x080044fa   Section        0  usbd_cdc.o(i.USBD_CDC_EP0_RxReady)
    USBD_CDC_EP0_RxReady                     0x080044fb   Thumb Code    36  usbd_cdc.o(i.USBD_CDC_EP0_RxReady)
    i.USBD_CDC_GetDeviceQualifierDescriptor  0x08004520   Section        0  usbd_cdc.o(i.USBD_CDC_GetDeviceQualifierDescriptor)
    i.USBD_CDC_GetFSCfgDesc                  0x0800452c   Section        0  usbd_cdc.o(i.USBD_CDC_GetFSCfgDesc)
    USBD_CDC_GetFSCfgDesc                    0x0800452d   Thumb Code     8  usbd_cdc.o(i.USBD_CDC_GetFSCfgDesc)
    i.USBD_CDC_GetHSCfgDesc                  0x08004538   Section        0  usbd_cdc.o(i.USBD_CDC_GetHSCfgDesc)
    USBD_CDC_GetHSCfgDesc                    0x08004539   Thumb Code     8  usbd_cdc.o(i.USBD_CDC_GetHSCfgDesc)
    i.USBD_CDC_GetOtherSpeedCfgDesc          0x08004544   Section        0  usbd_cdc.o(i.USBD_CDC_GetOtherSpeedCfgDesc)
    USBD_CDC_GetOtherSpeedCfgDesc            0x08004545   Thumb Code     8  usbd_cdc.o(i.USBD_CDC_GetOtherSpeedCfgDesc)
    i.USBD_CDC_Init                          0x08004550   Section        0  usbd_cdc.o(i.USBD_CDC_Init)
    USBD_CDC_Init                            0x08004551   Thumb Code   148  usbd_cdc.o(i.USBD_CDC_Init)
    i.USBD_CDC_ReceivePacket                 0x080045e4   Section        0  usbd_cdc.o(i.USBD_CDC_ReceivePacket)
    i.USBD_CDC_RegisterInterface             0x0800460c   Section        0  usbd_cdc.o(i.USBD_CDC_RegisterInterface)
    i.USBD_CDC_SetRxBuffer                   0x0800461c   Section        0  usbd_cdc.o(i.USBD_CDC_SetRxBuffer)
    i.USBD_CDC_SetTxBuffer                   0x08004628   Section        0  usbd_cdc.o(i.USBD_CDC_SetTxBuffer)
    i.USBD_CDC_Setup                         0x08004638   Section        0  usbd_cdc.o(i.USBD_CDC_Setup)
    USBD_CDC_Setup                           0x08004639   Thumb Code   172  usbd_cdc.o(i.USBD_CDC_Setup)
    i.USBD_CDC_TransmitPacket                0x080046e4   Section        0  usbd_cdc.o(i.USBD_CDC_TransmitPacket)
    i.USBD_ClrClassConfig                    0x0800471a   Section        0  usbd_core.o(i.USBD_ClrClassConfig)
    i.USBD_CtlContinueRx                     0x08004728   Section        0  usbd_ioreq.o(i.USBD_CtlContinueRx)
    i.USBD_CtlContinueSendData               0x08004738   Section        0  usbd_ioreq.o(i.USBD_CtlContinueSendData)
    i.USBD_CtlError                          0x08004748   Section        0  usbd_ctlreq.o(i.USBD_CtlError)
    i.USBD_CtlPrepareRx                      0x0800475e   Section        0  usbd_ioreq.o(i.USBD_CtlPrepareRx)
    i.USBD_CtlReceiveStatus                  0x0800477c   Section        0  usbd_ioreq.o(i.USBD_CtlReceiveStatus)
    i.USBD_CtlSendData                       0x08004792   Section        0  usbd_ioreq.o(i.USBD_CtlSendData)
    i.USBD_CtlSendStatus                     0x080047ac   Section        0  usbd_ioreq.o(i.USBD_CtlSendStatus)
    i.USBD_FS_ConfigStrDescriptor            0x080047c4   Section        0  usbd_desc.o(i.USBD_FS_ConfigStrDescriptor)
    i.USBD_FS_DeviceDescriptor               0x080047e4   Section        0  usbd_desc.o(i.USBD_FS_DeviceDescriptor)
    i.USBD_FS_InterfaceStrDescriptor         0x080047f0   Section        0  usbd_desc.o(i.USBD_FS_InterfaceStrDescriptor)
    i.USBD_FS_LangIDStrDescriptor            0x08004814   Section        0  usbd_desc.o(i.USBD_FS_LangIDStrDescriptor)
    i.USBD_FS_ManufacturerStrDescriptor      0x08004820   Section        0  usbd_desc.o(i.USBD_FS_ManufacturerStrDescriptor)
    i.USBD_FS_ProductStrDescriptor           0x08004848   Section        0  usbd_desc.o(i.USBD_FS_ProductStrDescriptor)
    i.USBD_FS_SerialStrDescriptor            0x08004874   Section        0  usbd_desc.o(i.USBD_FS_SerialStrDescriptor)
    i.USBD_GetDescriptor                     0x080048ac   Section        0  usbd_ctlreq.o(i.USBD_GetDescriptor)
    USBD_GetDescriptor                       0x080048ad   Thumb Code   232  usbd_ctlreq.o(i.USBD_GetDescriptor)
    i.USBD_GetString                         0x08004994   Section        0  usbd_ctlreq.o(i.USBD_GetString)
    i.USBD_Get_USB_Status                    0x080049dc   Section        0  usbd_conf.o(i.USBD_Get_USB_Status)
    USBD_Get_USB_Status                      0x080049dd   Thumb Code    24  usbd_conf.o(i.USBD_Get_USB_Status)
    i.USBD_Init                              0x080049f4   Section        0  usbd_core.o(i.USBD_Init)
    i.USBD_LL_ClearStallEP                   0x08004a1e   Section        0  usbd_conf.o(i.USBD_LL_ClearStallEP)
    i.USBD_LL_CloseEP                        0x08004a30   Section        0  usbd_conf.o(i.USBD_LL_CloseEP)
    i.USBD_LL_DataInStage                    0x08004a42   Section        0  usbd_core.o(i.USBD_LL_DataInStage)
    i.USBD_LL_DataOutStage                   0x08004b08   Section        0  usbd_core.o(i.USBD_LL_DataOutStage)
    i.USBD_LL_GetRxDataSize                  0x08004b8a   Section        0  usbd_conf.o(i.USBD_LL_GetRxDataSize)
    i.USBD_LL_Init                           0x08004b94   Section        0  usbd_conf.o(i.USBD_LL_Init)
    i.USBD_LL_IsStallEP                      0x08004c14   Section        0  usbd_conf.o(i.USBD_LL_IsStallEP)
    i.USBD_LL_OpenEP                         0x08004c34   Section        0  usbd_conf.o(i.USBD_LL_OpenEP)
    i.USBD_LL_PrepareReceive                 0x08004c4c   Section        0  usbd_conf.o(i.USBD_LL_PrepareReceive)
    i.USBD_LL_Reset                          0x08004c5e   Section        0  usbd_core.o(i.USBD_LL_Reset)
    i.USBD_LL_Resume                         0x08004cae   Section        0  usbd_core.o(i.USBD_LL_Resume)
    i.USBD_LL_SOF                            0x08004cc2   Section        0  usbd_core.o(i.USBD_LL_SOF)
    i.USBD_LL_SetSpeed                       0x08004cda   Section        0  usbd_core.o(i.USBD_LL_SetSpeed)
    i.USBD_LL_SetUSBAddress                  0x08004ce0   Section        0  usbd_conf.o(i.USBD_LL_SetUSBAddress)
    i.USBD_LL_SetupStage                     0x08004cf2   Section        0  usbd_core.o(i.USBD_LL_SetupStage)
    i.USBD_LL_StallEP                        0x08004d4c   Section        0  usbd_conf.o(i.USBD_LL_StallEP)
    i.USBD_LL_Start                          0x08004d5e   Section        0  usbd_conf.o(i.USBD_LL_Start)
    i.USBD_LL_Suspend                        0x08004d70   Section        0  usbd_core.o(i.USBD_LL_Suspend)
    i.USBD_LL_Transmit                       0x08004d82   Section        0  usbd_conf.o(i.USBD_LL_Transmit)
    i.USBD_ParseSetupRequest                 0x08004d94   Section        0  usbd_ctlreq.o(i.USBD_ParseSetupRequest)
    i.USBD_RegisterClass                     0x08004dbc   Section        0  usbd_core.o(i.USBD_RegisterClass)
    i.USBD_SetClassConfig                    0x08004dcc   Section        0  usbd_core.o(i.USBD_SetClassConfig)
    i.USBD_SetConfig                         0x08004de4   Section        0  usbd_ctlreq.o(i.USBD_SetConfig)
    USBD_SetConfig                           0x08004de5   Thumb Code   128  usbd_ctlreq.o(i.USBD_SetConfig)
    i.USBD_Start                             0x08004e68   Section        0  usbd_core.o(i.USBD_Start)
    i.USBD_StdDevReq                         0x08004e72   Section        0  usbd_ctlreq.o(i.USBD_StdDevReq)
    i.USBD_StdEPReq                          0x08004f84   Section        0  usbd_ctlreq.o(i.USBD_StdEPReq)
    i.USBD_StdItfReq                         0x080050d4   Section        0  usbd_ctlreq.o(i.USBD_StdItfReq)
    i.USBD_static_free                       0x08005122   Section        0  usbd_conf.o(i.USBD_static_free)
    i.USBD_static_malloc                     0x08005124   Section        0  usbd_conf.o(i.USBD_static_malloc)
    i.USB_ActivateEndpoint                   0x0800512c   Section        0  stm32f1xx_ll_usb.o(i.USB_ActivateEndpoint)
    i.USB_CoreInit                           0x08005384   Section        0  stm32f1xx_ll_usb.o(i.USB_CoreInit)
    i.USB_DeactivateEndpoint                 0x08005388   Section        0  stm32f1xx_ll_usb.o(i.USB_DeactivateEndpoint)
    i.USB_DevConnect                         0x08005496   Section        0  stm32f1xx_ll_usb.o(i.USB_DevConnect)
    i.USB_DevDisconnect                      0x0800549a   Section        0  stm32f1xx_ll_usb.o(i.USB_DevDisconnect)
    i.USB_DevInit                            0x0800549e   Section        0  stm32f1xx_ll_usb.o(i.USB_DevInit)
    i.USB_DisableGlobalInt                   0x080054b0   Section        0  stm32f1xx_ll_usb.o(i.USB_DisableGlobalInt)
    i.USB_EP0_OutStart                       0x080054be   Section        0  stm32f1xx_ll_usb.o(i.USB_EP0_OutStart)
    i.USB_EPClearStall                       0x080054c2   Section        0  stm32f1xx_ll_usb.o(i.USB_EPClearStall)
    i.USB_EPSetStall                         0x0800553a   Section        0  stm32f1xx_ll_usb.o(i.USB_EPSetStall)
    i.USB_EPStartXfer                        0x0800556c   Section        0  stm32f1xx_ll_usb.o(i.USB_EPStartXfer)
    i.USB_EnableGlobalInt                    0x08005a3a   Section        0  stm32f1xx_ll_usb.o(i.USB_EnableGlobalInt)
    i.USB_LP_CAN1_RX0_IRQHandler             0x08005a4c   Section        0  stm32f1xx_it.o(i.USB_LP_CAN1_RX0_IRQHandler)
    i.USB_ReadInterrupts                     0x08005a58   Section        0  stm32f1xx_ll_usb.o(i.USB_ReadInterrupts)
    i.USB_ReadPMA                            0x08005a60   Section        0  stm32f1xx_ll_usb.o(i.USB_ReadPMA)
    i.USB_SetCurrentMode                     0x08005a8c   Section        0  stm32f1xx_ll_usb.o(i.USB_SetCurrentMode)
    i.USB_SetDevAddress                      0x08005a90   Section        0  stm32f1xx_ll_usb.o(i.USB_SetDevAddress)
    i.USB_WritePMA                           0x08005a9c   Section        0  stm32f1xx_ll_usb.o(i.USB_WritePMA)
    i.UsageFault_Handler                     0x08005ac2   Section        0  stm32f1xx_it.o(i.UsageFault_Handler)
    i.__0sprintf                             0x08005ac4   Section        0  printfa.o(i.__0sprintf)
    i.__NVIC_SetPriority                     0x08005aec   Section        0  stm32f1xx_hal_cortex.o(i.__NVIC_SetPriority)
    __NVIC_SetPriority                       0x08005aed   Thumb Code    32  stm32f1xx_hal_cortex.o(i.__NVIC_SetPriority)
    i.__scatterload_copy                     0x08005b0c   Section       14  handlers.o(i.__scatterload_copy)
    i.__scatterload_null                     0x08005b1a   Section        2  handlers.o(i.__scatterload_null)
    i.__scatterload_zeroinit                 0x08005b1c   Section       14  handlers.o(i.__scatterload_zeroinit)
    i._fp_digits                             0x08005b2c   Section        0  printfa.o(i._fp_digits)
    _fp_digits                               0x08005b2d   Thumb Code   366  printfa.o(i._fp_digits)
    i._printf_core                           0x08005cb0   Section        0  printfa.o(i._printf_core)
    _printf_core                             0x08005cb1   Thumb Code  1744  printfa.o(i._printf_core)
    i._printf_post_padding                   0x0800638c   Section        0  printfa.o(i._printf_post_padding)
    _printf_post_padding                     0x0800638d   Thumb Code    36  printfa.o(i._printf_post_padding)
    i._printf_pre_padding                    0x080063b0   Section        0  printfa.o(i._printf_pre_padding)
    _printf_pre_padding                      0x080063b1   Thumb Code    46  printfa.o(i._printf_pre_padding)
    i._sputc                                 0x080063de   Section        0  printfa.o(i._sputc)
    _sputc                                   0x080063df   Thumb Code    10  printfa.o(i._sputc)
    i.assert_failed                          0x080063e8   Section        0  main.o(i.assert_failed)
    i.main                                   0x080063ec   Section        0  main.o(i.main)
    .constdata                               0x080064b8   Section       16  system_stm32f1xx.o(.constdata)
    .data                                    0x20000000   Section       16  main.o(.data)
    .data                                    0x20000010   Section       28  usbd_desc.o(.data)
    .data                                    0x2000002c   Section       50  usbd_desc.o(.data)
    .data                                    0x20000060   Section       16  usbd_cdc_if.o(.data)
    .data                                    0x20000070   Section       12  stm32f1xx_hal.o(.data)
    .data                                    0x2000007c   Section        4  system_stm32f1xx.o(.data)
    .data                                    0x20000080   Section        1  usbd_ctlreq.o(.data)
    cfgidx                                   0x20000080   Data           1  usbd_ctlreq.o(.data)
    .data                                    0x20000084   Section      215  usbd_cdc.o(.data)
    USBD_CDC_DeviceQualifierDesc             0x20000084   Data          10  usbd_cdc.o(.data)
    .data                                    0x2000015c   Section       56  usbd_cdc.o(.data)
    .bss                                     0x20000194   Section      192  main.o(.bss)
    .bss                                     0x20000254   Section       68  main.o(.bss)
    .bss                                     0x20000298   Section      708  usb_device.o(.bss)
    .bss                                     0x2000055c   Section      512  usbd_desc.o(.bss)
    .bss                                     0x2000075c   Section      100  usbd_cdc_if.o(.bss)
    .bss                                     0x200007c0   Section     1292  usbd_conf.o(.bss)
    mem                                      0x200007c0   Data         544  usbd_conf.o(.bss)
    STACK                                    0x20000cd0   Section     1024  startup_stm32f103xe.o(STACK)

    Global Symbols

    Symbol Name                              Value     Ov Type        Size  Object(Section)

    BuildAttributes$$THM_ISAv4$P$D$K$B$S$PE$A:L22UL41UL21$X:L11$S22US41US21$IEEE1$IW$USESV6$~STKCKD$USESV7$~SHL$OSPACE$ROPI$EBA8$MICROLIB$REQ8$PRES8$EABIv2 0x00000000   Number         0  anon$$obj.o ABSOLUTE
    __ARM_use_no_argv                        0x00000000   Number         0  main.o ABSOLUTE
    _printf_a                                0x00000000   Number         0  stubs.o ABSOLUTE
    _printf_c                                0x00000000   Number         0  stubs.o ABSOLUTE
    _printf_charcount                        0x00000000   Number         0  stubs.o ABSOLUTE
    _printf_d                                0x00000000   Number         0  stubs.o ABSOLUTE
    _printf_e                                0x00000000   Number         0  stubs.o ABSOLUTE
    _printf_f                                0x00000000   Number         0  stubs.o ABSOLUTE
    _printf_flags                            0x00000000   Number         0  stubs.o ABSOLUTE
    _printf_fp_dec                           0x00000000   Number         0  stubs.o ABSOLUTE
    _printf_fp_hex                           0x00000000   Number         0  stubs.o ABSOLUTE
    _printf_g                                0x00000000   Number         0  stubs.o ABSOLUTE
    _printf_i                                0x00000000   Number         0  stubs.o ABSOLUTE
    _printf_int_dec                          0x00000000   Number         0  stubs.o ABSOLUTE
    _printf_l                                0x00000000   Number         0  stubs.o ABSOLUTE
    _printf_lc                               0x00000000   Number         0  stubs.o ABSOLUTE
    _printf_ll                               0x00000000   Number         0  stubs.o ABSOLUTE
    _printf_lld                              0x00000000   Number         0  stubs.o ABSOLUTE
    _printf_lli                              0x00000000   Number         0  stubs.o ABSOLUTE
    _printf_llo                              0x00000000   Number         0  stubs.o ABSOLUTE
    _printf_llu                              0x00000000   Number         0  stubs.o ABSOLUTE
    _printf_llx                              0x00000000   Number         0  stubs.o ABSOLUTE
    _printf_longlong_dec                     0x00000000   Number         0  stubs.o ABSOLUTE
    _printf_longlong_hex                     0x00000000   Number         0  stubs.o ABSOLUTE
    _printf_longlong_oct                     0x00000000   Number         0  stubs.o ABSOLUTE
    _printf_ls                               0x00000000   Number         0  stubs.o ABSOLUTE
    _printf_mbtowc                           0x00000000   Number         0  stubs.o ABSOLUTE
    _printf_n                                0x00000000   Number         0  stubs.o ABSOLUTE
    _printf_o                                0x00000000   Number         0  stubs.o ABSOLUTE
    _printf_p                                0x00000000   Number         0  stubs.o ABSOLUTE
    _printf_percent                          0x00000000   Number         0  stubs.o ABSOLUTE
    _printf_pre_padding                      0x00000000   Number         0  stubs.o ABSOLUTE
    _printf_return_value                     0x00000000   Number         0  stubs.o ABSOLUTE
    _printf_s                                0x00000000   Number         0  stubs.o ABSOLUTE
    _printf_sizespec                         0x00000000   Number         0  stubs.o ABSOLUTE
    _printf_str                              0x00000000   Number         0  stubs.o ABSOLUTE
    _printf_truncate_signed                  0x00000000   Number         0  stubs.o ABSOLUTE
    _printf_truncate_unsigned                0x00000000   Number         0  stubs.o ABSOLUTE
    _printf_u                                0x00000000   Number         0  stubs.o ABSOLUTE
    _printf_wc                               0x00000000   Number         0  stubs.o ABSOLUTE
    _printf_wctomb                           0x00000000   Number         0  stubs.o ABSOLUTE
    _printf_widthprec                        0x00000000   Number         0  stubs.o ABSOLUTE
    _printf_x                                0x00000000   Number         0  stubs.o ABSOLUTE
    __cpp_initialize__aeabi_                  - Undefined Weak Reference
    __cxa_finalize                            - Undefined Weak Reference
    _clock_init                               - Undefined Weak Reference
    _microlib_exit                            - Undefined Weak Reference
    __Vectors_Size                           0x00000130   Number         0  startup_stm32f103xe.o ABSOLUTE
    __Vectors                                0x08000000   Data           4  startup_stm32f103xe.o(RESET)
    __Vectors_End                            0x08000130   Data           0  startup_stm32f103xe.o(RESET)
    __main                                   0x08000131   Thumb Code     0  entry.o(.ARM.Collect$$$$00000000)
    _main_stk                                0x08000131   Thumb Code     0  entry2.o(.ARM.Collect$$$$00000001)
    _main_scatterload                        0x08000135   Thumb Code     0  entry5.o(.ARM.Collect$$$$00000004)
    __main_after_scatterload                 0x08000139   Thumb Code     0  entry5.o(.ARM.Collect$$$$00000004)
    _main_clock                              0x08000139   Thumb Code     0  entry7b.o(.ARM.Collect$$$$00000008)
    _main_cpp_init                           0x08000139   Thumb Code     0  entry8b.o(.ARM.Collect$$$$0000000A)
    _main_init                               0x08000139   Thumb Code     0  entry9a.o(.ARM.Collect$$$$0000000B)
    __rt_final_cpp                           0x08000141   Thumb Code     0  entry10a.o(.ARM.Collect$$$$0000000D)
    __rt_final_exit                          0x08000141   Thumb Code     0  entry11a.o(.ARM.Collect$$$$0000000F)
    Reset_Handler                            0x08000145   Thumb Code     8  startup_stm32f103xe.o(.text)
    ADC1_2_IRQHandler                        0x0800015f   Thumb Code     0  startup_stm32f103xe.o(.text)
    ADC3_IRQHandler                          0x0800015f   Thumb Code     0  startup_stm32f103xe.o(.text)
    CAN1_RX1_IRQHandler                      0x0800015f   Thumb Code     0  startup_stm32f103xe.o(.text)
    CAN1_SCE_IRQHandler                      0x0800015f   Thumb Code     0  startup_stm32f103xe.o(.text)
    DMA1_Channel2_IRQHandler                 0x0800015f   Thumb Code     0  startup_stm32f103xe.o(.text)
    DMA1_Channel3_IRQHandler                 0x0800015f   Thumb Code     0  startup_stm32f103xe.o(.text)
    DMA1_Channel4_IRQHandler                 0x0800015f   Thumb Code     0  startup_stm32f103xe.o(.text)
    DMA1_Channel5_IRQHandler                 0x0800015f   Thumb Code     0  startup_stm32f103xe.o(.text)
    DMA1_Channel6_IRQHandler                 0x0800015f   Thumb Code     0  startup_stm32f103xe.o(.text)
    DMA1_Channel7_IRQHandler                 0x0800015f   Thumb Code     0  startup_stm32f103xe.o(.text)
    DMA2_Channel1_IRQHandler                 0x0800015f   Thumb Code     0  startup_stm32f103xe.o(.text)
    DMA2_Channel2_IRQHandler                 0x0800015f   Thumb Code     0  startup_stm32f103xe.o(.text)
    DMA2_Channel3_IRQHandler                 0x0800015f   Thumb Code     0  startup_stm32f103xe.o(.text)
    DMA2_Channel4_5_IRQHandler               0x0800015f   Thumb Code     0  startup_stm32f103xe.o(.text)
    EXTI0_IRQHandler                         0x0800015f   Thumb Code     0  startup_stm32f103xe.o(.text)
    EXTI15_10_IRQHandler                     0x0800015f   Thumb Code     0  startup_stm32f103xe.o(.text)
    EXTI1_IRQHandler                         0x0800015f   Thumb Code     0  startup_stm32f103xe.o(.text)
    EXTI2_IRQHandler                         0x0800015f   Thumb Code     0  startup_stm32f103xe.o(.text)
    EXTI3_IRQHandler                         0x0800015f   Thumb Code     0  startup_stm32f103xe.o(.text)
    EXTI4_IRQHandler                         0x0800015f   Thumb Code     0  startup_stm32f103xe.o(.text)
    EXTI9_5_IRQHandler                       0x0800015f   Thumb Code     0  startup_stm32f103xe.o(.text)
    FLASH_IRQHandler                         0x0800015f   Thumb Code     0  startup_stm32f103xe.o(.text)
    FSMC_IRQHandler                          0x0800015f   Thumb Code     0  startup_stm32f103xe.o(.text)
    I2C1_ER_IRQHandler                       0x0800015f   Thumb Code     0  startup_stm32f103xe.o(.text)
    I2C1_EV_IRQHandler                       0x0800015f   Thumb Code     0  startup_stm32f103xe.o(.text)
    I2C2_ER_IRQHandler                       0x0800015f   Thumb Code     0  startup_stm32f103xe.o(.text)
    I2C2_EV_IRQHandler                       0x0800015f   Thumb Code     0  startup_stm32f103xe.o(.text)
    PVD_IRQHandler                           0x0800015f   Thumb Code     0  startup_stm32f103xe.o(.text)
    RCC_IRQHandler                           0x0800015f   Thumb Code     0  startup_stm32f103xe.o(.text)
    RTC_Alarm_IRQHandler                     0x0800015f   Thumb Code     0  startup_stm32f103xe.o(.text)
    RTC_IRQHandler                           0x0800015f   Thumb Code     0  startup_stm32f103xe.o(.text)
    SDIO_IRQHandler                          0x0800015f   Thumb Code     0  startup_stm32f103xe.o(.text)
    SPI1_IRQHandler                          0x0800015f   Thumb Code     0  startup_stm32f103xe.o(.text)
    SPI2_IRQHandler                          0x0800015f   Thumb Code     0  startup_stm32f103xe.o(.text)
    SPI3_IRQHandler                          0x0800015f   Thumb Code     0  startup_stm32f103xe.o(.text)
    TAMPER_IRQHandler                        0x0800015f   Thumb Code     0  startup_stm32f103xe.o(.text)
    TIM1_BRK_IRQHandler                      0x0800015f   Thumb Code     0  startup_stm32f103xe.o(.text)
    TIM1_CC_IRQHandler                       0x0800015f   Thumb Code     0  startup_stm32f103xe.o(.text)
    TIM1_TRG_COM_IRQHandler                  0x0800015f   Thumb Code     0  startup_stm32f103xe.o(.text)
    TIM1_UP_IRQHandler                       0x0800015f   Thumb Code     0  startup_stm32f103xe.o(.text)
    TIM2_IRQHandler                          0x0800015f   Thumb Code     0  startup_stm32f103xe.o(.text)
    TIM3_IRQHandler                          0x0800015f   Thumb Code     0  startup_stm32f103xe.o(.text)
    TIM4_IRQHandler                          0x0800015f   Thumb Code     0  startup_stm32f103xe.o(.text)
    TIM5_IRQHandler                          0x0800015f   Thumb Code     0  startup_stm32f103xe.o(.text)
    TIM6_IRQHandler                          0x0800015f   Thumb Code     0  startup_stm32f103xe.o(.text)
    TIM7_IRQHandler                          0x0800015f   Thumb Code     0  startup_stm32f103xe.o(.text)
    TIM8_BRK_IRQHandler                      0x0800015f   Thumb Code     0  startup_stm32f103xe.o(.text)
    TIM8_CC_IRQHandler                       0x0800015f   Thumb Code     0  startup_stm32f103xe.o(.text)
    TIM8_TRG_COM_IRQHandler                  0x0800015f   Thumb Code     0  startup_stm32f103xe.o(.text)
    TIM8_UP_IRQHandler                       0x0800015f   Thumb Code     0  startup_stm32f103xe.o(.text)
    UART4_IRQHandler                         0x0800015f   Thumb Code     0  startup_stm32f103xe.o(.text)
    UART5_IRQHandler                         0x0800015f   Thumb Code     0  startup_stm32f103xe.o(.text)
    USART1_IRQHandler                        0x0800015f   Thumb Code     0  startup_stm32f103xe.o(.text)
    USART2_IRQHandler                        0x0800015f   Thumb Code     0  startup_stm32f103xe.o(.text)
    USART3_IRQHandler                        0x0800015f   Thumb Code     0  startup_stm32f103xe.o(.text)
    USBWakeUp_IRQHandler                     0x0800015f   Thumb Code     0  startup_stm32f103xe.o(.text)
    USB_HP_CAN1_TX_IRQHandler                0x0800015f   Thumb Code     0  startup_stm32f103xe.o(.text)
    WWDG_IRQHandler                          0x0800015f   Thumb Code     0  startup_stm32f103xe.o(.text)
    __aeabi_llsr                             0x08000169   Thumb Code    32  llushr.o(.text)
    _ll_ushift_r                             0x08000169   Thumb Code     0  llushr.o(.text)
    __aeabi_memcpy                           0x08000189   Thumb Code    36  memcpya.o(.text)
    __aeabi_memcpy4                          0x08000189   Thumb Code     0  memcpya.o(.text)
    __aeabi_memcpy8                          0x08000189   Thumb Code     0  memcpya.o(.text)
    __aeabi_memset                           0x080001ad   Thumb Code    14  memseta.o(.text)
    __aeabi_memset4                          0x080001ad   Thumb Code     0  memseta.o(.text)
    __aeabi_memset8                          0x080001ad   Thumb Code     0  memseta.o(.text)
    __aeabi_memclr                           0x080001bb   Thumb Code     4  memseta.o(.text)
    __aeabi_memclr4                          0x080001bb   Thumb Code     0  memseta.o(.text)
    __aeabi_memclr8                          0x080001bb   Thumb Code     0  memseta.o(.text)
    _memset$wrapper                          0x080001bf   Thumb Code    18  memseta.o(.text)
    __aeabi_dmul                             0x080001d1   Thumb Code   228  dmul.o(.text)
    __ARM_scalbn                             0x080002b5   Thumb Code    46  dscalb.o(.text)
    scalbn                                   0x080002b5   Thumb Code     0  dscalb.o(.text)
    __aeabi_ui2d                             0x080002e3   Thumb Code    26  dfltui.o(.text)
    __aeabi_uidiv                            0x080002fd   Thumb Code     0  uidiv.o(.text)
    __aeabi_uidivmod                         0x080002fd   Thumb Code    44  uidiv.o(.text)
    __aeabi_uldivmod                         0x08000329   Thumb Code    98  uldiv.o(.text)
    __I$use$fp                               0x0800038b   Thumb Code     0  iusefp.o(.text)
    _double_round                            0x0800038b   Thumb Code    30  depilogue.o(.text)
    _double_epilogue                         0x080003a9   Thumb Code   156  depilogue.o(.text)
    __aeabi_dadd                             0x08000445   Thumb Code   322  dadd.o(.text)
    __aeabi_dsub                             0x08000587   Thumb Code     6  dadd.o(.text)
    __aeabi_drsub                            0x0800058d   Thumb Code     6  dadd.o(.text)
    __aeabi_ddiv                             0x08000593   Thumb Code   222  ddiv.o(.text)
    __aeabi_d2ulz                            0x08000671   Thumb Code    48  dfixul.o(.text)
    __aeabi_cdrcmple                         0x080006a1   Thumb Code    48  cdrcmple.o(.text)
    __scatterload                            0x080006d1   Thumb Code    28  init.o(.text)
    __scatterload_rt2                        0x080006d1   Thumb Code     0  init.o(.text)
    __aeabi_llsl                             0x080006f5   Thumb Code    30  llshl.o(.text)
    _ll_shift_l                              0x080006f5   Thumb Code     0  llshl.o(.text)
    __aeabi_lasr                             0x08000713   Thumb Code    36  llsshr.o(.text)
    _ll_sshift_r                             0x08000713   Thumb Code     0  llsshr.o(.text)
    __decompress                             0x08000737   Thumb Code     0  __dczerorl2.o(.text)
    __decompress1                            0x08000737   Thumb Code    86  __dczerorl2.o(.text)
    ADC_ConversionStop_Disable               0x0800078d   Thumb Code    76  stm32f1xx_hal_adc.o(i.ADC_ConversionStop_Disable)
    ADC_DMAConvCplt                          0x080007d9   Thumb Code    78  stm32f1xx_hal_adc.o(i.ADC_DMAConvCplt)
    ADC_DMAError                             0x08000827   Thumb Code    26  stm32f1xx_hal_adc.o(i.ADC_DMAError)
    ADC_DMAHalfConvCplt                      0x08000841   Thumb Code    10  stm32f1xx_hal_adc.o(i.ADC_DMAHalfConvCplt)
    ADC_Enable                               0x0800084d   Thumb Code   104  stm32f1xx_hal_adc.o(i.ADC_Enable)
    BusFault_Handler                         0x080008bd   Thumb Code     2  stm32f1xx_it.o(i.BusFault_Handler)
    CDC_Transmit_FS                          0x08000905   Thumb Code    38  usbd_cdc_if.o(i.CDC_Transmit_FS)
    DMA1_Channel1_IRQHandler                 0x08000931   Thumb Code     6  stm32f1xx_it.o(i.DMA1_Channel1_IRQHandler)
    DebugMon_Handler                         0x08000967   Thumb Code     2  stm32f1xx_it.o(i.DebugMon_Handler)
    Error_Handler                            0x08000969   Thumb Code     2  main.o(i.Error_Handler)
    HAL_ADC_ConfigChannel                    0x0800096d   Thumb Code   476  stm32f1xx_hal_adc.o(i.HAL_ADC_ConfigChannel)
    HAL_ADC_ConvCpltCallback                 0x08000b95   Thumb Code     2  stm32f1xx_hal_adc.o(i.HAL_ADC_ConvCpltCallback)
    HAL_ADC_ConvHalfCpltCallback             0x08000b97   Thumb Code     2  stm32f1xx_hal_adc.o(i.HAL_ADC_ConvHalfCpltCallback)
    HAL_ADC_ErrorCallback                    0x08000b99   Thumb Code     2  stm32f1xx_hal_adc.o(i.HAL_ADC_ErrorCallback)
    HAL_ADC_Init                             0x08000b9d   Thumb Code   484  stm32f1xx_hal_adc.o(i.HAL_ADC_Init)
    HAL_ADC_MspInit                          0x08000dd1   Thumb Code   124  stm32f1xx_hal_msp.o(i.HAL_ADC_MspInit)
    HAL_ADC_Start_DMA                        0x08000e61   Thumb Code   270  stm32f1xx_hal_adc.o(i.HAL_ADC_Start_DMA)
    HAL_DMA_IRQHandler                       0x08000fc1   Thumb Code   552  stm32f1xx_hal_dma.o(i.HAL_DMA_IRQHandler)
    HAL_DMA_Init                             0x08001209   Thumb Code   368  stm32f1xx_hal_dma.o(i.HAL_DMA_Init)
    HAL_DMA_Start_IT                         0x080013b9   Thumb Code   148  stm32f1xx_hal_dma.o(i.HAL_DMA_Start_IT)
    HAL_Delay                                0x08001485   Thumb Code    32  stm32f1xx_hal.o(i.HAL_Delay)
    HAL_GPIO_Init                            0x080014a9   Thumb Code   708  stm32f1xx_hal_gpio.o(i.HAL_GPIO_Init)
    HAL_GetTick                              0x080017f5   Thumb Code     6  stm32f1xx_hal.o(i.HAL_GetTick)
    HAL_IncTick                              0x08001801   Thumb Code    12  stm32f1xx_hal.o(i.HAL_IncTick)
    HAL_Init                                 0x08001811   Thumb Code    32  stm32f1xx_hal.o(i.HAL_Init)
    HAL_InitTick                             0x08001835   Thumb Code    54  stm32f1xx_hal.o(i.HAL_InitTick)
    HAL_MspInit                              0x08001875   Thumb Code    52  stm32f1xx_hal_msp.o(i.HAL_MspInit)
    HAL_NVIC_EnableIRQ                       0x080018b1   Thumb Code    40  stm32f1xx_hal_cortex.o(i.HAL_NVIC_EnableIRQ)
    HAL_NVIC_SetPriority                     0x08001915   Thumb Code    94  stm32f1xx_hal_cortex.o(i.HAL_NVIC_SetPriority)
    HAL_NVIC_SetPriorityGrouping             0x080019b5   Thumb Code    58  stm32f1xx_hal_cortex.o(i.HAL_NVIC_SetPriorityGrouping)
    HAL_PCDEx_PMAConfig                      0x08001a35   Thumb Code    60  stm32f1xx_hal_pcd_ex.o(i.HAL_PCDEx_PMAConfig)
    HAL_PCDEx_SetConnectionState             0x08001a71   Thumb Code     2  usbd_conf.o(i.HAL_PCDEx_SetConnectionState)
    HAL_PCD_DataInStageCallback              0x08001a73   Thumb Code    18  usbd_conf.o(i.HAL_PCD_DataInStageCallback)
    HAL_PCD_DataOutStageCallback             0x08001a85   Thumb Code    20  usbd_conf.o(i.HAL_PCD_DataOutStageCallback)
    HAL_PCD_EP_Close                         0x08001a99   Thumb Code    76  stm32f1xx_hal_pcd.o(i.HAL_PCD_EP_Close)
    HAL_PCD_EP_ClrStall                      0x08001ae5   Thumb Code    92  stm32f1xx_hal_pcd.o(i.HAL_PCD_EP_ClrStall)
    HAL_PCD_EP_GetRxCount                    0x08001e47   Thumb Code    18  stm32f1xx_hal_pcd.o(i.HAL_PCD_EP_GetRxCount)
    HAL_PCD_EP_Open                          0x08001e59   Thumb Code    96  stm32f1xx_hal_pcd.o(i.HAL_PCD_EP_Open)
    HAL_PCD_EP_Receive                       0x08001eb9   Thumb Code    50  stm32f1xx_hal_pcd.o(i.HAL_PCD_EP_Receive)
    HAL_PCD_EP_SetStall                      0x08001eeb   Thumb Code   114  stm32f1xx_hal_pcd.o(i.HAL_PCD_EP_SetStall)
    HAL_PCD_EP_Transmit                      0x08001f5d   Thumb Code    52  stm32f1xx_hal_pcd.o(i.HAL_PCD_EP_Transmit)
    HAL_PCD_IRQHandler                       0x08001f91   Thumb Code   340  stm32f1xx_hal_pcd.o(i.HAL_PCD_IRQHandler)
    HAL_PCD_Init                             0x080020e5   Thumb Code   234  stm32f1xx_hal_pcd.o(i.HAL_PCD_Init)
    HAL_PCD_MspInit                          0x0800220d   Thumb Code    50  usbd_conf.o(i.HAL_PCD_MspInit)
    HAL_PCD_ResetCallback                    0x08002249   Thumb Code    38  usbd_conf.o(i.HAL_PCD_ResetCallback)
    HAL_PCD_ResumeCallback                   0x0800226f   Thumb Code     8  usbd_conf.o(i.HAL_PCD_ResumeCallback)
    HAL_PCD_SOFCallback                      0x08002277   Thumb Code     8  usbd_conf.o(i.HAL_PCD_SOFCallback)
    HAL_PCD_SetAddress                       0x0800227f   Thumb Code    40  stm32f1xx_hal_pcd.o(i.HAL_PCD_SetAddress)
    HAL_PCD_SetupStageCallback               0x080022a7   Thumb Code    14  usbd_conf.o(i.HAL_PCD_SetupStageCallback)
    HAL_PCD_Start                            0x080022b5   Thumb Code    50  stm32f1xx_hal_pcd.o(i.HAL_PCD_Start)
    HAL_PCD_SuspendCallback                  0x080022e9   Thumb Code    30  usbd_conf.o(i.HAL_PCD_SuspendCallback)
    HAL_RCCEx_PeriphCLKConfig                0x0800230d   Thumb Code   340  stm32f1xx_hal_rcc_ex.o(i.HAL_RCCEx_PeriphCLKConfig)
    HAL_RCC_ClockConfig                      0x080024a9   Thumb Code   480  stm32f1xx_hal_rcc.o(i.HAL_RCC_ClockConfig)
    HAL_RCC_GetSysClockFreq                  0x080026d5   Thumb Code    74  stm32f1xx_hal_rcc.o(i.HAL_RCC_GetSysClockFreq)
    HAL_RCC_OscConfig                        0x08002741   Thumb Code  1166  stm32f1xx_hal_rcc.o(i.HAL_RCC_OscConfig)
    HAL_SYSTICK_Config                       0x08002bcf   Thumb Code    40  stm32f1xx_hal_cortex.o(i.HAL_SYSTICK_Config)
    HAL_TIMEx_ConfigBreakDeadTime            0x08002bf9   Thumb Code   260  stm32f1xx_hal_tim_ex.o(i.HAL_TIMEx_ConfigBreakDeadTime)
    HAL_TIMEx_MasterConfigSynchronization    0x08002d41   Thumb Code   228  stm32f1xx_hal_tim_ex.o(i.HAL_TIMEx_MasterConfigSynchronization)
    HAL_TIM_Base_Init                        0x08002e7d   Thumb Code   224  stm32f1xx_hal_tim.o(i.HAL_TIM_Base_Init)
    HAL_TIM_Base_MspInit                     0x08002fb1   Thumb Code    30  stm32f1xx_hal_msp.o(i.HAL_TIM_Base_MspInit)
    HAL_TIM_Base_Start                       0x08002fd9   Thumb Code   140  stm32f1xx_hal_tim.o(i.HAL_TIM_Base_Start)
    HAL_TIM_ConfigClockSource                0x080030b9   Thumb Code   828  stm32f1xx_hal_tim.o(i.HAL_TIM_ConfigClockSource)
    HAL_TIM_MspPostInit                      0x08003449   Thumb Code    64  stm32f1xx_hal_msp.o(i.HAL_TIM_MspPostInit)
    HAL_TIM_PWM_ConfigChannel                0x08003495   Thumb Code   456  stm32f1xx_hal_tim.o(i.HAL_TIM_PWM_ConfigChannel)
    HAL_TIM_PWM_Init                         0x080036a9   Thumb Code   224  stm32f1xx_hal_tim.o(i.HAL_TIM_PWM_Init)
    HAL_TIM_PWM_MspInit                      0x080037dd   Thumb Code    30  stm32f1xx_hal_msp.o(i.HAL_TIM_PWM_MspInit)
    HAL_TIM_PWM_Start                        0x08003805   Thumb Code   288  stm32f1xx_hal_tim.o(i.HAL_TIM_PWM_Start)
    HardFault_Handler                        0x08003971   Thumb Code     2  stm32f1xx_it.o(i.HardFault_Handler)
    MX_USB_DEVICE_Init                       0x08003b71   Thumb Code    66  usb_device.o(i.MX_USB_DEVICE_Init)
    MemManage_Handler                        0x08003bc5   Thumb Code     2  stm32f1xx_it.o(i.MemManage_Handler)
    NMI_Handler                              0x08003bc7   Thumb Code     2  stm32f1xx_it.o(i.NMI_Handler)
    PendSV_Handler                           0x08003ec5   Thumb Code     2  stm32f1xx_it.o(i.PendSV_Handler)
    SVC_Handler                              0x08003ec7   Thumb Code     2  stm32f1xx_it.o(i.SVC_Handler)
    SysTick_Handler                          0x08003ec9   Thumb Code     4  stm32f1xx_it.o(i.SysTick_Handler)
    SystemClock_Config                       0x08003ecd   Thumb Code   102  main.o(i.SystemClock_Config)
    SystemInit                               0x08003f33   Thumb Code     2  system_stm32f1xx.o(i.SystemInit)
    TIM_Base_SetConfig                       0x08003f35   Thumb Code   120  stm32f1xx_hal_tim.o(i.TIM_Base_SetConfig)
    TIM_CCxChannelCmd                        0x08003fc1   Thumb Code   106  stm32f1xx_hal_tim.o(i.TIM_CCxChannelCmd)
    TIM_ETR_SetConfig                        0x08004079   Thumb Code    20  stm32f1xx_hal_tim.o(i.TIM_ETR_SetConfig)
    TIM_OC2_SetConfig                        0x08004181   Thumb Code   170  stm32f1xx_hal_tim.o(i.TIM_OC2_SetConfig)
    USBD_CDC_GetDeviceQualifierDescriptor    0x08004521   Thumb Code     8  usbd_cdc.o(i.USBD_CDC_GetDeviceQualifierDescriptor)
    USBD_CDC_ReceivePacket                   0x080045e5   Thumb Code    40  usbd_cdc.o(i.USBD_CDC_ReceivePacket)
    USBD_CDC_RegisterInterface               0x0800460d   Thumb Code    16  usbd_cdc.o(i.USBD_CDC_RegisterInterface)
    USBD_CDC_SetRxBuffer                     0x0800461d   Thumb Code    12  usbd_cdc.o(i.USBD_CDC_SetRxBuffer)
    USBD_CDC_SetTxBuffer                     0x08004629   Thumb Code    16  usbd_cdc.o(i.USBD_CDC_SetTxBuffer)
    USBD_CDC_TransmitPacket                  0x080046e5   Thumb Code    54  usbd_cdc.o(i.USBD_CDC_TransmitPacket)
    USBD_ClrClassConfig                      0x0800471b   Thumb Code    14  usbd_core.o(i.USBD_ClrClassConfig)
    USBD_CtlContinueRx                       0x08004729   Thumb Code    16  usbd_ioreq.o(i.USBD_CtlContinueRx)
    USBD_CtlContinueSendData                 0x08004739   Thumb Code    16  usbd_ioreq.o(i.USBD_CtlContinueSendData)
    USBD_CtlError                            0x08004749   Thumb Code    22  usbd_ctlreq.o(i.USBD_CtlError)
    USBD_CtlPrepareRx                        0x0800475f   Thumb Code    30  usbd_ioreq.o(i.USBD_CtlPrepareRx)
    USBD_CtlReceiveStatus                    0x0800477d   Thumb Code    22  usbd_ioreq.o(i.USBD_CtlReceiveStatus)
    USBD_CtlSendData                         0x08004793   Thumb Code    26  usbd_ioreq.o(i.USBD_CtlSendData)
    USBD_CtlSendStatus                       0x080047ad   Thumb Code    22  usbd_ioreq.o(i.USBD_CtlSendStatus)
    USBD_FS_ConfigStrDescriptor              0x080047c5   Thumb Code    16  usbd_desc.o(i.USBD_FS_ConfigStrDescriptor)
    USBD_FS_DeviceDescriptor                 0x080047e5   Thumb Code     8  usbd_desc.o(i.USBD_FS_DeviceDescriptor)
    USBD_FS_InterfaceStrDescriptor           0x080047f1   Thumb Code    16  usbd_desc.o(i.USBD_FS_InterfaceStrDescriptor)
    USBD_FS_LangIDStrDescriptor              0x08004815   Thumb Code     8  usbd_desc.o(i.USBD_FS_LangIDStrDescriptor)
    USBD_FS_ManufacturerStrDescriptor        0x08004821   Thumb Code    16  usbd_desc.o(i.USBD_FS_ManufacturerStrDescriptor)
    USBD_FS_ProductStrDescriptor             0x08004849   Thumb Code    16  usbd_desc.o(i.USBD_FS_ProductStrDescriptor)
    USBD_FS_SerialStrDescriptor              0x08004875   Thumb Code    48  usbd_desc.o(i.USBD_FS_SerialStrDescriptor)
    USBD_GetString                           0x08004995   Thumb Code    72  usbd_ctlreq.o(i.USBD_GetString)
    USBD_Init                                0x080049f5   Thumb Code    42  usbd_core.o(i.USBD_Init)
    USBD_LL_ClearStallEP                     0x08004a1f   Thumb Code    18  usbd_conf.o(i.USBD_LL_ClearStallEP)
    USBD_LL_CloseEP                          0x08004a31   Thumb Code    18  usbd_conf.o(i.USBD_LL_CloseEP)
    USBD_LL_DataInStage                      0x08004a43   Thumb Code   198  usbd_core.o(i.USBD_LL_DataInStage)
    USBD_LL_DataOutStage                     0x08004b09   Thumb Code   130  usbd_core.o(i.USBD_LL_DataOutStage)
    USBD_LL_GetRxDataSize                    0x08004b8b   Thumb Code     8  usbd_conf.o(i.USBD_LL_GetRxDataSize)
    USBD_LL_Init                             0x08004b95   Thumb Code   118  usbd_conf.o(i.USBD_LL_Init)
    USBD_LL_IsStallEP                        0x08004c15   Thumb Code    32  usbd_conf.o(i.USBD_LL_IsStallEP)
    USBD_LL_OpenEP                           0x08004c35   Thumb Code    24  usbd_conf.o(i.USBD_LL_OpenEP)
    USBD_LL_PrepareReceive                   0x08004c4d   Thumb Code    18  usbd_conf.o(i.USBD_LL_PrepareReceive)
    USBD_LL_Reset                            0x08004c5f   Thumb Code    80  usbd_core.o(i.USBD_LL_Reset)
    USBD_LL_Resume                           0x08004caf   Thumb Code    20  usbd_core.o(i.USBD_LL_Resume)
    USBD_LL_SOF                              0x08004cc3   Thumb Code    24  usbd_core.o(i.USBD_LL_SOF)
    USBD_LL_SetSpeed                         0x08004cdb   Thumb Code     6  usbd_core.o(i.USBD_LL_SetSpeed)
    USBD_LL_SetUSBAddress                    0x08004ce1   Thumb Code    18  usbd_conf.o(i.USBD_LL_SetUSBAddress)
    USBD_LL_SetupStage                       0x08004cf3   Thumb Code    90  usbd_core.o(i.USBD_LL_SetupStage)
    USBD_LL_StallEP                          0x08004d4d   Thumb Code    18  usbd_conf.o(i.USBD_LL_StallEP)
    USBD_LL_Start                            0x08004d5f   Thumb Code    18  usbd_conf.o(i.USBD_LL_Start)
    USBD_LL_Suspend                          0x08004d71   Thumb Code    18  usbd_core.o(i.USBD_LL_Suspend)
    USBD_LL_Transmit                         0x08004d83   Thumb Code    18  usbd_conf.o(i.USBD_LL_Transmit)
    USBD_ParseSetupRequest                   0x08004d95   Thumb Code    40  usbd_ctlreq.o(i.USBD_ParseSetupRequest)
    USBD_RegisterClass                       0x08004dbd   Thumb Code    16  usbd_core.o(i.USBD_RegisterClass)
    USBD_SetClassConfig                      0x08004dcd   Thumb Code    22  usbd_core.o(i.USBD_SetClassConfig)
    USBD_Start                               0x08004e69   Thumb Code    10  usbd_core.o(i.USBD_Start)
    USBD_StdDevReq                           0x08004e73   Thumb Code   274  usbd_ctlreq.o(i.USBD_StdDevReq)
    USBD_StdEPReq                            0x08004f85   Thumb Code   336  usbd_ctlreq.o(i.USBD_StdEPReq)
    USBD_StdItfReq                           0x080050d5   Thumb Code    78  usbd_ctlreq.o(i.USBD_StdItfReq)
    USBD_static_free                         0x08005123   Thumb Code     2  usbd_conf.o(i.USBD_static_free)
    USBD_static_malloc                       0x08005125   Thumb Code     4  usbd_conf.o(i.USBD_static_malloc)
    USB_ActivateEndpoint                     0x0800512d   Thumb Code   600  stm32f1xx_ll_usb.o(i.USB_ActivateEndpoint)
    USB_CoreInit                             0x08005385   Thumb Code     4  stm32f1xx_ll_usb.o(i.USB_CoreInit)
    USB_DeactivateEndpoint                   0x08005389   Thumb Code   270  stm32f1xx_ll_usb.o(i.USB_DeactivateEndpoint)
    USB_DevConnect                           0x08005497   Thumb Code     4  stm32f1xx_ll_usb.o(i.USB_DevConnect)
    USB_DevDisconnect                        0x0800549b   Thumb Code     4  stm32f1xx_ll_usb.o(i.USB_DevDisconnect)
    USB_DevInit                              0x0800549f   Thumb Code    18  stm32f1xx_ll_usb.o(i.USB_DevInit)
    USB_DisableGlobalInt                     0x080054b1   Thumb Code    14  stm32f1xx_ll_usb.o(i.USB_DisableGlobalInt)
    USB_EP0_OutStart                         0x080054bf   Thumb Code     4  stm32f1xx_ll_usb.o(i.USB_EP0_OutStart)
    USB_EPClearStall                         0x080054c3   Thumb Code   120  stm32f1xx_ll_usb.o(i.USB_EPClearStall)
    USB_EPSetStall                           0x0800553b   Thumb Code    50  stm32f1xx_ll_usb.o(i.USB_EPSetStall)
    USB_EPStartXfer                          0x0800556d   Thumb Code  1230  stm32f1xx_ll_usb.o(i.USB_EPStartXfer)
    USB_EnableGlobalInt                      0x08005a3b   Thumb Code    18  stm32f1xx_ll_usb.o(i.USB_EnableGlobalInt)
    USB_LP_CAN1_RX0_IRQHandler               0x08005a4d   Thumb Code     6  stm32f1xx_it.o(i.USB_LP_CAN1_RX0_IRQHandler)
    USB_ReadInterrupts                       0x08005a59   Thumb Code     6  stm32f1xx_ll_usb.o(i.USB_ReadInterrupts)
    USB_ReadPMA                              0x08005a61   Thumb Code    44  stm32f1xx_ll_usb.o(i.USB_ReadPMA)
    USB_SetCurrentMode                       0x08005a8d   Thumb Code     4  stm32f1xx_ll_usb.o(i.USB_SetCurrentMode)
    USB_SetDevAddress                        0x08005a91   Thumb Code    12  stm32f1xx_ll_usb.o(i.USB_SetDevAddress)
    USB_WritePMA                             0x08005a9d   Thumb Code    38  stm32f1xx_ll_usb.o(i.USB_WritePMA)
    UsageFault_Handler                       0x08005ac3   Thumb Code     2  stm32f1xx_it.o(i.UsageFault_Handler)
    __0sprintf                               0x08005ac5   Thumb Code    34  printfa.o(i.__0sprintf)
    __1sprintf                               0x08005ac5   Thumb Code     0  printfa.o(i.__0sprintf)
    __2sprintf                               0x08005ac5   Thumb Code     0  printfa.o(i.__0sprintf)
    __c89sprintf                             0x08005ac5   Thumb Code     0  printfa.o(i.__0sprintf)
    sprintf                                  0x08005ac5   Thumb Code     0  printfa.o(i.__0sprintf)
    __scatterload_copy                       0x08005b0d   Thumb Code    14  handlers.o(i.__scatterload_copy)
    __scatterload_null                       0x08005b1b   Thumb Code     2  handlers.o(i.__scatterload_null)
    __scatterload_zeroinit                   0x08005b1d   Thumb Code    14  handlers.o(i.__scatterload_zeroinit)
    assert_failed                            0x080063e9   Thumb Code     2  main.o(i.assert_failed)
    main                                     0x080063ed   Thumb Code   170  main.o(i.main)
    AHBPrescTable                            0x080064b8   Data          16  system_stm32f1xx.o(.constdata)
    Region$$Table$$Base                      0x080064c8   Number         0  anon$$obj.o(Region$$Table)
    Region$$Table$$Limit                     0x080064e8   Number         0  anon$$obj.o(Region$$Table)
    ADCValue                                 0x20000000   Data           4  main.o(.data)
    string                                   0x20000004   Data          12  main.o(.data)
    FS_Desc                                  0x20000010   Data          28  usbd_desc.o(.data)
    USBD_LangIDDesc                          0x2000002c   Data           4  usbd_desc.o(.data)
    USBD_FS_DeviceDesc                       0x20000030   Data          18  usbd_desc.o(.data)
    USBD_StringSerial                        0x20000044   Data          26  usbd_desc.o(.data)
    USBD_Interface_fops_FS                   0x20000060   Data          16  usbd_cdc_if.o(.data)
    uwTickFreq                               0x20000070   Data           1  stm32f1xx_hal.o(.data)
    uwTickPrio                               0x20000074   Data           4  stm32f1xx_hal.o(.data)
    uwTick                                   0x20000078   Data           4  stm32f1xx_hal.o(.data)
    SystemCoreClock                          0x2000007c   Data           4  system_stm32f1xx.o(.data)
    USBD_CDC_CfgHSDesc                       0x20000090   Data          67  usbd_cdc.o(.data)
    USBD_CDC_CfgFSDesc                       0x200000d4   Data          67  usbd_cdc.o(.data)
    USBD_CDC_OtherSpeedCfgDesc               0x20000118   Data          67  usbd_cdc.o(.data)
    USBD_CDC                                 0x2000015c   Data          56  usbd_cdc.o(.data)
    hadc1                                    0x20000194   Data          48  main.o(.bss)
    htim1                                    0x200001c4   Data          72  main.o(.bss)
    htim3                                    0x2000020c   Data          72  main.o(.bss)
    hdma_adc1                                0x20000254   Data          68  main.o(.bss)
    hUsbDeviceFS                             0x20000298   Data         708  usb_device.o(.bss)
    USBD_StrDesc                             0x2000055c   Data         512  usbd_desc.o(.bss)
    UserRxBufferFS                           0x2000075c   Data          50  usbd_cdc_if.o(.bss)
    UserTxBufferFS                           0x2000078e   Data          50  usbd_cdc_if.o(.bss)
    hpcd_USB_FS                              0x200009e0   Data         748  usbd_conf.o(.bss)
    __initial_sp                             0x200010d0   Data           0  startup_stm32f103xe.o(STACK)



==============================================================================

Memory Map of the image

  Image Entry point : 0x08000131

  Load Region LR_IROM1 (Base: 0x08000000, Size: 0x0000667c, Max: 0x00040000, ABSOLUTE, COMPRESSED[0x000065b8])

    Execution Region ER_IROM1 (Exec base: 0x08000000, Load base: 0x08000000, Size: 0x000064e8, Max: 0x00040000, ABSOLUTE)

    Exec Addr    Load Addr    Size         Type   Attr      Idx    E Section Name        Object

    0x08000000   0x08000000   0x00000130   Data   RO            3    RESET               startup_stm32f103xe.o
    0x08000130   0x08000130   0x00000000   Code   RO         3880  * .ARM.Collect$$$$00000000  mc_w.l(entry.o)
    0x08000130   0x08000130   0x00000004   Code   RO         4158    .ARM.Collect$$$$00000001  mc_w.l(entry2.o)
    0x08000134   0x08000134   0x00000004   Code   RO         4161    .ARM.Collect$$$$00000004  mc_w.l(entry5.o)
    0x08000138   0x08000138   0x00000000   Code   RO         4163    .ARM.Collect$$$$00000008  mc_w.l(entry7b.o)
    0x08000138   0x08000138   0x00000000   Code   RO         4165    .ARM.Collect$$$$0000000A  mc_w.l(entry8b.o)
    0x08000138   0x08000138   0x00000008   Code   RO         4166    .ARM.Collect$$$$0000000B  mc_w.l(entry9a.o)
    0x08000140   0x08000140   0x00000000   Code   RO         4168    .ARM.Collect$$$$0000000D  mc_w.l(entry10a.o)
    0x08000140   0x08000140   0x00000000   Code   RO         4170    .ARM.Collect$$$$0000000F  mc_w.l(entry11a.o)
    0x08000140   0x08000140   0x00000004   Code   RO         4159    .ARM.Collect$$$$00002712  mc_w.l(entry2.o)
    0x08000144   0x08000144   0x00000024   Code   RO            4    .text               startup_stm32f103xe.o
    0x08000168   0x08000168   0x00000020   Code   RO         3883    .text               mc_w.l(llushr.o)
    0x08000188   0x08000188   0x00000024   Code   RO         3885    .text               mc_w.l(memcpya.o)
    0x080001ac   0x080001ac   0x00000024   Code   RO         3887    .text               mc_w.l(memseta.o)
    0x080001d0   0x080001d0   0x000000e4   Code   RO         4152    .text               mf_w.l(dmul.o)
    0x080002b4   0x080002b4   0x0000002e   Code   RO         4154    .text               mf_w.l(dscalb.o)
    0x080002e2   0x080002e2   0x0000001a   Code   RO         4156    .text               mf_w.l(dfltui.o)
    0x080002fc   0x080002fc   0x0000002c   Code   RO         4175    .text               mc_w.l(uidiv.o)
    0x08000328   0x08000328   0x00000062   Code   RO         4177    .text               mc_w.l(uldiv.o)
    0x0800038a   0x0800038a   0x00000000   Code   RO         4179    .text               mc_w.l(iusefp.o)
    0x0800038a   0x0800038a   0x000000ba   Code   RO         4180    .text               mf_w.l(depilogue.o)
    0x08000444   0x08000444   0x0000014e   Code   RO         4182    .text               mf_w.l(dadd.o)
    0x08000592   0x08000592   0x000000de   Code   RO         4184    .text               mf_w.l(ddiv.o)
    0x08000670   0x08000670   0x00000030   Code   RO         4186    .text               mf_w.l(dfixul.o)
    0x080006a0   0x080006a0   0x00000030   Code   RO         4188    .text               mf_w.l(cdrcmple.o)
    0x080006d0   0x080006d0   0x00000024   Code   RO         4190    .text               mc_w.l(init.o)
    0x080006f4   0x080006f4   0x0000001e   Code   RO         4193    .text               mc_w.l(llshl.o)
    0x08000712   0x08000712   0x00000024   Code   RO         4195    .text               mc_w.l(llsshr.o)
    0x08000736   0x08000736   0x00000056   Code   RO         4206    .text               mc_w.l(__dczerorl2.o)
    0x0800078c   0x0800078c   0x0000004c   Code   RO         2226    i.ADC_ConversionStop_Disable  stm32f1xx_hal_adc.o
    0x080007d8   0x080007d8   0x0000004e   Code   RO         2227    i.ADC_DMAConvCplt   stm32f1xx_hal_adc.o
    0x08000826   0x08000826   0x0000001a   Code   RO         2228    i.ADC_DMAError      stm32f1xx_hal_adc.o
    0x08000840   0x08000840   0x0000000a   Code   RO         2229    i.ADC_DMAHalfConvCplt  stm32f1xx_hal_adc.o
    0x0800084a   0x0800084a   0x00000002   PAD
    0x0800084c   0x0800084c   0x00000070   Code   RO         2230    i.ADC_Enable        stm32f1xx_hal_adc.o
    0x080008bc   0x080008bc   0x00000002   Code   RO          199    i.BusFault_Handler  stm32f1xx_it.o
    0x080008be   0x080008be   0x00000004   Code   RO          488    i.CDC_Control_FS    usbd_cdc_if.o
    0x080008c2   0x080008c2   0x00000004   Code   RO          489    i.CDC_DeInit_FS     usbd_cdc_if.o
    0x080008c6   0x080008c6   0x00000002   PAD
    0x080008c8   0x080008c8   0x00000024   Code   RO          490    i.CDC_Init_FS       usbd_cdc_if.o
    0x080008ec   0x080008ec   0x00000018   Code   RO          491    i.CDC_Receive_FS    usbd_cdc_if.o
    0x08000904   0x08000904   0x0000002c   Code   RO          492    i.CDC_Transmit_FS   usbd_cdc_if.o
    0x08000930   0x08000930   0x0000000c   Code   RO          200    i.DMA1_Channel1_IRQHandler  stm32f1xx_it.o
    0x0800093c   0x0800093c   0x0000002a   Code   RO         1619    i.DMA_SetConfig     stm32f1xx_hal_dma.o
    0x08000966   0x08000966   0x00000002   Code   RO          201    i.DebugMon_Handler  stm32f1xx_it.o
    0x08000968   0x08000968   0x00000002   Code   RO           13    i.Error_Handler     main.o
    0x0800096a   0x0800096a   0x00000002   PAD
    0x0800096c   0x0800096c   0x00000228   Code   RO         2232    i.HAL_ADC_ConfigChannel  stm32f1xx_hal_adc.o
    0x08000b94   0x08000b94   0x00000002   Code   RO         2233    i.HAL_ADC_ConvCpltCallback  stm32f1xx_hal_adc.o
    0x08000b96   0x08000b96   0x00000002   Code   RO         2234    i.HAL_ADC_ConvHalfCpltCallback  stm32f1xx_hal_adc.o
    0x08000b98   0x08000b98   0x00000002   Code   RO         2236    i.HAL_ADC_ErrorCallback  stm32f1xx_hal_adc.o
    0x08000b9a   0x08000b9a   0x00000002   PAD
    0x08000b9c   0x08000b9c   0x00000234   Code   RO         2241    i.HAL_ADC_Init      stm32f1xx_hal_adc.o
    0x08000dd0   0x08000dd0   0x00000090   Code   RO          288    i.HAL_ADC_MspInit   stm32f1xx_hal_msp.o
    0x08000e60   0x08000e60   0x00000160   Code   RO         2248    i.HAL_ADC_Start_DMA  stm32f1xx_hal_adc.o
    0x08000fc0   0x08000fc0   0x00000248   Code   RO         1625    i.HAL_DMA_IRQHandler  stm32f1xx_hal_dma.o
    0x08001208   0x08001208   0x000001b0   Code   RO         1626    i.HAL_DMA_Init      stm32f1xx_hal_dma.o
    0x080013b8   0x080013b8   0x000000cc   Code   RO         1630    i.HAL_DMA_Start_IT  stm32f1xx_hal_dma.o
    0x08001484   0x08001484   0x00000024   Code   RO         1248    i.HAL_Delay         stm32f1xx_hal.o
    0x080014a8   0x080014a8   0x0000034c   Code   RO         1556    i.HAL_GPIO_Init     stm32f1xx_hal_gpio.o
    0x080017f4   0x080017f4   0x0000000c   Code   RO         1252    i.HAL_GetTick       stm32f1xx_hal.o
    0x08001800   0x08001800   0x00000010   Code   RO         1258    i.HAL_IncTick       stm32f1xx_hal.o
    0x08001810   0x08001810   0x00000024   Code   RO         1259    i.HAL_Init          stm32f1xx_hal.o
    0x08001834   0x08001834   0x00000040   Code   RO         1260    i.HAL_InitTick      stm32f1xx_hal.o
    0x08001874   0x08001874   0x0000003c   Code   RO          289    i.HAL_MspInit       stm32f1xx_hal_msp.o
    0x080018b0   0x080018b0   0x00000064   Code   RO         1716    i.HAL_NVIC_EnableIRQ  stm32f1xx_hal_cortex.o
    0x08001914   0x08001914   0x000000a0   Code   RO         1722    i.HAL_NVIC_SetPriority  stm32f1xx_hal_cortex.o
    0x080019b4   0x080019b4   0x00000080   Code   RO         1723    i.HAL_NVIC_SetPriorityGrouping  stm32f1xx_hal_cortex.o
    0x08001a34   0x08001a34   0x0000003c   Code   RO         1021    i.HAL_PCDEx_PMAConfig  stm32f1xx_hal_pcd_ex.o
    0x08001a70   0x08001a70   0x00000002   Code   RO          540    i.HAL_PCDEx_SetConnectionState  usbd_conf.o
    0x08001a72   0x08001a72   0x00000012   Code   RO          542    i.HAL_PCD_DataInStageCallback  usbd_conf.o
    0x08001a84   0x08001a84   0x00000014   Code   RO          543    i.HAL_PCD_DataOutStageCallback  usbd_conf.o
    0x08001a98   0x08001a98   0x0000004c   Code   RO          797    i.HAL_PCD_EP_Close  stm32f1xx_hal_pcd.o
    0x08001ae4   0x08001ae4   0x0000005c   Code   RO          798    i.HAL_PCD_EP_ClrStall  stm32f1xx_hal_pcd.o
    0x08001b40   0x08001b40   0x000000e6   Code   RO          799    i.HAL_PCD_EP_DB_Receive  stm32f1xx_hal_pcd.o
    0x08001c26   0x08001c26   0x00000220   Code   RO          800    i.HAL_PCD_EP_DB_Transmit  stm32f1xx_hal_pcd.o
    0x08001e46   0x08001e46   0x00000012   Code   RO          802    i.HAL_PCD_EP_GetRxCount  stm32f1xx_hal_pcd.o
    0x08001e58   0x08001e58   0x00000060   Code   RO          803    i.HAL_PCD_EP_Open   stm32f1xx_hal_pcd.o
    0x08001eb8   0x08001eb8   0x00000032   Code   RO          804    i.HAL_PCD_EP_Receive  stm32f1xx_hal_pcd.o
    0x08001eea   0x08001eea   0x00000072   Code   RO          805    i.HAL_PCD_EP_SetStall  stm32f1xx_hal_pcd.o
    0x08001f5c   0x08001f5c   0x00000034   Code   RO          806    i.HAL_PCD_EP_Transmit  stm32f1xx_hal_pcd.o
    0x08001f90   0x08001f90   0x00000154   Code   RO          808    i.HAL_PCD_IRQHandler  stm32f1xx_hal_pcd.o
    0x080020e4   0x080020e4   0x00000128   Code   RO          811    i.HAL_PCD_Init      stm32f1xx_hal_pcd.o
    0x0800220c   0x0800220c   0x0000003c   Code   RO          548    i.HAL_PCD_MspInit   usbd_conf.o
    0x08002248   0x08002248   0x00000026   Code   RO          549    i.HAL_PCD_ResetCallback  usbd_conf.o
    0x0800226e   0x0800226e   0x00000008   Code   RO          550    i.HAL_PCD_ResumeCallback  usbd_conf.o
    0x08002276   0x08002276   0x00000008   Code   RO          551    i.HAL_PCD_SOFCallback  usbd_conf.o
    0x0800227e   0x0800227e   0x00000028   Code   RO          817    i.HAL_PCD_SetAddress  stm32f1xx_hal_pcd.o
    0x080022a6   0x080022a6   0x0000000e   Code   RO          552    i.HAL_PCD_SetupStageCallback  usbd_conf.o
    0x080022b4   0x080022b4   0x00000032   Code   RO          819    i.HAL_PCD_Start     stm32f1xx_hal_pcd.o
    0x080022e6   0x080022e6   0x00000002   PAD
    0x080022e8   0x080022e8   0x00000024   Code   RO          553    i.HAL_PCD_SuspendCallback  usbd_conf.o
    0x0800230c   0x0800230c   0x0000019c   Code   RO         1519    i.HAL_RCCEx_PeriphCLKConfig  stm32f1xx_hal_rcc_ex.o
    0x080024a8   0x080024a8   0x0000022c   Code   RO         1416    i.HAL_RCC_ClockConfig  stm32f1xx_hal_rcc.o
    0x080026d4   0x080026d4   0x0000006c   Code   RO         1425    i.HAL_RCC_GetSysClockFreq  stm32f1xx_hal_rcc.o
    0x08002740   0x08002740   0x0000048e   Code   RO         1428    i.HAL_RCC_OscConfig  stm32f1xx_hal_rcc.o
    0x08002bce   0x08002bce   0x00000028   Code   RO         1727    i.HAL_SYSTICK_Config  stm32f1xx_hal_cortex.o
    0x08002bf6   0x08002bf6   0x00000002   PAD
    0x08002bf8   0x08002bf8   0x00000148   Code   RO         3212    i.HAL_TIMEx_ConfigBreakDeadTime  stm32f1xx_hal_tim_ex.o
    0x08002d40   0x08002d40   0x0000013c   Code   RO         3228    i.HAL_TIMEx_MasterConfigSynchronization  stm32f1xx_hal_tim_ex.o
    0x08002e7c   0x08002e7c   0x00000134   Code   RO         2504    i.HAL_TIM_Base_Init  stm32f1xx_hal_tim.o
    0x08002fb0   0x08002fb0   0x00000028   Code   RO          291    i.HAL_TIM_Base_MspInit  stm32f1xx_hal_msp.o
    0x08002fd8   0x08002fd8   0x000000e0   Code   RO         2507    i.HAL_TIM_Base_Start  stm32f1xx_hal_tim.o
    0x080030b8   0x080030b8   0x00000390   Code   RO         2513    i.HAL_TIM_ConfigClockSource  stm32f1xx_hal_tim.o
    0x08003448   0x08003448   0x0000004c   Code   RO          292    i.HAL_TIM_MspPostInit  stm32f1xx_hal_msp.o
    0x08003494   0x08003494   0x00000214   Code   RO         2576    i.HAL_TIM_PWM_ConfigChannel  stm32f1xx_hal_tim.o
    0x080036a8   0x080036a8   0x00000134   Code   RO         2579    i.HAL_TIM_PWM_Init  stm32f1xx_hal_tim.o
    0x080037dc   0x080037dc   0x00000028   Code   RO          294    i.HAL_TIM_PWM_MspInit  stm32f1xx_hal_msp.o
    0x08003804   0x08003804   0x0000016c   Code   RO         2584    i.HAL_TIM_PWM_Start  stm32f1xx_hal_tim.o
    0x08003970   0x08003970   0x00000002   Code   RO          202    i.HardFault_Handler  stm32f1xx_it.o
    0x08003972   0x08003972   0x00000002   PAD
    0x08003974   0x08003974   0x00000038   Code   RO          402    i.IntToUnicode      usbd_desc.o
    0x080039ac   0x080039ac   0x00000040   Code   RO           14    i.MX_ADC1_Init      main.o
    0x080039ec   0x080039ec   0x000000a0   Code   RO           15    i.MX_GPIO_Init      main.o
    0x08003a8c   0x08003a8c   0x00000090   Code   RO           16    i.MX_TIM1_Init      main.o
    0x08003b1c   0x08003b1c   0x00000054   Code   RO           17    i.MX_TIM3_Init      main.o
    0x08003b70   0x08003b70   0x00000054   Code   RO          354    i.MX_USB_DEVICE_Init  usb_device.o
    0x08003bc4   0x08003bc4   0x00000002   Code   RO          203    i.MemManage_Handler  stm32f1xx_it.o
    0x08003bc6   0x08003bc6   0x00000002   Code   RO          204    i.NMI_Handler       stm32f1xx_it.o
    0x08003bc8   0x08003bc8   0x000002fc   Code   RO          823    i.PCD_EP_ISR_Handler  stm32f1xx_hal_pcd.o
    0x08003ec4   0x08003ec4   0x00000002   Code   RO          205    i.PendSV_Handler    stm32f1xx_it.o
    0x08003ec6   0x08003ec6   0x00000002   Code   RO          206    i.SVC_Handler       stm32f1xx_it.o
    0x08003ec8   0x08003ec8   0x00000004   Code   RO          207    i.SysTick_Handler   stm32f1xx_it.o
    0x08003ecc   0x08003ecc   0x00000066   Code   RO           18    i.SystemClock_Config  main.o
    0x08003f32   0x08003f32   0x00000002   Code   RO         3477    i.SystemInit        system_stm32f1xx.o
    0x08003f34   0x08003f34   0x0000008c   Code   RO         2597    i.TIM_Base_SetConfig  stm32f1xx_hal_tim.o
    0x08003fc0   0x08003fc0   0x000000b8   Code   RO         2598    i.TIM_CCxChannelCmd  stm32f1xx_hal_tim.o
    0x08004078   0x08004078   0x00000014   Code   RO         2608    i.TIM_ETR_SetConfig  stm32f1xx_hal_tim.o
    0x0800408c   0x0800408c   0x00000010   Code   RO         2609    i.TIM_ITRx_SetConfig  stm32f1xx_hal_tim.o
    0x0800409c   0x0800409c   0x000000e4   Code   RO         2610    i.TIM_OC1_SetConfig  stm32f1xx_hal_tim.o
    0x08004180   0x08004180   0x000000ec   Code   RO         2611    i.TIM_OC2_SetConfig  stm32f1xx_hal_tim.o
    0x0800426c   0x0800426c   0x000000ec   Code   RO         2612    i.TIM_OC3_SetConfig  stm32f1xx_hal_tim.o
    0x08004358   0x08004358   0x000000a4   Code   RO         2613    i.TIM_OC4_SetConfig  stm32f1xx_hal_tim.o
    0x080043fc   0x080043fc   0x00000022   Code   RO         2615    i.TIM_TI1_ConfigInputStage  stm32f1xx_hal_tim.o
    0x0800441e   0x0800441e   0x00000024   Code   RO         2617    i.TIM_TI2_ConfigInputStage  stm32f1xx_hal_tim.o
    0x08004442   0x08004442   0x00000046   Code   RO         3777    i.USBD_CDC_DataIn   usbd_cdc.o
    0x08004488   0x08004488   0x0000002e   Code   RO         3778    i.USBD_CDC_DataOut  usbd_cdc.o
    0x080044b6   0x080044b6   0x00000044   Code   RO         3779    i.USBD_CDC_DeInit   usbd_cdc.o
    0x080044fa   0x080044fa   0x00000024   Code   RO         3780    i.USBD_CDC_EP0_RxReady  usbd_cdc.o
    0x0800451e   0x0800451e   0x00000002   PAD
    0x08004520   0x08004520   0x0000000c   Code   RO         3781    i.USBD_CDC_GetDeviceQualifierDescriptor  usbd_cdc.o
    0x0800452c   0x0800452c   0x0000000c   Code   RO         3782    i.USBD_CDC_GetFSCfgDesc  usbd_cdc.o
    0x08004538   0x08004538   0x0000000c   Code   RO         3783    i.USBD_CDC_GetHSCfgDesc  usbd_cdc.o
    0x08004544   0x08004544   0x0000000c   Code   RO         3784    i.USBD_CDC_GetOtherSpeedCfgDesc  usbd_cdc.o
    0x08004550   0x08004550   0x00000094   Code   RO         3785    i.USBD_CDC_Init     usbd_cdc.o
    0x080045e4   0x080045e4   0x00000028   Code   RO         3786    i.USBD_CDC_ReceivePacket  usbd_cdc.o
    0x0800460c   0x0800460c   0x00000010   Code   RO         3787    i.USBD_CDC_RegisterInterface  usbd_cdc.o
    0x0800461c   0x0800461c   0x0000000c   Code   RO         3788    i.USBD_CDC_SetRxBuffer  usbd_cdc.o
    0x08004628   0x08004628   0x00000010   Code   RO         3789    i.USBD_CDC_SetTxBuffer  usbd_cdc.o
    0x08004638   0x08004638   0x000000ac   Code   RO         3790    i.USBD_CDC_Setup    usbd_cdc.o
    0x080046e4   0x080046e4   0x00000036   Code   RO         3791    i.USBD_CDC_TransmitPacket  usbd_cdc.o
    0x0800471a   0x0800471a   0x0000000e   Code   RO         3514    i.USBD_ClrClassConfig  usbd_core.o
    0x08004728   0x08004728   0x00000010   Code   RO         3717    i.USBD_CtlContinueRx  usbd_ioreq.o
    0x08004738   0x08004738   0x00000010   Code   RO         3718    i.USBD_CtlContinueSendData  usbd_ioreq.o
    0x08004748   0x08004748   0x00000016   Code   RO         3652    i.USBD_CtlError     usbd_ctlreq.o
    0x0800475e   0x0800475e   0x0000001e   Code   RO         3719    i.USBD_CtlPrepareRx  usbd_ioreq.o
    0x0800477c   0x0800477c   0x00000016   Code   RO         3720    i.USBD_CtlReceiveStatus  usbd_ioreq.o
    0x08004792   0x08004792   0x0000001a   Code   RO         3721    i.USBD_CtlSendData  usbd_ioreq.o
    0x080047ac   0x080047ac   0x00000016   Code   RO         3722    i.USBD_CtlSendStatus  usbd_ioreq.o
    0x080047c2   0x080047c2   0x00000002   PAD
    0x080047c4   0x080047c4   0x00000020   Code   RO          403    i.USBD_FS_ConfigStrDescriptor  usbd_desc.o
    0x080047e4   0x080047e4   0x0000000c   Code   RO          404    i.USBD_FS_DeviceDescriptor  usbd_desc.o
    0x080047f0   0x080047f0   0x00000024   Code   RO          405    i.USBD_FS_InterfaceStrDescriptor  usbd_desc.o
    0x08004814   0x08004814   0x0000000c   Code   RO          406    i.USBD_FS_LangIDStrDescriptor  usbd_desc.o
    0x08004820   0x08004820   0x00000028   Code   RO          407    i.USBD_FS_ManufacturerStrDescriptor  usbd_desc.o
    0x08004848   0x08004848   0x0000002c   Code   RO          408    i.USBD_FS_ProductStrDescriptor  usbd_desc.o
    0x08004874   0x08004874   0x00000038   Code   RO          409    i.USBD_FS_SerialStrDescriptor  usbd_desc.o
    0x080048ac   0x080048ac   0x000000e8   Code   RO         3653    i.USBD_GetDescriptor  usbd_ctlreq.o
    0x08004994   0x08004994   0x00000048   Code   RO         3654    i.USBD_GetString    usbd_ctlreq.o
    0x080049dc   0x080049dc   0x00000018   Code   RO          554    i.USBD_Get_USB_Status  usbd_conf.o
    0x080049f4   0x080049f4   0x0000002a   Code   RO         3516    i.USBD_Init         usbd_core.o
    0x08004a1e   0x08004a1e   0x00000012   Code   RO          555    i.USBD_LL_ClearStallEP  usbd_conf.o
    0x08004a30   0x08004a30   0x00000012   Code   RO          556    i.USBD_LL_CloseEP   usbd_conf.o
    0x08004a42   0x08004a42   0x000000c6   Code   RO         3517    i.USBD_LL_DataInStage  usbd_core.o
    0x08004b08   0x08004b08   0x00000082   Code   RO         3518    i.USBD_LL_DataOutStage  usbd_core.o
    0x08004b8a   0x08004b8a   0x00000008   Code   RO          560    i.USBD_LL_GetRxDataSize  usbd_conf.o
    0x08004b92   0x08004b92   0x00000002   PAD
    0x08004b94   0x08004b94   0x00000080   Code   RO          561    i.USBD_LL_Init      usbd_conf.o
    0x08004c14   0x08004c14   0x00000020   Code   RO          562    i.USBD_LL_IsStallEP  usbd_conf.o
    0x08004c34   0x08004c34   0x00000018   Code   RO          563    i.USBD_LL_OpenEP    usbd_conf.o
    0x08004c4c   0x08004c4c   0x00000012   Code   RO          564    i.USBD_LL_PrepareReceive  usbd_conf.o
    0x08004c5e   0x08004c5e   0x00000050   Code   RO         3523    i.USBD_LL_Reset     usbd_core.o
    0x08004cae   0x08004cae   0x00000014   Code   RO         3524    i.USBD_LL_Resume    usbd_core.o
    0x08004cc2   0x08004cc2   0x00000018   Code   RO         3525    i.USBD_LL_SOF       usbd_core.o
    0x08004cda   0x08004cda   0x00000006   Code   RO         3526    i.USBD_LL_SetSpeed  usbd_core.o
    0x08004ce0   0x08004ce0   0x00000012   Code   RO          565    i.USBD_LL_SetUSBAddress  usbd_conf.o
    0x08004cf2   0x08004cf2   0x0000005a   Code   RO         3527    i.USBD_LL_SetupStage  usbd_core.o
    0x08004d4c   0x08004d4c   0x00000012   Code   RO          566    i.USBD_LL_StallEP   usbd_conf.o
    0x08004d5e   0x08004d5e   0x00000012   Code   RO          567    i.USBD_LL_Start     usbd_conf.o
    0x08004d70   0x08004d70   0x00000012   Code   RO         3528    i.USBD_LL_Suspend   usbd_core.o
    0x08004d82   0x08004d82   0x00000012   Code   RO          569    i.USBD_LL_Transmit  usbd_conf.o
    0x08004d94   0x08004d94   0x00000028   Code   RO         3655    i.USBD_ParseSetupRequest  usbd_ctlreq.o
    0x08004dbc   0x08004dbc   0x00000010   Code   RO         3529    i.USBD_RegisterClass  usbd_core.o
    0x08004dcc   0x08004dcc   0x00000016   Code   RO         3531    i.USBD_SetClassConfig  usbd_core.o
    0x08004de2   0x08004de2   0x00000002   PAD
    0x08004de4   0x08004de4   0x00000084   Code   RO         3656    i.USBD_SetConfig    usbd_ctlreq.o
    0x08004e68   0x08004e68   0x0000000a   Code   RO         3532    i.USBD_Start        usbd_core.o
    0x08004e72   0x08004e72   0x00000112   Code   RO         3657    i.USBD_StdDevReq    usbd_ctlreq.o
    0x08004f84   0x08004f84   0x00000150   Code   RO         3658    i.USBD_StdEPReq     usbd_ctlreq.o
    0x080050d4   0x080050d4   0x0000004e   Code   RO         3659    i.USBD_StdItfReq    usbd_ctlreq.o
    0x08005122   0x08005122   0x00000002   Code   RO          570    i.USBD_static_free  usbd_conf.o
    0x08005124   0x08005124   0x00000008   Code   RO          571    i.USBD_static_malloc  usbd_conf.o
    0x0800512c   0x0800512c   0x00000258   Code   RO         1061    i.USB_ActivateEndpoint  stm32f1xx_ll_usb.o
    0x08005384   0x08005384   0x00000004   Code   RO         1064    i.USB_CoreInit      stm32f1xx_ll_usb.o
    0x08005388   0x08005388   0x0000010e   Code   RO         1066    i.USB_DeactivateEndpoint  stm32f1xx_ll_usb.o
    0x08005496   0x08005496   0x00000004   Code   RO         1067    i.USB_DevConnect    stm32f1xx_ll_usb.o
    0x0800549a   0x0800549a   0x00000004   Code   RO         1068    i.USB_DevDisconnect  stm32f1xx_ll_usb.o
    0x0800549e   0x0800549e   0x00000012   Code   RO         1069    i.USB_DevInit       stm32f1xx_ll_usb.o
    0x080054b0   0x080054b0   0x0000000e   Code   RO         1070    i.USB_DisableGlobalInt  stm32f1xx_ll_usb.o
    0x080054be   0x080054be   0x00000004   Code   RO         1071    i.USB_EP0_OutStart  stm32f1xx_ll_usb.o
    0x080054c2   0x080054c2   0x00000078   Code   RO         1072    i.USB_EPClearStall  stm32f1xx_ll_usb.o
    0x0800553a   0x0800553a   0x00000032   Code   RO         1073    i.USB_EPSetStall    stm32f1xx_ll_usb.o
    0x0800556c   0x0800556c   0x000004ce   Code   RO         1074    i.USB_EPStartXfer   stm32f1xx_ll_usb.o
    0x08005a3a   0x08005a3a   0x00000012   Code   RO         1075    i.USB_EnableGlobalInt  stm32f1xx_ll_usb.o
    0x08005a4c   0x08005a4c   0x0000000c   Code   RO          208    i.USB_LP_CAN1_RX0_IRQHandler  stm32f1xx_it.o
    0x08005a58   0x08005a58   0x00000006   Code   RO         1082    i.USB_ReadInterrupts  stm32f1xx_ll_usb.o
    0x08005a5e   0x08005a5e   0x00000002   PAD
    0x08005a60   0x08005a60   0x0000002c   Code   RO         1083    i.USB_ReadPMA       stm32f1xx_ll_usb.o
    0x08005a8c   0x08005a8c   0x00000004   Code   RO         1084    i.USB_SetCurrentMode  stm32f1xx_ll_usb.o
    0x08005a90   0x08005a90   0x0000000c   Code   RO         1085    i.USB_SetDevAddress  stm32f1xx_ll_usb.o
    0x08005a9c   0x08005a9c   0x00000026   Code   RO         1087    i.USB_WritePMA      stm32f1xx_ll_usb.o
    0x08005ac2   0x08005ac2   0x00000002   Code   RO          209    i.UsageFault_Handler  stm32f1xx_it.o
    0x08005ac4   0x08005ac4   0x00000028   Code   RO         4126    i.__0sprintf        mc_w.l(printfa.o)
    0x08005aec   0x08005aec   0x00000020   Code   RO         1729    i.__NVIC_SetPriority  stm32f1xx_hal_cortex.o
    0x08005b0c   0x08005b0c   0x0000000e   Code   RO         4200    i.__scatterload_copy  mc_w.l(handlers.o)
    0x08005b1a   0x08005b1a   0x00000002   Code   RO         4201    i.__scatterload_null  mc_w.l(handlers.o)
    0x08005b1c   0x08005b1c   0x0000000e   Code   RO         4202    i.__scatterload_zeroinit  mc_w.l(handlers.o)
    0x08005b2a   0x08005b2a   0x00000002   PAD
    0x08005b2c   0x08005b2c   0x00000184   Code   RO         4131    i._fp_digits        mc_w.l(printfa.o)
    0x08005cb0   0x08005cb0   0x000006dc   Code   RO         4132    i._printf_core      mc_w.l(printfa.o)
    0x0800638c   0x0800638c   0x00000024   Code   RO         4133    i._printf_post_padding  mc_w.l(printfa.o)
    0x080063b0   0x080063b0   0x0000002e   Code   RO         4134    i._printf_pre_padding  mc_w.l(printfa.o)
    0x080063de   0x080063de   0x0000000a   Code   RO         4136    i._sputc            mc_w.l(printfa.o)
    0x080063e8   0x080063e8   0x00000002   Code   RO           19    i.assert_failed     main.o
    0x080063ea   0x080063ea   0x00000002   PAD
    0x080063ec   0x080063ec   0x000000cc   Code   RO           20    i.main              main.o
    0x080064b8   0x080064b8   0x00000010   Data   RO         3478    .constdata          system_stm32f1xx.o
    0x080064c8   0x080064c8   0x00000020   Data   RO         4198    Region$$Table       anon$$obj.o


    Execution Region RW_IRAM1 (Exec base: 0x20000000, Load base: 0x080064e8, Size: 0x000010d0, Max: 0x0000c000, ABSOLUTE, COMPRESSED[0x000000d0])

    Exec Addr    Load Addr    Size         Type   Attr      Idx    E Section Name        Object

    0x20000000   COMPRESSED   0x00000010   Data   RW           23    .data               main.o
    0x20000010   COMPRESSED   0x0000001c   Data   RW          411    .data               usbd_desc.o
    0x2000002c   COMPRESSED   0x00000032   Data   RW          412    .data               usbd_desc.o
    0x2000005e   COMPRESSED   0x00000002   PAD
    0x20000060   COMPRESSED   0x00000010   Data   RW          494    .data               usbd_cdc_if.o
    0x20000070   COMPRESSED   0x0000000c   Data   RW         1266    .data               stm32f1xx_hal.o
    0x2000007c   COMPRESSED   0x00000004   Data   RW         3480    .data               system_stm32f1xx.o
    0x20000080   COMPRESSED   0x00000001   Data   RW         3660    .data               usbd_ctlreq.o
    0x20000081   COMPRESSED   0x00000003   PAD
    0x20000084   COMPRESSED   0x000000d7   Data   RW         3792    .data               usbd_cdc.o
    0x2000015b   COMPRESSED   0x00000001   PAD
    0x2000015c   COMPRESSED   0x00000038   Data   RW         3793    .data               usbd_cdc.o
    0x20000194        -       0x000000c0   Zero   RW           21    .bss                main.o
    0x20000254        -       0x00000044   Zero   RW           22    .bss                main.o
    0x20000298        -       0x000002c4   Zero   RW          355    .bss                usb_device.o
    0x2000055c        -       0x00000200   Zero   RW          410    .bss                usbd_desc.o
    0x2000075c        -       0x00000064   Zero   RW          493    .bss                usbd_cdc_if.o
    0x200007c0        -       0x0000050c   Zero   RW          572    .bss                usbd_conf.o
    0x20000ccc   COMPRESSED   0x00000004   PAD
    0x20000cd0        -       0x00000400   Zero   RW            1    STACK               startup_stm32f103xe.o


==============================================================================

Image component sizes


      Code (inc. data)   RO Data    RW Data    ZI Data      Debug   Object Name

       762         82          0         16        260     514909   main.o
        36          8        304          0       1024        868   startup_stm32f103xe.o
       164         28          0         12          0       7021   stm32f1xx_hal.o
      1776        246          0          0          0       9490   stm32f1xx_hal_adc.o
       460        196          0          0          0      29471   stm32f1xx_hal_cortex.o
      1262        152          0          0          0       4135   stm32f1xx_hal_dma.o
       844        136          0          0          0       2532   stm32f1xx_hal_gpio.o
       360         60          0          0          0       3811   stm32f1xx_hal_msp.o
      2762         62          0          0          0      14157   stm32f1xx_hal_pcd.o
        60          0          0          0          0       1302   stm32f1xx_hal_pcd_ex.o
      1830        186          0          0          0       4474   stm32f1xx_hal_rcc.o
       412         72          0          0          0       1544   stm32f1xx_hal_rcc_ex.o
      3942        848          0          0          0      14665   stm32f1xx_hal_tim.o
       644        156          0          0          0       2456   stm32f1xx_hal_tim_ex.o
        44         12          0          0          0       5470   stm32f1xx_it.o
      2440          0          0          0          0      17163   stm32f1xx_ll_usb.o
         2          0         16          4          0       1311   system_stm32f1xx.o
        84         18          0          0        708       2735   usb_device.o
       726         16          0        271          0      14190   usbd_cdc.o
       112         20          0         16        100       3712   usbd_cdc_if.o
       556         30          0          0       1292      15797   usbd_conf.o
       670          0          0          0          0      10359   usbd_core.o
      1186         28          0          1          0       8492   usbd_ctlreq.o
       288        104          0         78        512       6557   usbd_desc.o
       132          0          0          0          0       4772   usbd_ioreq.o

    ----------------------------------------------------------------------
     21580       2460        352        404       3900     701393   Object Totals
         0          0         32          0          0          0   (incl. Generated)
        26          0          0          6          4          0   (incl. Padding)

    ----------------------------------------------------------------------

      Code (inc. data)   RO Data    RW Data    ZI Data      Debug   Library Member Name

        86          0          0          0          0          0   __dczerorl2.o
         0          0          0          0          0          0   entry.o
         0          0          0          0          0          0   entry10a.o
         0          0          0          0          0          0   entry11a.o
         8          4          0          0          0          0   entry2.o
         4          0          0          0          0          0   entry5.o
         0          0          0          0          0          0   entry7b.o
         0          0          0          0          0          0   entry8b.o
         8          4          0          0          0          0   entry9a.o
        30          0          0          0          0          0   handlers.o
        36          8          0          0          0         68   init.o
         0          0          0          0          0          0   iusefp.o
        30          0          0          0          0         68   llshl.o
        36          0          0          0          0         68   llsshr.o
        32          0          0          0          0         68   llushr.o
        36          0          0          0          0         68   memcpya.o
        36          0          0          0          0        108   memseta.o
      2276         86          0          0          0        520   printfa.o
        44          0          0          0          0         80   uidiv.o
        98          0          0          0          0         92   uldiv.o
        48          0          0          0          0         68   cdrcmple.o
       334          0          0          0          0        148   dadd.o
       222          0          0          0          0        100   ddiv.o
       186          0          0          0          0        176   depilogue.o
        48          0          0          0          0         68   dfixul.o
        26          0          0          0          0         76   dfltui.o
       228          0          0          0          0         96   dmul.o
        46          0          0          0          0         80   dscalb.o

    ----------------------------------------------------------------------
      3900        102          0          0          0       1952   Library Totals
         2          0          0          0          0          0   (incl. Padding)

    ----------------------------------------------------------------------

      Code (inc. data)   RO Data    RW Data    ZI Data      Debug   Library Name

      2760        102          0          0          0       1140   mc_w.l
      1138          0          0          0          0        812   mf_w.l

    ----------------------------------------------------------------------
      3900        102          0          0          0       1952   Library Totals

    ----------------------------------------------------------------------

==============================================================================


      Code (inc. data)   RO Data    RW Data    ZI Data      Debug   

     25480       2562        352        404       3900     693229   Grand Totals
     25480       2562        352        208       3900     693229   ELF Image Totals (compressed)
     25480       2562        352        208          0          0   ROM Totals

==============================================================================

    Total RO  Size (Code + RO Data)                25832 (  25.23kB)
    Total RW  Size (RW Data + ZI Data)              4304 (   4.20kB)
    Total ROM Size (Code + RO Data + RW Data)      26040 (  25.43kB)

==============================================================================

