Component: ARM Compiler 5.06 update 6 (build 750) Tool: armlink [4d35ed]

==============================================================================

Section Cross References

    startup_stm32f103xe.o(RESET) refers to startup_stm32f103xe.o(STACK) for __initial_sp
    startup_stm32f103xe.o(RESET) refers to startup_stm32f103xe.o(.text) for Reset_Handler
    startup_stm32f103xe.o(RESET) refers to stm32f1xx_it.o(i.NMI_Handler) for NMI_Handler
    startup_stm32f103xe.o(RESET) refers to stm32f1xx_it.o(i.HardFault_Handler) for HardFault_Handler
    startup_stm32f103xe.o(RESET) refers to stm32f1xx_it.o(i.MemManage_Handler) for MemManage_Handler
    startup_stm32f103xe.o(RESET) refers to stm32f1xx_it.o(i.BusFault_Handler) for BusFault_Handler
    startup_stm32f103xe.o(RESET) refers to stm32f1xx_it.o(i.UsageFault_Handler) for UsageFault_Handler
    startup_stm32f103xe.o(RESET) refers to stm32f1xx_it.o(i.SVC_Handler) for SVC_Handler
    startup_stm32f103xe.o(RESET) refers to stm32f1xx_it.o(i.DebugMon_Handler) for DebugMon_Handler
    startup_stm32f103xe.o(RESET) refers to stm32f1xx_it.o(i.PendSV_Handler) for PendSV_Handler
    startup_stm32f103xe.o(RESET) refers to stm32f1xx_it.o(i.SysTick_Handler) for SysTick_Handler
    startup_stm32f103xe.o(RESET) refers to stm32f1xx_it.o(i.DMA1_Channel1_IRQHandler) for DMA1_Channel1_IRQHandler
    startup_stm32f103xe.o(RESET) refers to stm32f1xx_it.o(i.USB_LP_CAN1_RX0_IRQHandler) for USB_LP_CAN1_RX0_IRQHandler
    startup_stm32f103xe.o(.text) refers to system_stm32f1xx.o(i.SystemInit) for SystemInit
    startup_stm32f103xe.o(.text) refers to entry.o(.ARM.Collect$$$$00000000) for __main
    main.o(i.MX_ADC1_Init) refers to stm32f1xx_hal_adc.o(i.HAL_ADC_Init) for HAL_ADC_Init
    main.o(i.MX_ADC1_Init) refers to stm32f1xx_hal_adc.o(i.HAL_ADC_ConfigChannel) for HAL_ADC_ConfigChannel
    main.o(i.MX_ADC1_Init) refers to main.o(.bss) for .bss
    main.o(i.MX_GPIO_Init) refers to stm32f1xx_hal_gpio.o(i.HAL_GPIO_Init) for HAL_GPIO_Init
    main.o(i.MX_TIM1_Init) refers to memseta.o(.text) for __aeabi_memclr4
    main.o(i.MX_TIM1_Init) refers to stm32f1xx_hal_tim.o(i.HAL_TIM_PWM_Init) for HAL_TIM_PWM_Init
    main.o(i.MX_TIM1_Init) refers to stm32f1xx_hal_tim_ex.o(i.HAL_TIMEx_MasterConfigSynchronization) for HAL_TIMEx_MasterConfigSynchronization
    main.o(i.MX_TIM1_Init) refers to stm32f1xx_hal_tim.o(i.HAL_TIM_PWM_ConfigChannel) for HAL_TIM_PWM_ConfigChannel
    main.o(i.MX_TIM1_Init) refers to stm32f1xx_hal_tim_ex.o(i.HAL_TIMEx_ConfigBreakDeadTime) for HAL_TIMEx_ConfigBreakDeadTime
    main.o(i.MX_TIM1_Init) refers to stm32f1xx_hal_msp.o(i.HAL_TIM_MspPostInit) for HAL_TIM_MspPostInit
    main.o(i.MX_TIM1_Init) refers to main.o(.bss) for .bss
    main.o(i.MX_TIM3_Init) refers to stm32f1xx_hal_tim.o(i.HAL_TIM_Base_Init) for HAL_TIM_Base_Init
    main.o(i.MX_TIM3_Init) refers to stm32f1xx_hal_tim.o(i.HAL_TIM_ConfigClockSource) for HAL_TIM_ConfigClockSource
    main.o(i.MX_TIM3_Init) refers to stm32f1xx_hal_tim_ex.o(i.HAL_TIMEx_MasterConfigSynchronization) for HAL_TIMEx_MasterConfigSynchronization
    main.o(i.MX_TIM3_Init) refers to main.o(.bss) for .bss
    main.o(i.SystemClock_Config) refers to memseta.o(.text) for __aeabi_memclr4
    main.o(i.SystemClock_Config) refers to stm32f1xx_hal_rcc.o(i.HAL_RCC_OscConfig) for HAL_RCC_OscConfig
    main.o(i.SystemClock_Config) refers to stm32f1xx_hal_rcc.o(i.HAL_RCC_ClockConfig) for HAL_RCC_ClockConfig
    main.o(i.SystemClock_Config) refers to stm32f1xx_hal_rcc_ex.o(i.HAL_RCCEx_PeriphCLKConfig) for HAL_RCCEx_PeriphCLKConfig
    main.o(i.main) refers to stm32f1xx_hal.o(i.HAL_Init) for HAL_Init
    main.o(i.main) refers to main.o(i.SystemClock_Config) for SystemClock_Config
    main.o(i.main) refers to main.o(i.MX_GPIO_Init) for MX_GPIO_Init
    main.o(i.main) refers to stm32f1xx_hal_cortex.o(i.HAL_NVIC_SetPriority) for HAL_NVIC_SetPriority
    main.o(i.main) refers to stm32f1xx_hal_cortex.o(i.HAL_NVIC_EnableIRQ) for HAL_NVIC_EnableIRQ
    main.o(i.main) refers to main.o(i.MX_ADC1_Init) for MX_ADC1_Init
    main.o(i.main) refers to main.o(i.MX_TIM3_Init) for MX_TIM3_Init
    main.o(i.main) refers to usb_device.o(i.MX_USB_DEVICE_Init) for MX_USB_DEVICE_Init
    main.o(i.main) refers to main.o(i.MX_TIM1_Init) for MX_TIM1_Init
    main.o(i.main) refers to stm32f1xx_hal_adc.o(i.HAL_ADC_Start_DMA) for HAL_ADC_Start_DMA
    main.o(i.main) refers to stm32f1xx_hal_tim.o(i.HAL_TIM_Base_Start) for HAL_TIM_Base_Start
    main.o(i.main) refers to stm32f1xx_hal_tim.o(i.HAL_TIM_PWM_Start) for HAL_TIM_PWM_Start
    main.o(i.main) refers to dfltui.o(.text) for __aeabi_ui2d
    main.o(i.main) refers to dmul.o(.text) for __aeabi_dmul
    main.o(i.main) refers to dscalb.o(.text) for __ARM_scalbn
    main.o(i.main) refers to printfa.o(i.__0sprintf) for __2sprintf
    main.o(i.main) refers to usbd_cdc_if.o(i.CDC_Transmit_FS) for CDC_Transmit_FS
    main.o(i.main) refers to stm32f1xx_hal.o(i.HAL_Delay) for HAL_Delay
[...]
    i.HAL_ADC_ConvCpltCallback               0x08000b94   Section        0  stm32f1xx_hal_adc.o(i.HAL_ADC_ConvCpltCallback)
    i.HAL_ADC_ConvHalfCpltCallback           0x08000b96   Section        0  stm32f1xx_hal_adc.o(i.HAL_ADC_ConvHalfCpltCallback)
    i.HAL_ADC_ErrorCallback                  0x08000b98   Section        0  stm32f1xx_hal_adc.o(i.HAL_ADC_ErrorCallback)
    i.HAL_ADC_Init                           0x08000b9c   Section        0  stm32f1xx_hal_adc.o(i.HAL_ADC_Init)
    i.HAL_ADC_MspInit                        0x08000dd0   Section        0  stm32f1xx_hal_msp.o(i.HAL_ADC_MspInit)
    i.HAL_ADC_Start_DMA                      0x08000e60   Section        0  stm32f1xx_hal_adc.o(i.HAL_ADC_Start_DMA)
    i.HAL_DMA_IRQHandler                     0x08000fc0   Section        0  stm32f1xx_hal_dma.o(i.HAL_DMA_IRQHandler)
    i.HAL_DMA_Init                           0x08001208   Section        0  stm32f1xx_hal_dma.o(i.HAL_DMA_Init)
    i.HAL_DMA_Start_IT                       0x080013b8   Section        0  stm32f1xx_hal_dma.o(i.HAL_DMA_Start_IT)
    i.HAL_Delay                              0x08001484   Section        0  stm32f1xx_hal.o(i.HAL_Delay)
    i.HAL_GPIO_Init                          0x080014a8   Section        0  stm32f1xx_hal_gpio.o(i.HAL_GPIO_Init)
    i.HAL_GetTick                            0x08001804   Section        0  stm32f1xx_hal.o(i.HAL_GetTick)
    i.HAL_IncTick                            0x08001810   Section        0  stm32f1xx_hal.o(i.HAL_IncTick)
    i.HAL_Init                               0x08001820   Section        0  stm32f1xx_hal.o(i.HAL_Init)
    i.HAL_InitTick                           0x08001844   Section        0  stm32f1xx_hal.o(i.HAL_InitTick)
    i.HAL_MspInit                            0x08001884   Section        0  stm32f1xx_hal_msp.o(i.HAL_MspInit)
    i.HAL_NVIC_EnableIRQ                     0x080018c0   Section        0  stm32f1xx_hal_cortex.o(i.HAL_NVIC_EnableIRQ)
    i.HAL_NVIC_SetPriority                   0x08001920   Section        0  stm32f1xx_hal_cortex.o(i.HAL_NVIC_SetPriority)
    i.HAL_NVIC_SetPriorityGrouping           0x080019c0   Section        0  stm32f1xx_hal_cortex.o(i.HAL_NVIC_SetPriorityGrouping)
    i.HAL_PCDEx_PMAConfig                    0x08001a40   Section        0  stm32f1xx_hal_pcd_ex.o(i.HAL_PCDEx_PMAConfig)
    i.HAL_PCDEx_SetConnectionState           0x08001a74   Section        0  usbd_conf.o(i.HAL_PCDEx_SetConnectionState)
    i.HAL_PCD_DataInStageCallback            0x08001a76   Section        0  usbd_conf.o(i.HAL_PCD_DataInStageCallback)
    i.HAL_PCD_DataOutStageCallback           0x08001a84   Section        0  usbd_conf.o(i.HAL_PCD_DataOutStageCallback)
    i.HAL_PCD_EP_Close                       0x08001a94   Section        0  stm32f1xx_hal_pcd.o(i.HAL_PCD_EP_Close)
    i.HAL_PCD_EP_ClrStall                    0x08001ad4   Section        0  stm32f1xx_hal_pcd.o(i.HAL_PCD_EP_ClrStall)
    i.HAL_PCD_EP_GetRxCount                  0x08001b1c   Section        0  stm32f1xx_hal_pcd.o(i.HAL_PCD_EP_GetRxCount)
    i.HAL_PCD_EP_Open                        0x08001b2c   Section        0  stm32f1xx_hal_pcd.o(i.HAL_PCD_EP_Open)
    i.HAL_PCD_EP_Receive                     0x08001b70   Section        0  stm32f1xx_hal_pcd.o(i.HAL_PCD_EP_Receive)
    i.HAL_PCD_EP_SetStall                    0x08001b9e   Section        0  stm32f1xx_hal_pcd.o(i.HAL_PCD_EP_SetStall)
    i.HAL_PCD_EP_Transmit                    0x08001bf4   Section        0  stm32f1xx_hal_pcd.o(i.HAL_PCD_EP_Transmit)
    i.HAL_PCD_IRQHandler                     0x08001c1e   Section        0  stm32f1xx_hal_pcd.o(i.HAL_PCD_IRQHandler)
    i.HAL_PCD_Init                           0x08001d2c   Section        0  stm32f1xx_hal_pcd.o(i.HAL_PCD_Init)
    i.HAL_PCD_MspInit                        0x08001e38   Section        0  usbd_conf.o(i.HAL_PCD_MspInit)
    i.HAL_PCD_ResetCallback                  0x08001e74   Section        0  usbd_conf.o(i.HAL_PCD_ResetCallback)
    i.HAL_PCD_ResumeCallback                 0x08001e9a   Section        0  usbd_conf.o(i.HAL_PCD_ResumeCallback)
    i.HAL_PCD_SOFCallback                    0x08001ea2   Section        0  usbd_conf.o(i.HAL_PCD_SOFCallback)
    i.HAL_PCD_SetAddress                     0x08001eaa   Section        0  stm32f1xx_hal_pcd.o(i.HAL_PCD_SetAddress)
    i.HAL_PCD_SetupStageCallback             0x08001ed2   Section        0  usbd_conf.o(i.HAL_PCD_SetupStageCallback)
    i.HAL_PCD_Start                          0x08001ee0   Section        0  stm32f1xx_hal_pcd.o(i.HAL_PCD_Start)
    i.HAL_PCD_SuspendCallback                0x08001f14   Section        0  usbd_conf.o(i.HAL_PCD_SuspendCallback)
    i.HAL_RCCEx_PeriphCLKConfig              0x08001f38   Section        0  stm32f1xx_hal_rcc_ex.o(i.HAL_RCCEx_PeriphCLKConfig)
    i.HAL_RCC_ClockConfig                    0x080020d4   Section        0  stm32f1xx_hal_rcc.o(i.HAL_RCC_ClockConfig)
    i.HAL_RCC_GetSysClockFreq                0x08002348   Section        0  stm32f1xx_hal_rcc.o(i.HAL_RCC_GetSysClockFreq)
    i.HAL_RCC_OscConfig                      0x080023b4   Section        0  stm32f1xx_hal_rcc.o(i.HAL_RCC_OscConfig)
    i.HAL_SYSTICK_Config                     0x0800282e   Section        0  stm32f1xx_hal_cortex.o(i.HAL_SYSTICK_Config)
    i.HAL_TIMEx_ConfigBreakDeadTime          0x08002858   Section        0  stm32f1xx_hal_tim_ex.o(i.HAL_TIMEx_ConfigBreakDeadTime)
    i.HAL_TIMEx_MasterConfigSynchronization  0x080029a8   Section        0  stm32f1xx_hal_tim_ex.o(i.HAL_TIMEx_MasterConfigSynchronization)
    i.HAL_TIM_Base_Init                      0x08002acc   Section        0  stm32f1xx_hal_tim.o(i.HAL_TIM_Base_Init)
    i.HAL_TIM_Base_MspInit                   0x08002bd4   Section        0  stm32f1xx_hal_msp.o(i.HAL_TIM_Base_MspInit)
    i.HAL_TIM_Base_Start                     0x08002bfc   Section        0  stm32f1xx_hal_tim.o(i.HAL_TIM_Base_Start)
    i.HAL_TIM_ConfigClockSource              0x08002cac   Section        0  stm32f1xx_hal_tim.o(i.HAL_TIM_ConfigClockSource)
    i.HAL_TIM_MspPostInit                    0x080030c8   Section        0  stm32f1xx_hal_msp.o(i.HAL_TIM_MspPostInit)
    i.HAL_TIM_PWM_ConfigChannel              0x08003114   Section        0  stm32f1xx_hal_tim.o(i.HAL_TIM_PWM_ConfigChannel)
    i.HAL_TIM_PWM_Init                       0x08003334   Section        0  stm32f1xx_hal_tim.o(i.HAL_TIM_PWM_Init)
    i.HAL_TIM_PWM_MspInit                    0x08003444   Section        0  stm32f1xx_hal_msp.o(i.HAL_TIM_PWM_MspInit)
    i.HAL_TIM_PWM_Start                      0x0800346c   Section        0  stm32f1xx_hal_tim.o(i.HAL_TIM_PWM_Start)
    i.HardFault_Handler                      0x08003564   Section        0  stm32f1xx_it.o(i.HardFault_Handler)
    i.IntToUnicode                           0x08003568   Section        0  usbd_desc.o(i.IntToUnicode)
    IntToUnicode                             0x08003569   Thumb Code    56  usbd_desc.o(i.IntToUnicode)
    i.MX_ADC1_Init                           0x080035a0   Section        0  main.o(i.MX_ADC1_Init)
    MX_ADC1_Init                             0x080035a1   Thumb Code    54  main.o(i.MX_ADC1_Init)
    i.MX_GPIO_Init                           0x080035e0   Section        0  main.o(i.MX_GPIO_Init)
    MX_GPIO_Init                             0x080035e1   Thumb Code   140  main.o(i.MX_GPIO_Init)
    i.MX_TIM1_Init                           0x08003680   Section        0  main.o(i.MX_TIM1_Init)
    MX_TIM1_Init                             0x08003681   Thumb Code   136  main.o(i.MX_TIM1_Init)
    i.MX_TIM3_Init                           0x08003710   Section        0  main.o(i.MX_TIM3_Init)
    MX_TIM3_Init                             0x08003711   Thumb Code    76  main.o(i.MX_TIM3_Init)
    i.MX_USB_DEVICE_Init                     0x08003764   Section        0  usb_device.o(i.MX_USB_DEVICE_Init)
    i.MemManage_Handler                      0x080037b8   Section        0  stm32f1xx_it.o(i.MemManage_Handler)
    i.NMI_Handler                            0x080037ba   Section        0  stm32f1xx_it.o(i.NMI_Handler)
    i.NVIC_SetPriority                       0x080037bc   Section        0  stm32f1xx_hal_cortex.o(i.NVIC_SetPriority)
    NVIC_SetPriority                         0x080037bd   Thumb Code    32  stm32f1xx_hal_cortex.o(i.NVIC_SetPriority)
    i.PCD_EP_ISR_Handler                     0x080037dc   Section        0  stm32f1xx_hal_pcd.o(i.PCD_EP_ISR_Handler)
    PCD_EP_ISR_Handler                       0x080037dd   Thumb Code   866  stm32f1xx_hal_pcd.o(i.PCD_EP_ISR_Handler)
    i.PendSV_Handler                         0x08003b3e   Section        0  stm32f1xx_it.o(i.PendSV_Handler)
    i.SVC_Handler                            0x08003b40   Section        0  stm32f1xx_it.o(i.SVC_Handler)
    i.SysTick_Handler                        0x08003b42   Section        0  stm32f1xx_it.o(i.SysTick_Handler)
    i.SystemClock_Config                     0x08003b46   Section        0  main.o(i.SystemClock_Config)
    i.SystemInit                             0x08003bac   Section        0  system_stm32f1xx.o(i.SystemInit)
    i.TIM_Base_SetConfig                     0x08003bf4   Section        0  stm32f1xx_hal_tim.o(i.TIM_Base_SetConfig)
    i.TIM_CCxChannelCmd                      0x08003c80   Section        0  stm32f1xx_hal_tim.o(i.TIM_CCxChannelCmd)
    i.TIM_ETR_SetConfig                      0x08003d34   Section        0  stm32f1xx_hal_tim.o(i.TIM_ETR_SetConfig)
    TIM_ETR_SetConfig                        0x08003d35   Thumb Code    20  stm32f1xx_hal_tim.o(i.TIM_ETR_SetConfig)
    i.TIM_ITRx_SetConfig                     0x08003d48   Section        0  stm32f1xx_hal_tim.o(i.TIM_ITRx_SetConfig)
    TIM_ITRx_SetConfig                       0x08003d49   Thumb Code    16  stm32f1xx_hal_tim.o(i.TIM_ITRx_SetConfig)
    i.TIM_OC1_SetConfig                      0x08003d58   Section        0  stm32f1xx_hal_tim.o(i.TIM_OC1_SetConfig)
    TIM_OC1_SetConfig                        0x08003d59   Thumb Code   162  stm32f1xx_hal_tim.o(i.TIM_OC1_SetConfig)
    i.TIM_OC2_SetConfig                      0x08003e3c   Section        0  stm32f1xx_hal_tim.o(i.TIM_OC2_SetConfig)
    i.TIM_OC3_SetConfig                      0x08003f28   Section        0  stm32f1xx_hal_tim.o(i.TIM_OC3_SetConfig)
    TIM_OC3_SetConfig                        0x08003f29   Thumb Code   170  stm32f1xx_hal_tim.o(i.TIM_OC3_SetConfig)
    i.TIM_OC4_SetConfig                      0x08004014   Section        0  stm32f1xx_hal_tim.o(i.TIM_OC4_SetConfig)
    TIM_OC4_SetConfig                        0x08004015   Thumb Code   100  stm32f1xx_hal_tim.o(i.TIM_OC4_SetConfig)
    i.TIM_TI1_ConfigInputStage               0x080040b8   Section        0  stm32f1xx_hal_tim.o(i.TIM_TI1_ConfigInputStage)
    TIM_TI1_ConfigInputStage                 0x080040b9   Thumb Code    34  stm32f1xx_hal_tim.o(i.TIM_TI1_ConfigInputStage)
    i.TIM_TI2_ConfigInputStage               0x080040da   Section        0  stm32f1xx_hal_tim.o(i.TIM_TI2_ConfigInputStage)
    TIM_TI2_ConfigInputStage                 0x080040db   Thumb Code    36  stm32f1xx_hal_tim.o(i.TIM_TI2_ConfigInputStage)
    i.USBD_CDC_DataIn                        0x080040fe   Section        0  usbd_cdc.o(i.USBD_CDC_DataIn)
    USBD_CDC_DataIn                          0x080040ff   Thumb Code    20  usbd_cdc.o(i.USBD_CDC_DataIn)
    i.USBD_CDC_DataOut                       0x08004112   Section        0  usbd_cdc.o(i.USBD_CDC_DataOut)
    USBD_CDC_DataOut                         0x08004113   Thumb Code    46  usbd_cdc.o(i.USBD_CDC_DataOut)
    i.USBD_CDC_DeInit                        0x08004140   Section        0  usbd_cdc.o(i.USBD_CDC_DeInit)
    USBD_CDC_DeInit                          0x08004141   Thumb Code    60  usbd_cdc.o(i.USBD_CDC_DeInit)
    i.USBD_CDC_EP0_RxReady                   0x0800417c   Section        0  usbd_cdc.o(i.USBD_CDC_EP0_RxReady)
    USBD_CDC_EP0_RxReady                     0x0800417d   Thumb Code    36  usbd_cdc.o(i.USBD_CDC_EP0_RxReady)
    i.USBD_CDC_GetDeviceQualifierDescriptor  0x080041a0   Section        0  usbd_cdc.o(i.USBD_CDC_GetDeviceQualifierDescriptor)
    i.USBD_CDC_GetFSCfgDesc                  0x080041ac   Section        0  usbd_cdc.o(i.USBD_CDC_GetFSCfgDesc)
    USBD_CDC_GetFSCfgDesc                    0x080041ad   Thumb Code     8  usbd_cdc.o(i.USBD_CDC_GetFSCfgDesc)
    i.USBD_CDC_GetHSCfgDesc                  0x080041b8   Section        0  usbd_cdc.o(i.USBD_CDC_GetHSCfgDesc)
    USBD_CDC_GetHSCfgDesc                    0x080041b9   Thumb Code     8  usbd_cdc.o(i.USBD_CDC_GetHSCfgDesc)
    i.USBD_CDC_GetOtherSpeedCfgDesc          0x080041c4   Section        0  usbd_cdc.o(i.USBD_CDC_GetOtherSpeedCfgDesc)
    USBD_CDC_GetOtherSpeedCfgDesc            0x080041c5   Thumb Code     8  usbd_cdc.o(i.USBD_CDC_GetOtherSpeedCfgDesc)
    i.USBD_CDC_Init                          0x080041d0   Section        0  usbd_cdc.o(i.USBD_CDC_Init)
    USBD_CDC_Init                            0x080041d1   Thumb Code   136  usbd_cdc.o(i.USBD_CDC_Init)
    i.USBD_CDC_ReceivePacket                 0x08004258   Section        0  usbd_cdc.o(i.USBD_CDC_ReceivePacket)
    i.USBD_CDC_RegisterInterface             0x08004280   Section        0  usbd_cdc.o(i.USBD_CDC_RegisterInterface)
    i.USBD_CDC_SetRxBuffer                   0x08004290   Section        0  usbd_cdc.o(i.USBD_CDC_SetRxBuffer)
    i.USBD_CDC_SetTxBuffer                   0x0800429c   Section        0  usbd_cdc.o(i.USBD_CDC_SetTxBuffer)
    i.USBD_CDC_Setup                         0x080042ac   Section        0  usbd_cdc.o(i.USBD_CDC_Setup)
    USBD_CDC_Setup                           0x080042ad   Thumb Code   106  usbd_cdc.o(i.USBD_CDC_Setup)
    i.USBD_CDC_TransmitPacket                0x0800431c   Section        0  usbd_cdc.o(i.USBD_CDC_TransmitPacket)
    i.USBD_ClrClassConfig                    0x0800434c   Section        0  usbd_core.o(i.USBD_ClrClassConfig)
    i.USBD_CtlContinueRx                     0x0800435a   Section        0  usbd_ioreq.o(i.USBD_CtlContinueRx)
    i.USBD_CtlContinueSendData               0x0800436a   Section        0  usbd_ioreq.o(i.USBD_CtlContinueSendData)
    i.USBD_CtlError                          0x0800437a   Section        0  usbd_ctlreq.o(i.USBD_CtlError)
    i.USBD_CtlPrepareRx                      0x08004390   Section        0  usbd_ioreq.o(i.USBD_CtlPrepareRx)
    i.USBD_CtlReceiveStatus                  0x080043ae   Section        0  usbd_ioreq.o(i.USBD_CtlReceiveStatus)
    i.USBD_CtlSendData                       0x080043c4   Section        0  usbd_ioreq.o(i.USBD_CtlSendData)
    i.USBD_CtlSendStatus                     0x080043de   Section        0  usbd_ioreq.o(i.USBD_CtlSendStatus)
    i.USBD_FS_ConfigStrDescriptor            0x080043f4   Section        0  usbd_desc.o(i.USBD_FS_ConfigStrDescriptor)
    i.USBD_FS_DeviceDescriptor               0x08004414   Section        0  usbd_desc.o(i.USBD_FS_DeviceDescriptor)
    i.USBD_FS_InterfaceStrDescriptor         0x08004420   Section        0  usbd_desc.o(i.USBD_FS_InterfaceStrDescriptor)
    i.USBD_FS_LangIDStrDescriptor            0x08004444   Section        0  usbd_desc.o(i.USBD_FS_LangIDStrDescriptor)
    i.USBD_FS_ManufacturerStrDescriptor      0x08004450   Section        0  usbd_desc.o(i.USBD_FS_ManufacturerStrDescriptor)
    i.USBD_FS_ProductStrDescriptor           0x08004478   Section        0  usbd_desc.o(i.USBD_FS_ProductStrDescriptor)
    i.USBD_FS_SerialStrDescriptor            0x080044a4   Section        0  usbd_desc.o(i.USBD_FS_SerialStrDescriptor)
    i.USBD_GetDescriptor                     0x080044dc   Section        0  usbd_ctlreq.o(i.USBD_GetDescriptor)
    USBD_GetDescriptor                       0x080044dd   Thumb Code   224  usbd_ctlreq.o(i.USBD_GetDescriptor)
    i.USBD_GetString                         0x080045bc   Section        0  usbd_ctlreq.o(i.USBD_GetString)
    i.USBD_Get_USB_Status                    0x08004602   Section        0  usbd_conf.o(i.USBD_Get_USB_Status)
    USBD_Get_USB_Status                      0x08004603   Thumb Code    24  usbd_conf.o(i.USBD_Get_USB_Status)
    i.USBD_Init                              0x0800461a   Section        0  usbd_core.o(i.USBD_Init)
    i.USBD_LL_ClearStallEP                   0x08004644   Section        0  usbd_conf.o(i.USBD_LL_ClearStallEP)
    i.USBD_LL_CloseEP                        0x08004656   Section        0  usbd_conf.o(i.USBD_LL_CloseEP)
    i.USBD_LL_DataInStage                    0x08004668   Section        0  usbd_core.o(i.USBD_LL_DataInStage)
    i.USBD_LL_DataOutStage                   0x08004712   Section        0  usbd_core.o(i.USBD_LL_DataOutStage)
    i.USBD_LL_GetRxDataSize                  0x0800477c   Section        0  usbd_conf.o(i.USBD_LL_GetRxDataSize)
    i.USBD_LL_Init                           0x08004784   Section        0  usbd_conf.o(i.USBD_LL_Init)
    i.USBD_LL_IsStallEP                      0x08004804   Section        0  usbd_conf.o(i.USBD_LL_IsStallEP)
    i.USBD_LL_OpenEP                         0x08004820   Section        0  usbd_conf.o(i.USBD_LL_OpenEP)
    i.USBD_LL_PrepareReceive                 0x08004838   Section        0  usbd_conf.o(i.USBD_LL_PrepareReceive)
    i.USBD_LL_Reset                          0x0800484a   Section        0  usbd_core.o(i.USBD_LL_Reset)
    i.USBD_LL_Resume                         0x08004888   Section        0  usbd_core.o(i.USBD_LL_Resume)
    i.USBD_LL_SOF                            0x08004894   Section        0  usbd_core.o(i.USBD_LL_SOF)
    i.USBD_LL_SetSpeed                       0x080048ac   Section        0  usbd_core.o(i.USBD_LL_SetSpeed)
    i.USBD_LL_SetUSBAddress                  0x080048b2   Section        0  usbd_conf.o(i.USBD_LL_SetUSBAddress)
    i.USBD_LL_SetupStage                     0x080048c4   Section        0  usbd_core.o(i.USBD_LL_SetupStage)
    i.USBD_LL_StallEP                        0x0800491e   Section        0  usbd_conf.o(i.USBD_LL_StallEP)
    i.USBD_LL_Start                          0x08004930   Section        0  usbd_conf.o(i.USBD_LL_Start)
    i.USBD_LL_Suspend                        0x08004942   Section        0  usbd_core.o(i.USBD_LL_Suspend)
    i.USBD_LL_Transmit                       0x08004954   Section        0  usbd_conf.o(i.USBD_LL_Transmit)
    i.USBD_ParseSetupRequest                 0x08004966   Section        0  usbd_ctlreq.o(i.USBD_ParseSetupRequest)
    i.USBD_RegisterClass                     0x0800498e   Section        0  usbd_core.o(i.USBD_RegisterClass)
    i.USBD_SetClassConfig                    0x0800499e   Section        0  usbd_core.o(i.USBD_SetClassConfig)
    i.USBD_SetConfig                         0x080049b4   Section        0  usbd_ctlreq.o(i.USBD_SetConfig)
    USBD_SetConfig                           0x080049b5   Thumb Code   110  usbd_ctlreq.o(i.USBD_SetConfig)
    i.USBD_Start                             0x08004a28   Section        0  usbd_core.o(i.USBD_Start)
    i.USBD_StdDevReq                         0x08004a32   Section        0  usbd_ctlreq.o(i.USBD_StdDevReq)
    i.USBD_StdEPReq                          0x08004b24   Section        0  usbd_ctlreq.o(i.USBD_StdEPReq)
    i.USBD_StdItfReq                         0x08004c00   Section        0  usbd_ctlreq.o(i.USBD_StdItfReq)
    i.USBD_static_free                       0x08004c34   Section        0  usbd_conf.o(i.USBD_static_free)
    i.USBD_static_malloc                     0x08004c38   Section        0  usbd_conf.o(i.USBD_static_malloc)
    i.USB_ActivateEndpoint                   0x08004c40   Section        0  stm32f1xx_ll_usb.o(i.USB_ActivateEndpoint)
    i.USB_CoreInit                           0x08004e9c   Section        0  stm32f1xx_ll_usb.o(i.USB_CoreInit)
    i.USB_DeactivateEndpoint                 0x08004ea0   Section        0  stm32f1xx_ll_usb.o(i.USB_DeactivateEndpoint)
    i.USB_DevConnect                         0x08004fc4   Section        0  stm32f1xx_ll_usb.o(i.USB_DevConnect)
    i.USB_DevDisconnect                      0x08004fc8   Section        0  stm32f1xx_ll_usb.o(i.USB_DevDisconnect)
    i.USB_DevInit                            0x08004fcc   Section        0  stm32f1xx_ll_usb.o(i.USB_DevInit)
    i.USB_DisableGlobalInt                   0x08004fea   Section        0  stm32f1xx_ll_usb.o(i.USB_DisableGlobalInt)
    i.USB_EP0_OutStart                       0x08004ff8   Section        0  stm32f1xx_ll_usb.o(i.USB_EP0_OutStart)
    i.USB_EPClearStall                       0x08004ffc   Section        0  stm32f1xx_ll_usb.o(i.USB_EPClearStall)
    i.USB_EPSetStall                         0x08005066   Section        0  stm32f1xx_ll_usb.o(i.USB_EPSetStall)
    i.USB_EPStartXfer                        0x080050b0   Section        0  stm32f1xx_ll_usb.o(i.USB_EPStartXfer)
    i.USB_EnableGlobalInt                    0x0800525a   Section        0  stm32f1xx_ll_usb.o(i.USB_EnableGlobalInt)
    i.USB_LP_CAN1_RX0_IRQHandler             0x08005268   Section        0  stm32f1xx_it.o(i.USB_LP_CAN1_RX0_IRQHandler)
    i.USB_ReadInterrupts                     0x08005274   Section        0  stm32f1xx_ll_usb.o(i.USB_ReadInterrupts)
    i.USB_ReadPMA                            0x0800527c   Section        0  stm32f1xx_ll_usb.o(i.USB_ReadPMA)
    i.USB_SetCurrentMode                     0x0800529a   Section        0  stm32f1xx_ll_usb.o(i.USB_SetCurrentMode)
    i.USB_SetDevAddress                      0x0800529e   Section        0  stm32f1xx_ll_usb.o(i.USB_SetDevAddress)
    i.USB_WritePMA                           0x080052aa   Section        0  stm32f1xx_ll_usb.o(i.USB_WritePMA)
    i.UsageFault_Handler                     0x080052d0   Section        0  stm32f1xx_it.o(i.UsageFault_Handler)
    i.__0sprintf                             0x080052d4   Section        0  printfa.o(i.__0sprintf)
    i.__scatterload_copy                     0x080052fc   Section       14  handlers.o(i.__scatterload_copy)
    i.__scatterload_null                     0x0800530a   Section        2  handlers.o(i.__scatterload_null)
    i.__scatterload_zeroinit                 0x0800530c   Section       14  handlers.o(i.__scatterload_zeroinit)
    i._fp_digits                             0x0800531c   Section        0  printfa.o(i._fp_digits)
    _fp_digits                               0x0800531d   Thumb Code   366  printfa.o(i._fp_digits)
    i._printf_core                           0x080054a0   Section        0  printfa.o(i._printf_core)
    _printf_core                             0x080054a1   Thumb Code  1744  printfa.o(i._printf_core)
    i._printf_post_padding                   0x08005b7c   Section        0  printfa.o(i._printf_post_padding)
    _printf_post_padding                     0x08005b7d   Thumb Code    36  printfa.o(i._printf_post_padding)
    i._printf_pre_padding                    0x08005ba0   Section        0  printfa.o(i._printf_pre_padding)
    _printf_pre_padding                      0x08005ba1   Thumb Code    46  printfa.o(i._printf_pre_padding)
    i._sputc                                 0x08005bce   Section        0  printfa.o(i._sputc)
    _sputc                                   0x08005bcf   Thumb Code    10  printfa.o(i._sputc)
    i.assert_failed                          0x08005bd8   Section        0  main.o(i.assert_failed)
    i.main                                   0x08005bdc   Section        0  main.o(i.main)
    .constdata                               0x08005ca8   Section       16  system_stm32f1xx.o(.constdata)
    .data                                    0x20000000   Section       17  main.o(.data)
    .data                                    0x20000014   Section       28  usbd_desc.o(.data)
    .data                                    0x20000030   Section       50  usbd_desc.o(.data)
    .data                                    0x20000064   Section       16  usbd_cdc_if.o(.data)
    .data                                    0x20000074   Section       12  stm32f1xx_hal.o(.data)
    .data                                    0x20000080   Section        4  system_stm32f1xx.o(.data)
    .data                                    0x20000084   Section        1  usbd_ctlreq.o(.data)
    cfgidx                                   0x20000084   Data           1  usbd_ctlreq.o(.data)
    .data                                    0x20000088   Section      219  usbd_cdc.o(.data)
    ifalt                                    0x20000088   Data           1  usbd_cdc.o(.data)
    USBD_CDC_DeviceQualifierDesc             0x2000008c   Data          10  usbd_cdc.o(.data)
    .data                                    0x20000164   Section       56  usbd_cdc.o(.data)
    .bss                                     0x2000019c   Section      176  main.o(.bss)
    .bss                                     0x2000024c   Section       68  main.o(.bss)
    .bss                                     0x20000290   Section      548  usb_device.o(.bss)
    .bss                                     0x200004b4   Section     1664  usbd_conf.o(.bss)
    mem                                      0x200004b4   Data         544  usbd_conf.o(.bss)
    .bss                                     0x20000b34   Section      512  usbd_desc.o(.bss)
    .bss                                     0x20000d34   Section      100  usbd_cdc_if.o(.bss)
    STACK                                    0x20000d98   Section     1024  startup_stm32f103xe.o(STACK)

    Global Symbols

    Symbol Name                              Value     Ov Type        Size  Object(Section)

    BuildAttributes$$THM_ISAv4$P$D$K$B$S$PE$A:L22UL41UL21$X:L11$S22US41US21$IEEE1$IW$USESV6$~STKCKD$USESV7$~SHL$OSPACE$ROPI$EBA8$MICROLIB$REQ8$PRES8$EABIv2 0x00000000   Number         0  anon$$obj.o ABSOLUTE
    __ARM_use_no_argv                        0x00000000   Number         0  main.o ABSOLUTE
    _printf_a                                0x00000000   Number         0  stubs.o ABSOLUTE
    _printf_c                                0x00000000   Number         0  stubs.o ABSOLUTE
    _printf_charcount                        0x00000000   Number         0  stubs.o ABSOLUTE
    _printf_d                                0x00000000   Number         0  stubs.o ABSOLUTE
    _printf_e                                0x00000000   Number         0  stubs.o ABSOLUTE
    _printf_f                                0x00000000   Number         0  stubs.o ABSOLUTE
    _printf_flags                            0x00000000   Number         0  stubs.o ABSOLUTE
    _printf_fp_dec                           0x00000000   Number         0  stubs.o ABSOLUTE
    _printf_fp_hex                           0x00000000   Number         0  stubs.o ABSOLUTE
    _printf_g                                0x00000000   Number         0  stubs.o ABSOLUTE
    _printf_i                                0x00000000   Number         0  stubs.o ABSOLUTE
    _printf_int_dec                          0x00000000   Number         0  stubs.o ABSOLUTE
    _printf_l                                0x00000000   Number         0  stubs.o ABSOLUTE
    _printf_lc                               0x00000000   Number         0  stubs.o ABSOLUTE
    _printf_ll                               0x00000000   Number         0  stubs.o ABSOLUTE
    _printf_lld                              0x00000000   Number         0  stubs.o ABSOLUTE
    _printf_lli                              0x00000000   Number         0  stubs.o ABSOLUTE
    _printf_llo                              0x00000000   Number         0  stubs.o ABSOLUTE
    _printf_llu                              0x00000000   Number         0  stubs.o ABSOLUTE
    _printf_llx                              0x00000000   Number         0  stubs.o ABSOLUTE
    _printf_longlong_dec                     0x00000000   Number         0  stubs.o ABSOLUTE
    _printf_longlong_hex                     0x00000000   Number         0  stubs.o ABSOLUTE
    _printf_longlong_oct                     0x00000000   Number         0  stubs.o ABSOLUTE
    _printf_ls                               0x00000000   Number         0  stubs.o ABSOLUTE
    _printf_mbtowc                           0x00000000   Number         0  stubs.o ABSOLUTE
    _printf_n                                0x00000000   Number         0  stubs.o ABSOLUTE
    _printf_o                                0x00000000   Number         0  stubs.o ABSOLUTE
    _printf_p                                0x00000000   Number         0  stubs.o ABSOLUTE
    _printf_percent                          0x00000000   Number         0  stubs.o ABSOLUTE
    _printf_pre_padding                      0x00000000   Number         0  stubs.o ABSOLUTE
    _printf_return_value                     0x00000000   Number         0  stubs.o ABSOLUTE
    _printf_s                                0x00000000   Number         0  stubs.o ABSOLUTE
    _printf_sizespec                         0x00000000   Number         0  stubs.o ABSOLUTE
    _printf_str                              0x00000000   Number         0  stubs.o ABSOLUTE
    _printf_truncate_signed                  0x00000000   Number         0  stubs.o ABSOLUTE
    _printf_truncate_unsigned                0x00000000   Number         0  stubs.o ABSOLUTE
    _printf_u                                0x00000000   Number         0  stubs.o ABSOLUTE
    _printf_wc                               0x00000000   Number         0  stubs.o ABSOLUTE
    _printf_wctomb                           0x00000000   Number         0  stubs.o ABSOLUTE
    _printf_widthprec                        0x00000000   Number         0  stubs.o ABSOLUTE
    _printf_x                                0x00000000   Number         0  stubs.o ABSOLUTE
    __cpp_initialize__aeabi_                  - Undefined Weak Reference
    __cxa_finalize                            - Undefined Weak Reference
    _clock_init                               - Undefined Weak Reference
    _microlib_exit                            - Undefined Weak Reference
    __Vectors_Size                           0x00000130   Number         0  startup_stm32f103xe.o ABSOLUTE
    __Vectors                                0x08000000   Data           4  startup_stm32f103xe.o(RESET)
    __Vectors_End                            0x08000130   Data           0  startup_stm32f103xe.o(RESET)
    __main                                   0x08000131   Thumb Code     0  entry.o(.ARM.Collect$$$$00000000)
    _main_stk                                0x08000131   Thumb Code     0  entry2.o(.ARM.Collect$$$$00000001)
    _main_scatterload                        0x08000135   Thumb Code     0  entry5.o(.ARM.Collect$$$$00000004)
    __main_after_scatterload                 0x08000139   Thumb Code     0  entry5.o(.ARM.Collect$$$$00000004)
    _main_clock                              0x08000139   Thumb Code     0  entry7b.o(.ARM.Collect$$$$00000008)
    _main_cpp_init                           0x08000139   Thumb Code     0  entry8b.o(.ARM.Collect$$$$0000000A)
    _main_init                               0x08000139   Thumb Code     0  entry9a.o(.ARM.Collect$$$$0000000B)
    __rt_final_cpp                           0x08000141   Thumb Code     0  entry10a.o(.ARM.Collect$$$$0000000D)
    __rt_final_exit                          0x08000141   Thumb Code     0  entry11a.o(.ARM.Collect$$$$0000000F)
    Reset_Handler                            0x08000145   Thumb Code     8  startup_stm32f103xe.o(.text)
    ADC1_2_IRQHandler                        0x0800015f   Thumb Code     0  startup_stm32f103xe.o(.text)
    ADC3_IRQHandler                          0x0800015f   Thumb Code     0  startup_stm32f103xe.o(.text)
    CAN1_RX1_IRQHandler                      0x0800015f   Thumb Code     0  startup_stm32f103xe.o(.text)
    CAN1_SCE_IRQHandler                      0x0800015f   Thumb Code     0  startup_stm32f103xe.o(.text)
    DMA1_Channel2_IRQHandler                 0x0800015f   Thumb Code     0  startup_stm32f103xe.o(.text)
    DMA1_Channel3_IRQHandler                 0x0800015f   Thumb Code     0  startup_stm32f103xe.o(.text)
    DMA1_Channel4_IRQHandler                 0x0800015f   Thumb Code     0  startup_stm32f103xe.o(.text)
    DMA1_Channel5_IRQHandler                 0x0800015f   Thumb Code     0  startup_stm32f103xe.o(.text)
    DMA1_Channel6_IRQHandler                 0x0800015f   Thumb Code     0  startup_stm32f103xe.o(.text)
    DMA1_Channel7_IRQHandler                 0x0800015f   Thumb Code     0  startup_stm32f103xe.o(.text)
    DMA2_Channel1_IRQHandler                 0x0800015f   Thumb Code     0  startup_stm32f103xe.o(.text)
    DMA2_Channel2_IRQHandler                 0x0800015f   Thumb Code     0  startup_stm32f103xe.o(.text)
    DMA2_Channel3_IRQHandler                 0x0800015f   Thumb Code     0  startup_stm32f103xe.o(.text)
    DMA2_Channel4_5_IRQHandler               0x0800015f   Thumb Code     0  startup_stm32f103xe.o(.text)
    EXTI0_IRQHandler                         0x0800015f   Thumb Code     0  startup_stm32f103xe.o(.text)
    EXTI15_10_IRQHandler                     0x0800015f   Thumb Code     0  startup_stm32f103xe.o(.text)
    EXTI1_IRQHandler                         0x0800015f   Thumb Code     0  startup_stm32f103xe.o(.text)
    EXTI2_IRQHandler                         0x0800015f   Thumb Code     0  startup_stm32f103xe.o(.text)
    EXTI3_IRQHandler                         0x0800015f   Thumb Code     0  startup_stm32f103xe.o(.text)
    EXTI4_IRQHandler                         0x0800015f   Thumb Code     0  startup_stm32f103xe.o(.text)
    EXTI9_5_IRQHandler                       0x0800015f   Thumb Code     0  startup_stm32f103xe.o(.text)
    FLASH_IRQHandler                         0x0800015f   Thumb Code     0  startup_stm32f103xe.o(.text)
    FSMC_IRQHandler                          0x0800015f   Thumb Code     0  startup_stm32f103xe.o(.text)
    I2C1_ER_IRQHandler                       0x0800015f   Thumb Code     0  startup_stm32f103xe.o(.text)
    I2C1_EV_IRQHandler                       0x0800015f   Thumb Code     0  startup_stm32f103xe.o(.text)
    I2C2_ER_IRQHandler                       0x0800015f   Thumb Code     0  startup_stm32f103xe.o(.text)
    I2C2_EV_IRQHandler                       0x0800015f   Thumb Code     0  startup_stm32f103xe.o(.text)
    PVD_IRQHandler                           0x0800015f   Thumb Code     0  startup_stm32f103xe.o(.text)
    RCC_IRQHandler                           0x0800015f   Thumb Code     0  startup_stm32f103xe.o(.text)
    RTC_Alarm_IRQHandler                     0x0800015f   Thumb Code     0  startup_stm32f103xe.o(.text)
    RTC_IRQHandler                           0x0800015f   Thumb Code     0  startup_stm32f103xe.o(.text)
    SDIO_IRQHandler                          0x0800015f   Thumb Code     0  startup_stm32f103xe.o(.text)
    SPI1_IRQHandler                          0x0800015f   Thumb Code     0  startup_stm32f103xe.o(.text)
    SPI2_IRQHandler                          0x0800015f   Thumb Code     0  startup_stm32f103xe.o(.text)
    SPI3_IRQHandler                          0x0800015f   Thumb Code     0  startup_stm32f103xe.o(.text)
    TAMPER_IRQHandler                        0x0800015f   Thumb Code     0  startup_stm32f103xe.o(.text)
    TIM1_BRK_IRQHandler                      0x0800015f   Thumb Code     0  startup_stm32f103xe.o(.text)
    TIM1_CC_IRQHandler                       0x0800015f   Thumb Code     0  startup_stm32f103xe.o(.text)
    TIM1_TRG_COM_IRQHandler                  0x0800015f   Thumb Code     0  startup_stm32f103xe.o(.text)
    TIM1_UP_IRQHandler                       0x0800015f   Thumb Code     0  startup_stm32f103xe.o(.text)
    TIM2_IRQHandler                          0x0800015f   Thumb Code     0  startup_stm32f103xe.o(.text)
    TIM3_IRQHandler                          0x0800015f   Thumb Code     0  startup_stm32f103xe.o(.text)
    TIM4_IRQHandler                          0x0800015f   Thumb Code     0  startup_stm32f103xe.o(.text)
    TIM5_IRQHandler                          0x0800015f   Thumb Code     0  startup_stm32f103xe.o(.text)
    TIM6_IRQHandler                          0x0800015f   Thumb Code     0  startup_stm32f103xe.o(.text)
    TIM7_IRQHandler                          0x0800015f   Thumb Code     0  startup_stm32f103xe.o(.text)
    TIM8_BRK_IRQHandler                      0x0800015f   Thumb Code     0  startup_stm32f103xe.o(.text)
    TIM8_CC_IRQHandler                       0x0800015f   Thumb Code     0  startup_stm32f103xe.o(.text)
    TIM8_TRG_COM_IRQHandler                  0x0800015f   Thumb Code     0  startup_stm32f103xe.o(.text)
    TIM8_UP_IRQHandler                       0x0800015f   Thumb Code     0  startup_stm32f103xe.o(.text)
    UART4_IRQHandler                         0x0800015f   Thumb Code     0  startup_stm32f103xe.o(.text)
    UART5_IRQHandler                         0x0800015f   Thumb Code     0  startup_stm32f103xe.o(.text)
    USART1_IRQHandler                        0x0800015f   Thumb Code     0  startup_stm32f103xe.o(.text)
    USART2_IRQHandler                        0x0800015f   Thumb Code     0  startup_stm32f103xe.o(.text)
    USART3_IRQHandler                        0x0800015f   Thumb Code     0  startup_stm32f103xe.o(.text)
    USBWakeUp_IRQHandler                     0x0800015f   Thumb Code     0  startup_stm32f103xe.o(.text)
    USB_HP_CAN1_TX_IRQHandler                0x0800015f   Thumb Code     0  startup_stm32f103xe.o(.text)
    WWDG_IRQHandler                          0x0800015f   Thumb Code     0  startup_stm32f103xe.o(.text)
    __aeabi_llsr                             0x08000169   Thumb Code    32  llushr.o(.text)
    _ll_ushift_r                             0x08000169   Thumb Code     0  llushr.o(.text)
    __aeabi_memcpy                           0x08000189   Thumb Code    36  memcpya.o(.text)
    __aeabi_memcpy4                          0x08000189   Thumb Code     0  memcpya.o(.text)
    __aeabi_memcpy8                          0x08000189   Thumb Code     0  memcpya.o(.text)
    __aeabi_memset                           0x080001ad   Thumb Code    14  memseta.o(.text)
    __aeabi_memset4                          0x080001ad   Thumb Code     0  memseta.o(.text)
    __aeabi_memset8                          0x080001ad   Thumb Code     0  memseta.o(.text)
    __aeabi_memclr                           0x080001bb   Thumb Code     4  memseta.o(.text)
    __aeabi_memclr4                          0x080001bb   Thumb Code     0  memseta.o(.text)
    __aeabi_memclr8                          0x080001bb   Thumb Code     0  memseta.o(.text)
    _memset$wrapper                          0x080001bf   Thumb Code    18  memseta.o(.text)
    __aeabi_dmul                             0x080001d1   Thumb Code   228  dmul.o(.text)
    __ARM_scalbn                             0x080002b5   Thumb Code    46  dscalb.o(.text)
    scalbn                                   0x080002b5   Thumb Code     0  dscalb.o(.text)
    __aeabi_ui2d                             0x080002e3   Thumb Code    26  dfltui.o(.text)
    __aeabi_uidiv                            0x080002fd   Thumb Code     0  uidiv.o(.text)
    __aeabi_uidivmod                         0x080002fd   Thumb Code    44  uidiv.o(.text)
    __aeabi_uldivmod                         0x08000329   Thumb Code    98  uldiv.o(.text)
    __I$use$fp                               0x0800038b   Thumb Code     0  iusefp.o(.text)
    _double_round                            0x0800038b   Thumb Code    30  depilogue.o(.text)
    _double_epilogue                         0x080003a9   Thumb Code   156  depilogue.o(.text)
    __aeabi_dadd                             0x08000445   Thumb Code   322  dadd.o(.text)
    __aeabi_dsub                             0x08000587   Thumb Code     6  dadd.o(.text)
    __aeabi_drsub                            0x0800058d   Thumb Code     6  dadd.o(.text)
    __aeabi_ddiv                             0x08000593   Thumb Code   222  ddiv.o(.text)
    __aeabi_d2ulz                            0x08000671   Thumb Code    48  dfixul.o(.text)
    __aeabi_cdrcmple                         0x080006a1   Thumb Code    48  cdrcmple.o(.text)
    __scatterload                            0x080006d1   Thumb Code    28  init.o(.text)
    __scatterload_rt2                        0x080006d1   Thumb Code     0  init.o(.text)
    __aeabi_llsl                             0x080006f5   Thumb Code    30  llshl.o(.text)
    _ll_shift_l                              0x080006f5   Thumb Code     0  llshl.o(.text)
    __aeabi_lasr                             0x08000713   Thumb Code    36  llsshr.o(.text)
    _ll_sshift_r                             0x08000713   Thumb Code     0  llsshr.o(.text)
    __decompress                             0x08000737   Thumb Code     0  __dczerorl2.o(.text)
    __decompress1                            0x08000737   Thumb Code    86  __dczerorl2.o(.text)
    ADC_ConversionStop_Disable               0x0800078d   Thumb Code    76  stm32f1xx_hal_adc.o(i.ADC_ConversionStop_Disable)
    ADC_DMAConvCplt                          0x080007d9   Thumb Code    78  stm32f1xx_hal_adc.o(i.ADC_DMAConvCplt)
    ADC_DMAError                             0x08000827   Thumb Code    26  stm32f1xx_hal_adc.o(i.ADC_DMAError)
    ADC_DMAHalfConvCplt                      0x08000841   Thumb Code    10  stm32f1xx_hal_adc.o(i.ADC_DMAHalfConvCplt)
    ADC_Enable                               0x0800084d   Thumb Code   104  stm32f1xx_hal_adc.o(i.ADC_Enable)
    BusFault_Handler                         0x080008bd   Thumb Code     2  stm32f1xx_it.o(i.BusFault_Handler)
    CDC_Transmit_FS                          0x08000905   Thumb Code    38  usbd_cdc_if.o(i.CDC_Transmit_FS)
    DMA1_Channel1_IRQHandler                 0x08000931   Thumb Code     6  stm32f1xx_it.o(i.DMA1_Channel1_IRQHandler)
    DebugMon_Handler                         0x08000967   Thumb Code     2  stm32f1xx_it.o(i.DebugMon_Handler)
    Error_Handler                            0x08000969   Thumb Code     2  main.o(i.Error_Handler)
    HAL_ADC_ConfigChannel                    0x0800096d   Thumb Code   476  stm32f1xx_hal_adc.o(i.HAL_ADC_ConfigChannel)
    HAL_ADC_ConvCpltCallback                 0x08000b95   Thumb Code     2  stm32f1xx_hal_adc.o(i.HAL_ADC_ConvCpltCallback)
    HAL_ADC_ConvHalfCpltCallback             0x08000b97   Thumb Code     2  stm32f1xx_hal_adc.o(i.HAL_ADC_ConvHalfCpltCallback)
    HAL_ADC_ErrorCallback                    0x08000b99   Thumb Code     2  stm32f1xx_hal_adc.o(i.HAL_ADC_ErrorCallback)
    HAL_ADC_Init                             0x08000b9d   Thumb Code   484  stm32f1xx_hal_adc.o(i.HAL_ADC_Init)
    HAL_ADC_MspInit                          0x08000dd1   Thumb Code   124  stm32f1xx_hal_msp.o(i.HAL_ADC_MspInit)
    HAL_ADC_Start_DMA                        0x08000e61   Thumb Code   270  stm32f1xx_hal_adc.o(i.HAL_ADC_Start_DMA)
    HAL_DMA_IRQHandler                       0x08000fc1   Thumb Code   552  stm32f1xx_hal_dma.o(i.HAL_DMA_IRQHandler)
    HAL_DMA_Init                             0x08001209   Thumb Code   368  stm32f1xx_hal_dma.o(i.HAL_DMA_Init)
    HAL_DMA_Start_IT                         0x080013b9   Thumb Code   148  stm32f1xx_hal_dma.o(i.HAL_DMA_Start_IT)
    HAL_Delay                                0x08001485   Thumb Code    32  stm32f1xx_hal.o(i.HAL_Delay)
    HAL_GPIO_Init                            0x080014a9   Thumb Code   728  stm32f1xx_hal_gpio.o(i.HAL_GPIO_Init)
    HAL_GetTick                              0x08001805   Thumb Code     6  stm32f1xx_hal.o(i.HAL_GetTick)
    HAL_IncTick                              0x08001811   Thumb Code    12  stm32f1xx_hal.o(i.HAL_IncTick)
    HAL_Init                                 0x08001821   Thumb Code    32  stm32f1xx_hal.o(i.HAL_Init)
    HAL_InitTick                             0x08001845   Thumb Code    54  stm32f1xx_hal.o(i.HAL_InitTick)
    HAL_MspInit                              0x08001885   Thumb Code    52  stm32f1xx_hal_msp.o(i.HAL_MspInit)
    HAL_NVIC_EnableIRQ                       0x080018c1   Thumb Code    36  stm32f1xx_hal_cortex.o(i.HAL_NVIC_EnableIRQ)
    HAL_NVIC_SetPriority                     0x08001921   Thumb Code    94  stm32f1xx_hal_cortex.o(i.HAL_NVIC_SetPriority)
    HAL_NVIC_SetPriorityGrouping             0x080019c1   Thumb Code    58  stm32f1xx_hal_cortex.o(i.HAL_NVIC_SetPriorityGrouping)
    HAL_PCDEx_PMAConfig                      0x08001a41   Thumb Code    52  stm32f1xx_hal_pcd_ex.o(i.HAL_PCDEx_PMAConfig)
    HAL_PCDEx_SetConnectionState             0x08001a75   Thumb Code     2  usbd_conf.o(i.HAL_PCDEx_SetConnectionState)
    HAL_PCD_DataInStageCallback              0x08001a77   Thumb Code    14  usbd_conf.o(i.HAL_PCD_DataInStageCallback)
    HAL_PCD_DataOutStageCallback             0x08001a85   Thumb Code    16  usbd_conf.o(i.HAL_PCD_DataOutStageCallback)
    HAL_PCD_EP_Close                         0x08001a95   Thumb Code    64  stm32f1xx_hal_pcd.o(i.HAL_PCD_EP_Close)
    HAL_PCD_EP_ClrStall                      0x08001ad5   Thumb Code    72  stm32f1xx_hal_pcd.o(i.HAL_PCD_EP_ClrStall)
    HAL_PCD_EP_GetRxCount                    0x08001b1d   Thumb Code    16  stm32f1xx_hal_pcd.o(i.HAL_PCD_EP_GetRxCount)
    HAL_PCD_EP_Open                          0x08001b2d   Thumb Code    68  stm32f1xx_hal_pcd.o(i.HAL_PCD_EP_Open)
    HAL_PCD_EP_Receive                       0x08001b71   Thumb Code    46  stm32f1xx_hal_pcd.o(i.HAL_PCD_EP_Receive)
    HAL_PCD_EP_SetStall                      0x08001b9f   Thumb Code    86  stm32f1xx_hal_pcd.o(i.HAL_PCD_EP_SetStall)
    HAL_PCD_EP_Transmit                      0x08001bf5   Thumb Code    42  stm32f1xx_hal_pcd.o(i.HAL_PCD_EP_Transmit)
    HAL_PCD_IRQHandler                       0x08001c1f   Thumb Code   268  stm32f1xx_hal_pcd.o(i.HAL_PCD_IRQHandler)
    HAL_PCD_Init                             0x08001d2d   Thumb Code   208  stm32f1xx_hal_pcd.o(i.HAL_PCD_Init)
    HAL_PCD_MspInit                          0x08001e39   Thumb Code    50  usbd_conf.o(i.HAL_PCD_MspInit)
    HAL_PCD_ResetCallback                    0x08001e75   Thumb Code    38  usbd_conf.o(i.HAL_PCD_ResetCallback)
    HAL_PCD_ResumeCallback                   0x08001e9b   Thumb Code     8  usbd_conf.o(i.HAL_PCD_ResumeCallback)
    HAL_PCD_SOFCallback                      0x08001ea3   Thumb Code     8  usbd_conf.o(i.HAL_PCD_SOFCallback)
    HAL_PCD_SetAddress                       0x08001eab   Thumb Code    40  stm32f1xx_hal_pcd.o(i.HAL_PCD_SetAddress)
    HAL_PCD_SetupStageCallback               0x08001ed3   Thumb Code    14  usbd_conf.o(i.HAL_PCD_SetupStageCallback)
    HAL_PCD_Start                            0x08001ee1   Thumb Code    50  stm32f1xx_hal_pcd.o(i.HAL_PCD_Start)
    HAL_PCD_SuspendCallback                  0x08001f15   Thumb Code    30  usbd_conf.o(i.HAL_PCD_SuspendCallback)
    HAL_RCCEx_PeriphCLKConfig                0x08001f39   Thumb Code   340  stm32f1xx_hal_rcc_ex.o(i.HAL_RCCEx_PeriphCLKConfig)
    HAL_RCC_ClockConfig                      0x080020d5   Thumb Code   554  stm32f1xx_hal_rcc.o(i.HAL_RCC_ClockConfig)
    HAL_RCC_GetSysClockFreq                  0x08002349   Thumb Code    74  stm32f1xx_hal_rcc.o(i.HAL_RCC_GetSysClockFreq)
    HAL_RCC_OscConfig                        0x080023b5   Thumb Code  1146  stm32f1xx_hal_rcc.o(i.HAL_RCC_OscConfig)
    HAL_SYSTICK_Config                       0x0800282f   Thumb Code    40  stm32f1xx_hal_cortex.o(i.HAL_SYSTICK_Config)
    HAL_TIMEx_ConfigBreakDeadTime            0x08002859   Thumb Code   266  stm32f1xx_hal_tim_ex.o(i.HAL_TIMEx_ConfigBreakDeadTime)
    HAL_TIMEx_MasterConfigSynchronization    0x080029a9   Thumb Code   202  stm32f1xx_hal_tim_ex.o(i.HAL_TIMEx_MasterConfigSynchronization)
    HAL_TIM_Base_Init                        0x08002acd   Thumb Code   180  stm32f1xx_hal_tim.o(i.HAL_TIM_Base_Init)
    HAL_TIM_Base_MspInit                     0x08002bd5   Thumb Code    30  stm32f1xx_hal_msp.o(i.HAL_TIM_Base_MspInit)
    HAL_TIM_Base_Start                       0x08002bfd   Thumb Code    90  stm32f1xx_hal_tim.o(i.HAL_TIM_Base_Start)
    HAL_TIM_ConfigClockSource                0x08002cad   Thumb Code   968  stm32f1xx_hal_tim.o(i.HAL_TIM_ConfigClockSource)
    HAL_TIM_MspPostInit                      0x080030c9   Thumb Code    64  stm32f1xx_hal_msp.o(i.HAL_TIM_MspPostInit)
    HAL_TIM_PWM_ConfigChannel                0x08003115   Thumb Code   468  stm32f1xx_hal_tim.o(i.HAL_TIM_PWM_ConfigChannel)
    HAL_TIM_PWM_Init                         0x08003335   Thumb Code   188  stm32f1xx_hal_tim.o(i.HAL_TIM_PWM_Init)
    HAL_TIM_PWM_MspInit                      0x08003445   Thumb Code    30  stm32f1xx_hal_msp.o(i.HAL_TIM_PWM_MspInit)
    HAL_TIM_PWM_Start                        0x0800346d   Thumb Code   170  stm32f1xx_hal_tim.o(i.HAL_TIM_PWM_Start)
    HardFault_Handler                        0x08003565   Thumb Code     2  stm32f1xx_it.o(i.HardFault_Handler)
    MX_USB_DEVICE_Init                       0x08003765   Thumb Code    66  usb_device.o(i.MX_USB_DEVICE_Init)
    MemManage_Handler                        0x080037b9   Thumb Code     2  stm32f1xx_it.o(i.MemManage_Handler)
    NMI_Handler                              0x080037bb   Thumb Code     2  stm32f1xx_it.o(i.NMI_Handler)
    PendSV_Handler                           0x08003b3f   Thumb Code     2  stm32f1xx_it.o(i.PendSV_Handler)
    SVC_Handler                              0x08003b41   Thumb Code     2  stm32f1xx_it.o(i.SVC_Handler)
    SysTick_Handler                          0x08003b43   Thumb Code     4  stm32f1xx_it.o(i.SysTick_Handler)
    SystemClock_Config                       0x08003b47   Thumb Code   102  main.o(i.SystemClock_Config)
    SystemInit                               0x08003bad   Thumb Code    56  system_stm32f1xx.o(i.SystemInit)
    TIM_Base_SetConfig                       0x08003bf5   Thumb Code   120  stm32f1xx_hal_tim.o(i.TIM_Base_SetConfig)
    TIM_CCxChannelCmd                        0x08003c81   Thumb Code   102  stm32f1xx_hal_tim.o(i.TIM_CCxChannelCmd)
    TIM_OC2_SetConfig                        0x08003e3d   Thumb Code   170  stm32f1xx_hal_tim.o(i.TIM_OC2_SetConfig)
    USBD_CDC_GetDeviceQualifierDescriptor    0x080041a1   Thumb Code     8  usbd_cdc.o(i.USBD_CDC_GetDeviceQualifierDescriptor)
    USBD_CDC_ReceivePacket                   0x08004259   Thumb Code    40  usbd_cdc.o(i.USBD_CDC_ReceivePacket)
    USBD_CDC_RegisterInterface               0x08004281   Thumb Code    16  usbd_cdc.o(i.USBD_CDC_RegisterInterface)
    USBD_CDC_SetRxBuffer                     0x08004291   Thumb Code    12  usbd_cdc.o(i.USBD_CDC_SetRxBuffer)
    USBD_CDC_SetTxBuffer                     0x0800429d   Thumb Code    16  usbd_cdc.o(i.USBD_CDC_SetTxBuffer)
    USBD_CDC_TransmitPacket                  0x0800431d   Thumb Code    48  usbd_cdc.o(i.USBD_CDC_TransmitPacket)
    USBD_ClrClassConfig                      0x0800434d   Thumb Code    14  usbd_core.o(i.USBD_ClrClassConfig)
    USBD_CtlContinueRx                       0x0800435b   Thumb Code    16  usbd_ioreq.o(i.USBD_CtlContinueRx)
    USBD_CtlContinueSendData                 0x0800436b   Thumb Code    16  usbd_ioreq.o(i.USBD_CtlContinueSendData)
    USBD_CtlError                            0x0800437b   Thumb Code    22  usbd_ctlreq.o(i.USBD_CtlError)
    USBD_CtlPrepareRx                        0x08004391   Thumb Code    30  usbd_ioreq.o(i.USBD_CtlPrepareRx)
    USBD_CtlReceiveStatus                    0x080043af   Thumb Code    22  usbd_ioreq.o(i.USBD_CtlReceiveStatus)
    USBD_CtlSendData                         0x080043c5   Thumb Code    26  usbd_ioreq.o(i.USBD_CtlSendData)
    USBD_CtlSendStatus                       0x080043df   Thumb Code    22  usbd_ioreq.o(i.USBD_CtlSendStatus)
    USBD_FS_ConfigStrDescriptor              0x080043f5   Thumb Code    16  usbd_desc.o(i.USBD_FS_ConfigStrDescriptor)
    USBD_FS_DeviceDescriptor                 0x08004415   Thumb Code     8  usbd_desc.o(i.USBD_FS_DeviceDescriptor)
    USBD_FS_InterfaceStrDescriptor           0x08004421   Thumb Code    16  usbd_desc.o(i.USBD_FS_InterfaceStrDescriptor)
    USBD_FS_LangIDStrDescriptor              0x08004445   Thumb Code     8  usbd_desc.o(i.USBD_FS_LangIDStrDescriptor)
    USBD_FS_ManufacturerStrDescriptor        0x08004451   Thumb Code    16  usbd_desc.o(i.USBD_FS_ManufacturerStrDescriptor)
    USBD_FS_ProductStrDescriptor             0x08004479   Thumb Code    16  usbd_desc.o(i.USBD_FS_ProductStrDescriptor)
    USBD_FS_SerialStrDescriptor              0x080044a5   Thumb Code    48  usbd_desc.o(i.USBD_FS_SerialStrDescriptor)
    USBD_GetString                           0x080045bd   Thumb Code    70  usbd_ctlreq.o(i.USBD_GetString)
    USBD_Init                                0x0800461b   Thumb Code    42  usbd_core.o(i.USBD_Init)
    USBD_LL_ClearStallEP                     0x08004645   Thumb Code    18  usbd_conf.o(i.USBD_LL_ClearStallEP)
    USBD_LL_CloseEP                          0x08004657   Thumb Code    18  usbd_conf.o(i.USBD_LL_CloseEP)
    USBD_LL_DataInStage                      0x08004669   Thumb Code   170  usbd_core.o(i.USBD_LL_DataInStage)
    USBD_LL_DataOutStage                     0x08004713   Thumb Code   106  usbd_core.o(i.USBD_LL_DataOutStage)
    USBD_LL_GetRxDataSize                    0x0800477d   Thumb Code     8  usbd_conf.o(i.USBD_LL_GetRxDataSize)
    USBD_LL_Init                             0x08004785   Thumb Code   118  usbd_conf.o(i.USBD_LL_Init)
    USBD_LL_IsStallEP                        0x08004805   Thumb Code    28  usbd_conf.o(i.USBD_LL_IsStallEP)
    USBD_LL_OpenEP                           0x08004821   Thumb Code    24  usbd_conf.o(i.USBD_LL_OpenEP)
    USBD_LL_PrepareReceive                   0x08004839   Thumb Code    18  usbd_conf.o(i.USBD_LL_PrepareReceive)
    USBD_LL_Reset                            0x0800484b   Thumb Code    62  usbd_core.o(i.USBD_LL_Reset)
    USBD_LL_Resume                           0x08004889   Thumb Code    12  usbd_core.o(i.USBD_LL_Resume)
    USBD_LL_SOF                              0x08004895   Thumb Code    24  usbd_core.o(i.USBD_LL_SOF)
    USBD_LL_SetSpeed                         0x080048ad   Thumb Code     6  usbd_core.o(i.USBD_LL_SetSpeed)
    USBD_LL_SetUSBAddress                    0x080048b3   Thumb Code    18  usbd_conf.o(i.USBD_LL_SetUSBAddress)
    USBD_LL_SetupStage                       0x080048c5   Thumb Code    90  usbd_core.o(i.USBD_LL_SetupStage)
    USBD_LL_StallEP                          0x0800491f   Thumb Code    18  usbd_conf.o(i.USBD_LL_StallEP)
    USBD_LL_Start                            0x08004931   Thumb Code    18  usbd_conf.o(i.USBD_LL_Start)
    USBD_LL_Suspend                          0x08004943   Thumb Code    18  usbd_core.o(i.USBD_LL_Suspend)
    USBD_LL_Transmit                         0x08004955   Thumb Code    18  usbd_conf.o(i.USBD_LL_Transmit)
    USBD_ParseSetupRequest                   0x08004967   Thumb Code    40  usbd_ctlreq.o(i.USBD_ParseSetupRequest)
    USBD_RegisterClass                       0x0800498f   Thumb Code    16  usbd_core.o(i.USBD_RegisterClass)
    USBD_SetClassConfig                      0x0800499f   Thumb Code    22  usbd_core.o(i.USBD_SetClassConfig)
    USBD_Start                               0x08004a29   Thumb Code    10  usbd_core.o(i.USBD_Start)
    USBD_StdDevReq                           0x08004a33   Thumb Code   242  usbd_ctlreq.o(i.USBD_StdDevReq)
    USBD_StdEPReq                            0x08004b25   Thumb Code   220  usbd_ctlreq.o(i.USBD_StdEPReq)
    USBD_StdItfReq                           0x08004c01   Thumb Code    52  usbd_ctlreq.o(i.USBD_StdItfReq)
    USBD_static_free                         0x08004c35   Thumb Code     2  usbd_conf.o(i.USBD_static_free)
    USBD_static_malloc                       0x08004c39   Thumb Code     4  usbd_conf.o(i.USBD_static_malloc)
    USB_ActivateEndpoint                     0x08004c41   Thumb Code   604  stm32f1xx_ll_usb.o(i.USB_ActivateEndpoint)
    USB_CoreInit                             0x08004e9d   Thumb Code     4  stm32f1xx_ll_usb.o(i.USB_CoreInit)
    USB_DeactivateEndpoint                   0x08004ea1   Thumb Code   292  stm32f1xx_ll_usb.o(i.USB_DeactivateEndpoint)
    USB_DevConnect                           0x08004fc5   Thumb Code     4  stm32f1xx_ll_usb.o(i.USB_DevConnect)
    USB_DevDisconnect                        0x08004fc9   Thumb Code     4  stm32f1xx_ll_usb.o(i.USB_DevDisconnect)
    USB_DevInit                              0x08004fcd   Thumb Code    30  stm32f1xx_ll_usb.o(i.USB_DevInit)
    USB_DisableGlobalInt                     0x08004feb   Thumb Code    14  stm32f1xx_ll_usb.o(i.USB_DisableGlobalInt)
    USB_EP0_OutStart                         0x08004ff9   Thumb Code     4  stm32f1xx_ll_usb.o(i.USB_EP0_OutStart)
    USB_EPClearStall                         0x08004ffd   Thumb Code   106  stm32f1xx_ll_usb.o(i.USB_EPClearStall)
    USB_EPSetStall                           0x08005067   Thumb Code    74  stm32f1xx_ll_usb.o(i.USB_EPSetStall)
    USB_EPStartXfer                          0x080050b1   Thumb Code   426  stm32f1xx_ll_usb.o(i.USB_EPStartXfer)
    USB_EnableGlobalInt                      0x0800525b   Thumb Code    14  stm32f1xx_ll_usb.o(i.USB_EnableGlobalInt)
    USB_LP_CAN1_RX0_IRQHandler               0x08005269   Thumb Code     6  stm32f1xx_it.o(i.USB_LP_CAN1_RX0_IRQHandler)
    USB_ReadInterrupts                       0x08005275   Thumb Code     6  stm32f1xx_ll_usb.o(i.USB_ReadInterrupts)
    USB_ReadPMA                              0x0800527d   Thumb Code    30  stm32f1xx_ll_usb.o(i.USB_ReadPMA)
    USB_SetCurrentMode                       0x0800529b   Thumb Code     4  stm32f1xx_ll_usb.o(i.USB_SetCurrentMode)
    USB_SetDevAddress                        0x0800529f   Thumb Code    12  stm32f1xx_ll_usb.o(i.USB_SetDevAddress)
    USB_WritePMA                             0x080052ab   Thumb Code    38  stm32f1xx_ll_usb.o(i.USB_WritePMA)
    UsageFault_Handler                       0x080052d1   Thumb Code     2  stm32f1xx_it.o(i.UsageFault_Handler)
    __0sprintf                               0x080052d5   Thumb Code    34  printfa.o(i.__0sprintf)
    __1sprintf                               0x080052d5   Thumb Code     0  printfa.o(i.__0sprintf)
    __2sprintf                               0x080052d5   Thumb Code     0  printfa.o(i.__0sprintf)
    __c89sprintf                             0x080052d5   Thumb Code     0  printfa.o(i.__0sprintf)
    sprintf                                  0x080052d5   Thumb Code     0  printfa.o(i.__0sprintf)
    __scatterload_copy                       0x080052fd   Thumb Code    14  handlers.o(i.__scatterload_copy)
    __scatterload_null                       0x0800530b   Thumb Code     2  handlers.o(i.__scatterload_null)
    __scatterload_zeroinit                   0x0800530d   Thumb Code    14  handlers.o(i.__scatterload_zeroinit)
    assert_failed                            0x08005bd9   Thumb Code     2  main.o(i.assert_failed)
    main                                     0x08005bdd   Thumb Code   170  main.o(i.main)
    AHBPrescTable                            0x08005ca8   Data          16  system_stm32f1xx.o(.constdata)
    Region$$Table$$Base                      0x08005cb8   Number         0  anon$$obj.o(Region$$Table)
    Region$$Table$$Limit                     0x08005cd8   Number         0  anon$$obj.o(Region$$Table)
    ADCValue                                 0x20000000   Data           4  main.o(.data)
    string                                   0x20000004   Data          13  main.o(.data)
    FS_Desc                                  0x20000014   Data          28  usbd_desc.o(.data)
    USBD_LangIDDesc                          0x20000030   Data           4  usbd_desc.o(.data)
    USBD_FS_DeviceDesc                       0x20000034   Data          18  usbd_desc.o(.data)
    USBD_StringSerial                        0x20000048   Data          26  usbd_desc.o(.data)
    USBD_Interface_fops_FS                   0x20000064   Data          16  usbd_cdc_if.o(.data)
    uwTickFreq                               0x20000074   Data           1  stm32f1xx_hal.o(.data)
    uwTickPrio                               0x20000078   Data           4  stm32f1xx_hal.o(.data)
    uwTick                                   0x2000007c   Data           4  stm32f1xx_hal.o(.data)
    SystemCoreClock                          0x20000080   Data           4  system_stm32f1xx.o(.data)
    USBD_CDC_CfgHSDesc                       0x20000098   Data          67  usbd_cdc.o(.data)
    USBD_CDC_CfgFSDesc                       0x200000dc   Data          67  usbd_cdc.o(.data)
    USBD_CDC_OtherSpeedCfgDesc               0x20000120   Data          67  usbd_cdc.o(.data)
    USBD_CDC                                 0x20000164   Data          56  usbd_cdc.o(.data)
    hadc1                                    0x2000019c   Data          48  main.o(.bss)
    htim1                                    0x200001cc   Data          64  main.o(.bss)
    htim3                                    0x2000020c   Data          64  main.o(.bss)
    hdma_adc1                                0x2000024c   Data          68  main.o(.bss)
    hUsbDeviceFS                             0x20000290   Data         548  usb_device.o(.bss)
    hpcd_USB_FS                              0x200006d4   Data        1120  usbd_conf.o(.bss)
    USBD_StrDesc                             0x20000b34   Data         512  usbd_desc.o(.bss)
    UserRxBufferFS                           0x20000d34   Data          50  usbd_cdc_if.o(.bss)
    UserTxBufferFS                           0x20000d66   Data          50  usbd_cdc_if.o(.bss)
    __initial_sp                             0x20001198   Data           0  startup_stm32f103xe.o(STACK)



==============================================================================

Memory Map of the image

  Image Entry point : 0x08000131

  Load Region LR_IROM1 (Base: 0x08000000, Size: 0x00005e74, Max: 0x00040000, ABSOLUTE, COMPRESSED[0x00005dac])

    Execution Region ER_IROM1 (Exec base: 0x08000000, Load base: 0x08000000, Size: 0x00005cd8, Max: 0x00040000, ABSOLUTE)

    Exec Addr    Load Addr    Size         Type   Attr      Idx    E Section Name        Object

    0x08000000   0x08000000   0x00000130   Data   RO            3    RESET               startup_stm32f103xe.o
    0x08000130   0x08000130   0x00000000   Code   RO         3648  * .ARM.Collect$$$$00000000  mc_w.l(entry.o)
    0x08000130   0x08000130   0x00000004   Code   RO         3926    .ARM.Collect$$$$00000001  mc_w.l(entry2.o)
    0x08000134   0x08000134   0x00000004   Code   RO         3929    .ARM.Collect$$$$00000004  mc_w.l(entry5.o)
    0x08000138   0x08000138   0x00000000   Code   RO         3931    .ARM.Collect$$$$00000008  mc_w.l(entry7b.o)
    0x08000138   0x08000138   0x00000000   Code   RO         3933    .ARM.Collect$$$$0000000A  mc_w.l(entry8b.o)
    0x08000138   0x08000138   0x00000008   Code   RO         3934    .ARM.Collect$$$$0000000B  mc_w.l(entry9a.o)
    0x08000140   0x08000140   0x00000000   Code   RO         3936    .ARM.Collect$$$$0000000D  mc_w.l(entry10a.o)
    0x08000140   0x08000140   0x00000000   Code   RO         3938    .ARM.Collect$$$$0000000F  mc_w.l(entry11a.o)
    0x08000140   0x08000140   0x00000004   Code   RO         3927    .ARM.Collect$$$$00002712  mc_w.l(entry2.o)
    0x08000144   0x08000144   0x00000024   Code   RO            4    .text               startup_stm32f103xe.o
    0x08000168   0x08000168   0x00000020   Code   RO         3651    .text               mc_w.l(llushr.o)
    0x08000188   0x08000188   0x00000024   Code   RO         3653    .text               mc_w.l(memcpya.o)
    0x080001ac   0x080001ac   0x00000024   Code   RO         3655    .text               mc_w.l(memseta.o)
    0x080001d0   0x080001d0   0x000000e4   Code   RO         3920    .text               mf_w.l(dmul.o)
    0x080002b4   0x080002b4   0x0000002e   Code   RO         3922    .text               mf_w.l(dscalb.o)
    0x080002e2   0x080002e2   0x0000001a   Code   RO         3924    .text               mf_w.l(dfltui.o)
    0x080002fc   0x080002fc   0x0000002c   Code   RO         3943    .text               mc_w.l(uidiv.o)
    0x08000328   0x08000328   0x00000062   Code   RO         3945    .text               mc_w.l(uldiv.o)
    0x0800038a   0x0800038a   0x00000000   Code   RO         3947    .text               mc_w.l(iusefp.o)
    0x0800038a   0x0800038a   0x000000ba   Code   RO         3948    .text               mf_w.l(depilogue.o)
    0x08000444   0x08000444   0x0000014e   Code   RO         3950    .text               mf_w.l(dadd.o)
    0x08000592   0x08000592   0x000000de   Code   RO         3952    .text               mf_w.l(ddiv.o)
    0x08000670   0x08000670   0x00000030   Code   RO         3954    .text               mf_w.l(dfixul.o)
    0x080006a0   0x080006a0   0x00000030   Code   RO         3956    .text               mf_w.l(cdrcmple.o)
    0x080006d0   0x080006d0   0x00000024   Code   RO         3958    .text               mc_w.l(init.o)
    0x080006f4   0x080006f4   0x0000001e   Code   RO         3961    .text               mc_w.l(llshl.o)
    0x08000712   0x08000712   0x00000024   Code   RO         3963    .text               mc_w.l(llsshr.o)
    0x08000736   0x08000736   0x00000056   Code   RO         3974    .text               mc_w.l(__dczerorl2.o)
    0x0800078c   0x0800078c   0x0000004c   Code   RO         1203    i.ADC_ConversionStop_Disable  stm32f1xx_hal_adc.o
    0x080007d8   0x080007d8   0x0000004e   Code   RO         1204    i.ADC_DMAConvCplt   stm32f1xx_hal_adc.o
    0x08000826   0x08000826   0x0000001a   Code   RO         1205    i.ADC_DMAError      stm32f1xx_hal_adc.o
    0x08000840   0x08000840   0x0000000a   Code   RO         1206    i.ADC_DMAHalfConvCplt  stm32f1xx_hal_adc.o
    0x0800084a   0x0800084a   0x00000002   PAD
    0x0800084c   0x0800084c   0x00000070   Code   RO         1207    i.ADC_Enable        stm32f1xx_hal_adc.o
    0x080008bc   0x080008bc   0x00000002   Code   RO          575    i.BusFault_Handler  stm32f1xx_it.o
    0x080008be   0x080008be   0x00000004   Code   RO          523    i.CDC_Control_FS    usbd_cdc_if.o
    0x080008c2   0x080008c2   0x00000004   Code   RO          524    i.CDC_DeInit_FS     usbd_cdc_if.o
    0x080008c6   0x080008c6   0x00000002   PAD
    0x080008c8   0x080008c8   0x00000024   Code   RO          525    i.CDC_Init_FS       usbd_cdc_if.o
    0x080008ec   0x080008ec   0x00000018   Code   RO          526    i.CDC_Receive_FS    usbd_cdc_if.o
    0x08000904   0x08000904   0x0000002c   Code   RO          527    i.CDC_Transmit_FS   usbd_cdc_if.o
    0x08000930   0x08000930   0x0000000c   Code   RO          576    i.DMA1_Channel1_IRQHandler  stm32f1xx_it.o
    0x0800093c   0x0800093c   0x0000002a   Code   RO         2709    i.DMA_SetConfig     stm32f1xx_hal_dma.o
    0x08000966   0x08000966   0x00000002   Code   RO          577    i.DebugMon_Handler  stm32f1xx_it.o
    0x08000968   0x08000968   0x00000002   Code   RO           13    i.Error_Handler     main.o
    0x0800096a   0x0800096a   0x00000002   PAD
    0x0800096c   0x0800096c   0x00000228   Code   RO         1209    i.HAL_ADC_ConfigChannel  stm32f1xx_hal_adc.o
    0x08000b94   0x08000b94   0x00000002   Code   RO         1210    i.HAL_ADC_ConvCpltCallback  stm32f1xx_hal_adc.o
    0x08000b96   0x08000b96   0x00000002   Code   RO         1211    i.HAL_ADC_ConvHalfCpltCallback  stm32f1xx_hal_adc.o
    0x08000b98   0x08000b98   0x00000002   Code   RO         1213    i.HAL_ADC_ErrorCallback  stm32f1xx_hal_adc.o
    0x08000b9a   0x08000b9a   0x00000002   PAD
    0x08000b9c   0x08000b9c   0x00000234   Code   RO         1218    i.HAL_ADC_Init      stm32f1xx_hal_adc.o
    0x08000dd0   0x08000dd0   0x00000090   Code   RO          664    i.HAL_ADC_MspInit   stm32f1xx_hal_msp.o
    0x08000e60   0x08000e60   0x00000160   Code   RO         1225    i.HAL_ADC_Start_DMA  stm32f1xx_hal_adc.o
    0x08000fc0   0x08000fc0   0x00000248   Code   RO         2715    i.HAL_DMA_IRQHandler  stm32f1xx_hal_dma.o
    0x08001208   0x08001208   0x000001b0   Code   RO         2716    i.HAL_DMA_Init      stm32f1xx_hal_dma.o
    0x080013b8   0x080013b8   0x000000cc   Code   RO         2720    i.HAL_DMA_Start_IT  stm32f1xx_hal_dma.o
    0x08001484   0x08001484   0x00000024   Code   RO         2350    i.HAL_Delay         stm32f1xx_hal.o
    0x080014a8   0x080014a8   0x0000035c   Code   RO         2646    i.HAL_GPIO_Init     stm32f1xx_hal_gpio.o
    0x08001804   0x08001804   0x0000000c   Code   RO         2354    i.HAL_GetTick       stm32f1xx_hal.o
    0x08001810   0x08001810   0x00000010   Code   RO         2358    i.HAL_IncTick       stm32f1xx_hal.o
    0x08001820   0x08001820   0x00000024   Code   RO         2359    i.HAL_Init          stm32f1xx_hal.o
    0x08001844   0x08001844   0x00000040   Code   RO         2360    i.HAL_InitTick      stm32f1xx_hal.o
    0x08001884   0x08001884   0x0000003c   Code   RO          665    i.HAL_MspInit       stm32f1xx_hal_msp.o
    0x080018c0   0x080018c0   0x00000060   Code   RO         2806    i.HAL_NVIC_EnableIRQ  stm32f1xx_hal_cortex.o
    0x08001920   0x08001920   0x000000a0   Code   RO         2812    i.HAL_NVIC_SetPriority  stm32f1xx_hal_cortex.o
    0x080019c0   0x080019c0   0x00000080   Code   RO         2813    i.HAL_NVIC_SetPriorityGrouping  stm32f1xx_hal_cortex.o
    0x08001a40   0x08001a40   0x00000034   Code   RO          981    i.HAL_PCDEx_PMAConfig  stm32f1xx_hal_pcd_ex.o
    0x08001a74   0x08001a74   0x00000002   Code   RO          238    i.HAL_PCDEx_SetConnectionState  usbd_conf.o
    0x08001a76   0x08001a76   0x0000000e   Code   RO          240    i.HAL_PCD_DataInStageCallback  usbd_conf.o
    0x08001a84   0x08001a84   0x00000010   Code   RO          241    i.HAL_PCD_DataOutStageCallback  usbd_conf.o
    0x08001a94   0x08001a94   0x00000040   Code   RO          775    i.HAL_PCD_EP_Close  stm32f1xx_hal_pcd.o
    0x08001ad4   0x08001ad4   0x00000048   Code   RO          776    i.HAL_PCD_EP_ClrStall  stm32f1xx_hal_pcd.o
    0x08001b1c   0x08001b1c   0x00000010   Code   RO          778    i.HAL_PCD_EP_GetRxCount  stm32f1xx_hal_pcd.o
    0x08001b2c   0x08001b2c   0x00000044   Code   RO          779    i.HAL_PCD_EP_Open   stm32f1xx_hal_pcd.o
    0x08001b70   0x08001b70   0x0000002e   Code   RO          780    i.HAL_PCD_EP_Receive  stm32f1xx_hal_pcd.o
    0x08001b9e   0x08001b9e   0x00000056   Code   RO          781    i.HAL_PCD_EP_SetStall  stm32f1xx_hal_pcd.o
    0x08001bf4   0x08001bf4   0x0000002a   Code   RO          782    i.HAL_PCD_EP_Transmit  stm32f1xx_hal_pcd.o
    0x08001c1e   0x08001c1e   0x0000010c   Code   RO          784    i.HAL_PCD_IRQHandler  stm32f1xx_hal_pcd.o
    0x08001d2a   0x08001d2a   0x00000002   PAD
    0x08001d2c   0x08001d2c   0x0000010c   Code   RO          787    i.HAL_PCD_Init      stm32f1xx_hal_pcd.o
    0x08001e38   0x08001e38   0x0000003c   Code   RO          246    i.HAL_PCD_MspInit   usbd_conf.o
    0x08001e74   0x08001e74   0x00000026   Code   RO          247    i.HAL_PCD_ResetCallback  usbd_conf.o
    0x08001e9a   0x08001e9a   0x00000008   Code   RO          248    i.HAL_PCD_ResumeCallback  usbd_conf.o
    0x08001ea2   0x08001ea2   0x00000008   Code   RO          249    i.HAL_PCD_SOFCallback  usbd_conf.o
    0x08001eaa   0x08001eaa   0x00000028   Code   RO          793    i.HAL_PCD_SetAddress  stm32f1xx_hal_pcd.o
    0x08001ed2   0x08001ed2   0x0000000e   Code   RO          250    i.HAL_PCD_SetupStageCallback  usbd_conf.o
    0x08001ee0   0x08001ee0   0x00000032   Code   RO          795    i.HAL_PCD_Start     stm32f1xx_hal_pcd.o
    0x08001f12   0x08001f12   0x00000002   PAD
    0x08001f14   0x08001f14   0x00000024   Code   RO          251    i.HAL_PCD_SuspendCallback  usbd_conf.o
    0x08001f38   0x08001f38   0x0000019c   Code   RO         2609    i.HAL_RCCEx_PeriphCLKConfig  stm32f1xx_hal_rcc_ex.o
    0x080020d4   0x080020d4   0x00000274   Code   RO         2506    i.HAL_RCC_ClockConfig  stm32f1xx_hal_rcc.o
    0x08002348   0x08002348   0x0000006c   Code   RO         2515    i.HAL_RCC_GetSysClockFreq  stm32f1xx_hal_rcc.o
    0x080023b4   0x080023b4   0x0000047a   Code   RO         2518    i.HAL_RCC_OscConfig  stm32f1xx_hal_rcc.o
    0x0800282e   0x0800282e   0x00000028   Code   RO         2817    i.HAL_SYSTICK_Config  stm32f1xx_hal_cortex.o
    0x08002856   0x08002856   0x00000002   PAD
    0x08002858   0x08002858   0x00000150   Code   RO         2112    i.HAL_TIMEx_ConfigBreakDeadTime  stm32f1xx_hal_tim_ex.o
    0x080029a8   0x080029a8   0x00000124   Code   RO         2127    i.HAL_TIMEx_MasterConfigSynchronization  stm32f1xx_hal_tim_ex.o
    0x08002acc   0x08002acc   0x00000108   Code   RO         1481    i.HAL_TIM_Base_Init  stm32f1xx_hal_tim.o
    0x08002bd4   0x08002bd4   0x00000028   Code   RO          667    i.HAL_TIM_Base_MspInit  stm32f1xx_hal_msp.o
    0x08002bfc   0x08002bfc   0x000000b0   Code   RO         1484    i.HAL_TIM_Base_Start  stm32f1xx_hal_tim.o
    0x08002cac   0x08002cac   0x0000041c   Code   RO         1490    i.HAL_TIM_ConfigClockSource  stm32f1xx_hal_tim.o
    0x080030c8   0x080030c8   0x0000004c   Code   RO          668    i.HAL_TIM_MspPostInit  stm32f1xx_hal_msp.o
    0x08003114   0x08003114   0x00000220   Code   RO         1547    i.HAL_TIM_PWM_ConfigChannel  stm32f1xx_hal_tim.o
    0x08003334   0x08003334   0x00000110   Code   RO         1550    i.HAL_TIM_PWM_Init  stm32f1xx_hal_tim.o
    0x08003444   0x08003444   0x00000028   Code   RO          670    i.HAL_TIM_PWM_MspInit  stm32f1xx_hal_msp.o
    0x0800346c   0x0800346c   0x000000f8   Code   RO         1554    i.HAL_TIM_PWM_Start  stm32f1xx_hal_tim.o
    0x08003564   0x08003564   0x00000002   Code   RO          578    i.HardFault_Handler  stm32f1xx_it.o
    0x08003566   0x08003566   0x00000002   PAD
    0x08003568   0x08003568   0x00000038   Code   RO          450    i.IntToUnicode      usbd_desc.o
    0x080035a0   0x080035a0   0x00000040   Code   RO           14    i.MX_ADC1_Init      main.o
    0x080035e0   0x080035e0   0x000000a0   Code   RO           15    i.MX_GPIO_Init      main.o
    0x08003680   0x08003680   0x00000090   Code   RO           16    i.MX_TIM1_Init      main.o
    0x08003710   0x08003710   0x00000054   Code   RO           17    i.MX_TIM3_Init      main.o
    0x08003764   0x08003764   0x00000054   Code   RO          190    i.MX_USB_DEVICE_Init  usb_device.o
    0x080037b8   0x080037b8   0x00000002   Code   RO          579    i.MemManage_Handler  stm32f1xx_it.o
    0x080037ba   0x080037ba   0x00000002   Code   RO          580    i.NMI_Handler       stm32f1xx_it.o
    0x080037bc   0x080037bc   0x00000020   Code   RO         2819    i.NVIC_SetPriority  stm32f1xx_hal_cortex.o
    0x080037dc   0x080037dc   0x00000362   Code   RO          798    i.PCD_EP_ISR_Handler  stm32f1xx_hal_pcd.o
    0x08003b3e   0x08003b3e   0x00000002   Code   RO          581    i.PendSV_Handler    stm32f1xx_it.o
    0x08003b40   0x08003b40   0x00000002   Code   RO          582    i.SVC_Handler       stm32f1xx_it.o
    0x08003b42   0x08003b42   0x00000004   Code   RO          583    i.SysTick_Handler   stm32f1xx_it.o
    0x08003b46   0x08003b46   0x00000066   Code   RO           18    i.SystemClock_Config  main.o
    0x08003bac   0x08003bac   0x00000048   Code   RO         3245    i.SystemInit        system_stm32f1xx.o
    0x08003bf4   0x08003bf4   0x0000008c   Code   RO         1565    i.TIM_Base_SetConfig  stm32f1xx_hal_tim.o
    0x08003c80   0x08003c80   0x000000b4   Code   RO         1566    i.TIM_CCxChannelCmd  stm32f1xx_hal_tim.o
    0x08003d34   0x08003d34   0x00000014   Code   RO         1572    i.TIM_ETR_SetConfig  stm32f1xx_hal_tim.o
    0x08003d48   0x08003d48   0x00000010   Code   RO         1573    i.TIM_ITRx_SetConfig  stm32f1xx_hal_tim.o
    0x08003d58   0x08003d58   0x000000e4   Code   RO         1574    i.TIM_OC1_SetConfig  stm32f1xx_hal_tim.o
    0x08003e3c   0x08003e3c   0x000000ec   Code   RO         1575    i.TIM_OC2_SetConfig  stm32f1xx_hal_tim.o
    0x08003f28   0x08003f28   0x000000ec   Code   RO         1576    i.TIM_OC3_SetConfig  stm32f1xx_hal_tim.o
    0x08004014   0x08004014   0x000000a4   Code   RO         1577    i.TIM_OC4_SetConfig  stm32f1xx_hal_tim.o
    0x080040b8   0x080040b8   0x00000022   Code   RO         1579    i.TIM_TI1_ConfigInputStage  stm32f1xx_hal_tim.o
    0x080040da   0x080040da   0x00000024   Code   RO         1581    i.TIM_TI2_ConfigInputStage  stm32f1xx_hal_tim.o
    0x080040fe   0x080040fe   0x00000014   Code   RO         3545    i.USBD_CDC_DataIn   usbd_cdc.o
    0x08004112   0x08004112   0x0000002e   Code   RO         3546    i.USBD_CDC_DataOut  usbd_cdc.o
    0x08004140   0x08004140   0x0000003c   Code   RO         3547    i.USBD_CDC_DeInit   usbd_cdc.o
    0x0800417c   0x0800417c   0x00000024   Code   RO         3548    i.USBD_CDC_EP0_RxReady  usbd_cdc.o
    0x080041a0   0x080041a0   0x0000000c   Code   RO         3549    i.USBD_CDC_GetDeviceQualifierDescriptor  usbd_cdc.o
    0x080041ac   0x080041ac   0x0000000c   Code   RO         3550    i.USBD_CDC_GetFSCfgDesc  usbd_cdc.o
    0x080041b8   0x080041b8   0x0000000c   Code   RO         3551    i.USBD_CDC_GetHSCfgDesc  usbd_cdc.o
    0x080041c4   0x080041c4   0x0000000c   Code   RO         3552    i.USBD_CDC_GetOtherSpeedCfgDesc  usbd_cdc.o
    0x080041d0   0x080041d0   0x00000088   Code   RO         3553    i.USBD_CDC_Init     usbd_cdc.o
    0x08004258   0x08004258   0x00000028   Code   RO         3554    i.USBD_CDC_ReceivePacket  usbd_cdc.o
    0x08004280   0x08004280   0x00000010   Code   RO         3555    i.USBD_CDC_RegisterInterface  usbd_cdc.o
    0x08004290   0x08004290   0x0000000c   Code   RO         3556    i.USBD_CDC_SetRxBuffer  usbd_cdc.o
    0x0800429c   0x0800429c   0x00000010   Code   RO         3557    i.USBD_CDC_SetTxBuffer  usbd_cdc.o
    0x080042ac   0x080042ac   0x00000070   Code   RO         3558    i.USBD_CDC_Setup    usbd_cdc.o
    0x0800431c   0x0800431c   0x00000030   Code   RO         3559    i.USBD_CDC_TransmitPacket  usbd_cdc.o
    0x0800434c   0x0800434c   0x0000000e   Code   RO         3282    i.USBD_ClrClassConfig  usbd_core.o
    0x0800435a   0x0800435a   0x00000010   Code   RO         3485    i.USBD_CtlContinueRx  usbd_ioreq.o
    0x0800436a   0x0800436a   0x00000010   Code   RO         3486    i.USBD_CtlContinueSendData  usbd_ioreq.o
    0x0800437a   0x0800437a   0x00000016   Code   RO         3420    i.USBD_CtlError     usbd_ctlreq.o
    0x08004390   0x08004390   0x0000001e   Code   RO         3487    i.USBD_CtlPrepareRx  usbd_ioreq.o
    0x080043ae   0x080043ae   0x00000016   Code   RO         3488    i.USBD_CtlReceiveStatus  usbd_ioreq.o
    0x080043c4   0x080043c4   0x0000001a   Code   RO         3489    i.USBD_CtlSendData  usbd_ioreq.o
    0x080043de   0x080043de   0x00000016   Code   RO         3490    i.USBD_CtlSendStatus  usbd_ioreq.o
    0x080043f4   0x080043f4   0x00000020   Code   RO          451    i.USBD_FS_ConfigStrDescriptor  usbd_desc.o
    0x08004414   0x08004414   0x0000000c   Code   RO          452    i.USBD_FS_DeviceDescriptor  usbd_desc.o
    0x08004420   0x08004420   0x00000024   Code   RO          453    i.USBD_FS_InterfaceStrDescriptor  usbd_desc.o
    0x08004444   0x08004444   0x0000000c   Code   RO          454    i.USBD_FS_LangIDStrDescriptor  usbd_desc.o
    0x08004450   0x08004450   0x00000028   Code   RO          455    i.USBD_FS_ManufacturerStrDescriptor  usbd_desc.o
    0x08004478   0x08004478   0x0000002c   Code   RO          456    i.USBD_FS_ProductStrDescriptor  usbd_desc.o
    0x080044a4   0x080044a4   0x00000038   Code   RO          457    i.USBD_FS_SerialStrDescriptor  usbd_desc.o
    0x080044dc   0x080044dc   0x000000e0   Code   RO         3421    i.USBD_GetDescriptor  usbd_ctlreq.o
    0x080045bc   0x080045bc   0x00000046   Code   RO         3422    i.USBD_GetString    usbd_ctlreq.o
    0x08004602   0x08004602   0x00000018   Code   RO          252    i.USBD_Get_USB_Status  usbd_conf.o
    0x0800461a   0x0800461a   0x0000002a   Code   RO         3284    i.USBD_Init         usbd_core.o
    0x08004644   0x08004644   0x00000012   Code   RO          253    i.USBD_LL_ClearStallEP  usbd_conf.o
    0x08004656   0x08004656   0x00000012   Code   RO          254    i.USBD_LL_CloseEP   usbd_conf.o
    0x08004668   0x08004668   0x000000aa   Code   RO         3285    i.USBD_LL_DataInStage  usbd_core.o
    0x08004712   0x08004712   0x0000006a   Code   RO         3286    i.USBD_LL_DataOutStage  usbd_core.o
    0x0800477c   0x0800477c   0x00000008   Code   RO          258    i.USBD_LL_GetRxDataSize  usbd_conf.o
    0x08004784   0x08004784   0x00000080   Code   RO          259    i.USBD_LL_Init      usbd_conf.o
    0x08004804   0x08004804   0x0000001c   Code   RO          260    i.USBD_LL_IsStallEP  usbd_conf.o
    0x08004820   0x08004820   0x00000018   Code   RO          261    i.USBD_LL_OpenEP    usbd_conf.o
    0x08004838   0x08004838   0x00000012   Code   RO          262    i.USBD_LL_PrepareReceive  usbd_conf.o
    0x0800484a   0x0800484a   0x0000003e   Code   RO         3291    i.USBD_LL_Reset     usbd_core.o
    0x08004888   0x08004888   0x0000000c   Code   RO         3292    i.USBD_LL_Resume    usbd_core.o
    0x08004894   0x08004894   0x00000018   Code   RO         3293    i.USBD_LL_SOF       usbd_core.o
    0x080048ac   0x080048ac   0x00000006   Code   RO         3294    i.USBD_LL_SetSpeed  usbd_core.o
    0x080048b2   0x080048b2   0x00000012   Code   RO          263    i.USBD_LL_SetUSBAddress  usbd_conf.o
    0x080048c4   0x080048c4   0x0000005a   Code   RO         3295    i.USBD_LL_SetupStage  usbd_core.o
    0x0800491e   0x0800491e   0x00000012   Code   RO          264    i.USBD_LL_StallEP   usbd_conf.o
    0x08004930   0x08004930   0x00000012   Code   RO          265    i.USBD_LL_Start     usbd_conf.o
    0x08004942   0x08004942   0x00000012   Code   RO         3296    i.USBD_LL_Suspend   usbd_core.o
    0x08004954   0x08004954   0x00000012   Code   RO          267    i.USBD_LL_Transmit  usbd_conf.o
    0x08004966   0x08004966   0x00000028   Code   RO         3423    i.USBD_ParseSetupRequest  usbd_ctlreq.o
    0x0800498e   0x0800498e   0x00000010   Code   RO         3297    i.USBD_RegisterClass  usbd_core.o
    0x0800499e   0x0800499e   0x00000016   Code   RO         3299    i.USBD_SetClassConfig  usbd_core.o
    0x080049b4   0x080049b4   0x00000074   Code   RO         3424    i.USBD_SetConfig    usbd_ctlreq.o
    0x08004a28   0x08004a28   0x0000000a   Code   RO         3300    i.USBD_Start        usbd_core.o
    0x08004a32   0x08004a32   0x000000f2   Code   RO         3425    i.USBD_StdDevReq    usbd_ctlreq.o
    0x08004b24   0x08004b24   0x000000dc   Code   RO         3426    i.USBD_StdEPReq     usbd_ctlreq.o
    0x08004c00   0x08004c00   0x00000034   Code   RO         3427    i.USBD_StdItfReq    usbd_ctlreq.o
    0x08004c34   0x08004c34   0x00000002   Code   RO          268    i.USBD_static_free  usbd_conf.o
    0x08004c36   0x08004c36   0x00000002   PAD
    0x08004c38   0x08004c38   0x00000008   Code   RO          269    i.USBD_static_malloc  usbd_conf.o
    0x08004c40   0x08004c40   0x0000025c   Code   RO         1011    i.USB_ActivateEndpoint  stm32f1xx_ll_usb.o
    0x08004e9c   0x08004e9c   0x00000004   Code   RO         1014    i.USB_CoreInit      stm32f1xx_ll_usb.o
    0x08004ea0   0x08004ea0   0x00000124   Code   RO         1016    i.USB_DeactivateEndpoint  stm32f1xx_ll_usb.o
    0x08004fc4   0x08004fc4   0x00000004   Code   RO         1017    i.USB_DevConnect    stm32f1xx_ll_usb.o
    0x08004fc8   0x08004fc8   0x00000004   Code   RO         1018    i.USB_DevDisconnect  stm32f1xx_ll_usb.o
    0x08004fcc   0x08004fcc   0x0000001e   Code   RO         1019    i.USB_DevInit       stm32f1xx_ll_usb.o
    0x08004fea   0x08004fea   0x0000000e   Code   RO         1020    i.USB_DisableGlobalInt  stm32f1xx_ll_usb.o
    0x08004ff8   0x08004ff8   0x00000004   Code   RO         1021    i.USB_EP0_OutStart  stm32f1xx_ll_usb.o
    0x08004ffc   0x08004ffc   0x0000006a   Code   RO         1022    i.USB_EPClearStall  stm32f1xx_ll_usb.o
    0x08005066   0x08005066   0x0000004a   Code   RO         1023    i.USB_EPSetStall    stm32f1xx_ll_usb.o
    0x080050b0   0x080050b0   0x000001aa   Code   RO         1024    i.USB_EPStartXfer   stm32f1xx_ll_usb.o
    0x0800525a   0x0800525a   0x0000000e   Code   RO         1025    i.USB_EnableGlobalInt  stm32f1xx_ll_usb.o
    0x08005268   0x08005268   0x0000000c   Code   RO          584    i.USB_LP_CAN1_RX0_IRQHandler  stm32f1xx_it.o
    0x08005274   0x08005274   0x00000006   Code   RO         1032    i.USB_ReadInterrupts  stm32f1xx_ll_usb.o
    0x0800527a   0x0800527a   0x00000002   PAD
    0x0800527c   0x0800527c   0x0000001e   Code   RO         1033    i.USB_ReadPMA       stm32f1xx_ll_usb.o
    0x0800529a   0x0800529a   0x00000004   Code   RO         1035    i.USB_SetCurrentMode  stm32f1xx_ll_usb.o
    0x0800529e   0x0800529e   0x0000000c   Code   RO         1036    i.USB_SetDevAddress  stm32f1xx_ll_usb.o
    0x080052aa   0x080052aa   0x00000026   Code   RO         1038    i.USB_WritePMA      stm32f1xx_ll_usb.o
    0x080052d0   0x080052d0   0x00000002   Code   RO          585    i.UsageFault_Handler  stm32f1xx_it.o
    0x080052d2   0x080052d2   0x00000002   PAD
    0x080052d4   0x080052d4   0x00000028   Code   RO         3894    i.__0sprintf        mc_w.l(printfa.o)
    0x080052fc   0x080052fc   0x0000000e   Code   RO         3968    i.__scatterload_copy  mc_w.l(handlers.o)
    0x0800530a   0x0800530a   0x00000002   Code   RO         3969    i.__scatterload_null  mc_w.l(handlers.o)
    0x0800530c   0x0800530c   0x0000000e   Code   RO         3970    i.__scatterload_zeroinit  mc_w.l(handlers.o)
    0x0800531a   0x0800531a   0x00000002   PAD
    0x0800531c   0x0800531c   0x00000184   Code   RO         3899    i._fp_digits        mc_w.l(printfa.o)
    0x080054a0   0x080054a0   0x000006dc   Code   RO         3900    i._printf_core      mc_w.l(printfa.o)
    0x08005b7c   0x08005b7c   0x00000024   Code   RO         3901    i._printf_post_padding  mc_w.l(printfa.o)
    0x08005ba0   0x08005ba0   0x0000002e   Code   RO         3902    i._printf_pre_padding  mc_w.l(printfa.o)
    0x08005bce   0x08005bce   0x0000000a   Code   RO         3904    i._sputc            mc_w.l(printfa.o)
    0x08005bd8   0x08005bd8   0x00000002   Code   RO           19    i.assert_failed     main.o
    0x08005bda   0x08005bda   0x00000002   PAD
    0x08005bdc   0x08005bdc   0x000000cc   Code   RO           20    i.main              main.o
    0x08005ca8   0x08005ca8   0x00000010   Data   RO         3246    .constdata          system_stm32f1xx.o
    0x08005cb8   0x08005cb8   0x00000020   Data   RO         3966    Region$$Table       anon$$obj.o


    Execution Region RW_IRAM1 (Exec base: 0x20000000, Load base: 0x08005cd8, Size: 0x00001198, Max: 0x0000c000, ABSOLUTE, COMPRESSED[0x000000d4])

    Exec Addr    Load Addr    Size         Type   Attr      Idx    E Section Name        Object

    0x20000000   COMPRESSED   0x00000011   Data   RW           23    .data               main.o
    0x20000011   COMPRESSED   0x00000003   PAD
    0x20000014   COMPRESSED   0x0000001c   Data   RW          459    .data               usbd_desc.o
    0x20000030   COMPRESSED   0x00000032   Data   RW          460    .data               usbd_desc.o
    0x20000062   COMPRESSED   0x00000002   PAD
    0x20000064   COMPRESSED   0x00000010   Data   RW          529    .data               usbd_cdc_if.o
    0x20000074   COMPRESSED   0x0000000c   Data   RW         2366    .data               stm32f1xx_hal.o
    0x20000080   COMPRESSED   0x00000004   Data   RW         3248    .data               system_stm32f1xx.o
    0x20000084   COMPRESSED   0x00000001   Data   RW         3428    .data               usbd_ctlreq.o
    0x20000085   COMPRESSED   0x00000003   PAD
    0x20000088   COMPRESSED   0x000000db   Data   RW         3560    .data               usbd_cdc.o
    0x20000163   COMPRESSED   0x00000001   PAD
    0x20000164   COMPRESSED   0x00000038   Data   RW         3561    .data               usbd_cdc.o
    0x2000019c        -       0x000000b0   Zero   RW           21    .bss                main.o
    0x2000024c        -       0x00000044   Zero   RW           22    .bss                main.o
    0x20000290        -       0x00000224   Zero   RW          191    .bss                usb_device.o
    0x200004b4        -       0x00000680   Zero   RW          270    .bss                usbd_conf.o
    0x20000b34        -       0x00000200   Zero   RW          458    .bss                usbd_desc.o
    0x20000d34        -       0x00000064   Zero   RW          528    .bss                usbd_cdc_if.o
    0x20000d98        -       0x00000400   Zero   RW            1    STACK               startup_stm32f103xe.o


==============================================================================

Image component sizes


      Code (inc. data)   RO Data    RW Data    ZI Data      Debug   Object Name

       762         80          0         17        244     503817   main.o
        36          8        304          0       1024        840   startup_stm32f103xe.o
       164         28          0         12          0       6805   stm32f1xx_hal.o
      1776        246          0          0          0       9158   stm32f1xx_hal_adc.o
       456        196          0          0          0      26139   stm32f1xx_hal_cortex.o
      1262        152          0          0          0       4003   stm32f1xx_hal_dma.o
       860        132          0          0          0       2484   stm32f1xx_hal_gpio.o
       360         60          0          0          0       3587   stm32f1xx_hal_msp.o
      1886         60          0          0          0      10513   stm32f1xx_hal_pcd.o
        52          0          0          0          0       1246   stm32f1xx_hal_pcd_ex.o
      1882        184          0          0          0       4374   stm32f1xx_hal_rcc.o
       412         72          0          0          0       1500   stm32f1xx_hal_rcc_ex.o
      3846        852          0          0          0      13773   stm32f1xx_hal_tim.o
       628        160          0          0          0       2288   stm32f1xx_hal_tim_ex.o
        44         12          0          0          0       5074   stm32f1xx_it.o
      1666          0          0          0          0      13295   stm32f1xx_ll_usb.o
        72         16         16          4          0       1271   system_stm32f1xx.o
        84         18          0          0        548       2551   usb_device.o
       590         22          0        275          0      13318   usbd_cdc.o
       112         20          0         16        100       3416   usbd_cdc_if.o
       544         30          0          0       1664      14361   usbd_conf.o
       592          0          0          0          0       9672   usbd_core.o
       986         30          0          1          0       8072   usbd_ctlreq.o
       288        104          0         78        512       6025   usbd_desc.o
       132          0          0          0          0       4584   usbd_ioreq.o

    ----------------------------------------------------------------------
     19516       2482        352        412       4092     672166   Object Totals
         0          0         32          0          0          0   (incl. Generated)
        24          0          0          9          0          0   (incl. Padding)

    ----------------------------------------------------------------------

      Code (inc. data)   RO Data    RW Data    ZI Data      Debug   Library Member Name

        86          0          0          0          0          0   __dczerorl2.o
         0          0          0          0          0          0   entry.o
         0          0          0          0          0          0   entry10a.o
         0          0          0          0          0          0   entry11a.o
         8          4          0          0          0          0   entry2.o
         4          0          0          0          0          0   entry5.o
         0          0          0          0          0          0   entry7b.o
         0          0          0          0          0          0   entry8b.o
         8          4          0          0          0          0   entry9a.o
        30          0          0          0          0          0   handlers.o
        36          8          0          0          0         68   init.o
         0          0          0          0          0          0   iusefp.o
        30          0          0          0          0         68   llshl.o
        36          0          0          0          0         68   llsshr.o
        32          0          0          0          0         68   llushr.o
        36          0          0          0          0         68   memcpya.o
        36          0          0          0          0        108   memseta.o
      2276         86          0          0          0        520   printfa.o
        44          0          0          0          0         80   uidiv.o
        98          0          0          0          0         92   uldiv.o
        48          0          0          0          0         68   cdrcmple.o
       334          0          0          0          0        148   dadd.o
       222          0          0          0          0        100   ddiv.o
       186          0          0          0          0        176   depilogue.o
        48          0          0          0          0         68   dfixul.o
        26          0          0          0          0         76   dfltui.o
       228          0          0          0          0         96   dmul.o
        46          0          0          0          0         80   dscalb.o

    ----------------------------------------------------------------------
      3900        102          0          0          0       1952   Library Totals
         2          0          0          0          0          0   (incl. Padding)

    ----------------------------------------------------------------------

      Code (inc. data)   RO Data    RW Data    ZI Data      Debug   Library Name

      2760        102          0          0          0       1140   mc_w.l
      1138          0          0          0          0        812   mf_w.l

    ----------------------------------------------------------------------
      3900        102          0          0          0       1952   Library Totals

    ----------------------------------------------------------------------

==============================================================================


      Code (inc. data)   RO Data    RW Data    ZI Data      Debug   

     23416       2584        352        412       4092     664106   Grand Totals
     23416       2584        352        212       4092     664106   ELF Image Totals (compressed)
     23416       2584        352        212          0          0   ROM Totals

==============================================================================

    Total RO  Size (Code + RO Data)                23768 (  23.21kB)
    Total RW  Size (RW Data + ZI Data)              4504 (   4.40kB)
    Total ROM Size (Code + RO Data + RW Data)      23980 (  23.42kB)

==============================================================================

